[shift_gate] cicids2017_panelA_s73 hedl: 180 rows
[shift_gate] cicids2017_panelA_s73 closr: 360 rows
{
  "q": 0.1,
  "conditions": 360,
  "guarantee_broken_conditions": 180,
  "detection_rate_where_broken": 0.37222222222222223,
  "fire_rate_where_intact": 0.5866666666666667,
  "false_refusal_on_exchangeable": 0.26666666666666666,
  "gate_passes": false,
  "by_magnitude": {
    "0.0": {
      "conditions": 60,
      "gate_fire_rate": 0.13333333333333333,
      "guarantee_broken_rate": 0.5,
      "ungated_fdp": 0.05846835401781671,
      "ungated_false_alarms_per_1000": 0.04666666666666666,
      "gated_false_alarms_per_1000": 0.32
    },
    "0.1": {
      "conditions": 60,
      "gate_fire_rate": 0.35,
      "guarantee_broken_rate": 0.5,
      "ungated_fdp": 0.05896780809724264,
      "ungated_false_alarms_per_1000": 0.043333333333333335,
      "gated_false_alarms_per_1000": 0.5170833333333333
    },
    "0.25": {
      "conditions": 60,
      "gate_fire_rate": 0.35,
      "guarantee_broken_rate": 0.5,
      "ungated_fdp": 0.12506726151210368,
      "ungated_false_alarms_per_1000": 0.047499999999999994,
      "gated_false_alarms_per_1000": 0.525
    },
    "0.5": {
      "conditions": 60,
      "gate_fire_rate": 0.4666666666666667,
      "guarantee_broken_rate": 0.5,
      "ungated_fdp": 0.22520461330038438,
      "ungated_false_alarms_per_1000": 0.10041666666666667,
      "gated_false_alarms_per_1000": 0.8020833333333333
    },
    "0.75": {
      "conditions": 60,
      "gate_fire_rate": 0.65,
      "guarantee_broken_rate": 0.5,
      "ungated_fdp": 0.2288769388129174,
      "ungated_false_alarms_per_1000": 0.21833333333333335,
      "gated_false_alarms_per_1000": 1.1437500000000003
    },
    "1.0": {
      "conditions": 60,
      "gate_fire_rate": 0.7666666666666667,
      "guarantee_broken_rate": 0.5,
      "ungated_fdp": 0.22671167025109498,
      "ungated_false_alarms_per_1000": 0.3420833333333333,
      "gated_false_alarms_per_1000": 1.2391666666666667
    }
  }
}
