[shift_gate] cicids2017_panelA_s13 hedl: 180 rows
[shift_gate] cicids2017_panelA_s13 closr: 360 rows
{
  "q": 0.1,
  "conditions": 360,
  "guarantee_broken_conditions": 70,
  "detection_rate_where_broken": 1.0,
  "fire_rate_where_intact": 0.5565217391304348,
  "false_refusal_on_exchangeable": 0.05,
  "gate_passes": true,
  "by_magnitude": {
    "0.0": {
      "conditions": 60,
      "gate_fire_rate": 0.05,
      "guarantee_broken_rate": 0.0,
      "ungated_fdp": 0.04168259901422046,
      "ungated_false_alarms_per_1000": 0.25333333333333335,
      "gated_false_alarms_per_1000": 0.1275
    },
    "0.1": {
      "conditions": 60,
      "gate_fire_rate": 0.38333333333333336,
      "guarantee_broken_rate": 0.0,
      "ungated_fdp": 0.0408971417190845,
      "ungated_false_alarms_per_1000": 0.2604166666666667,
      "gated_false_alarms_per_1000": 0.5845833333333333
    },
    "0.25": {
      "conditions": 60,
      "gate_fire_rate": 0.5,
      "guarantee_broken_rate": 0.16666666666666666,
      "ungated_fdp": 0.05812647963751882,
      "ungated_false_alarms_per_1000": 0.26875,
      "gated_false_alarms_per_1000": 0.8775
    },
    "0.5": {
      "conditions": 60,
      "gate_fire_rate": 0.7,
      "guarantee_broken_rate": 0.3333333333333333,
      "ungated_fdp": 0.21062001384961024,
      "ungated_false_alarms_per_1000": 0.43208333333333326,
      "gated_false_alarms_per_1000": 1.0304166666666665
    },
    "0.75": {
      "conditions": 60,
      "gate_fire_rate": 0.8166666666666667,
      "guarantee_broken_rate": 0.3333333333333333,
      "ungated_fdp": 0.2092393907851528,
      "ungated_false_alarms_per_1000": 0.6591666666666668,
      "gated_false_alarms_per_1000": 1.3229166666666663
    },
    "1.0": {
      "conditions": 60,
      "gate_fire_rate": 0.9,
      "guarantee_broken_rate": 0.3333333333333333,
      "ungated_fdp": 0.20914556363539577,
      "ungated_false_alarms_per_1000": 0.96875,
      "gated_false_alarms_per_1000": 1.3820833333333333
    }
  }
}
