[shift_gate] cicids2017_panelA_s101 hedl: 180 rows
[shift_gate] cicids2017_panelA_s101 closr: 360 rows
{
  "q": 0.1,
  "conditions": 360,
  "guarantee_broken_conditions": 170,
  "detection_rate_where_broken": 0.6470588235294118,
  "fire_rate_where_intact": 0.5941176470588235,
  "false_refusal_on_exchangeable": 0.1,
  "gate_passes": false,
  "by_magnitude": {
    "0.0": {
      "conditions": 60,
      "gate_fire_rate": 0.13333333333333333,
      "guarantee_broken_rate": 0.6666666666666666,
      "ungated_fdp": 0.15292317214353304,
      "ungated_false_alarms_per_1000": 0.20458333333333334,
      "gated_false_alarms_per_1000": 0.24416666666666667
    },
    "0.1": {
      "conditions": 60,
      "gate_fire_rate": 0.4,
      "guarantee_broken_rate": 0.6666666666666666,
      "ungated_fdp": 0.2164605826391562,
      "ungated_false_alarms_per_1000": 0.19875,
      "gated_false_alarms_per_1000": 0.5833333333333334
    },
    "0.25": {
      "conditions": 60,
      "gate_fire_rate": 0.5833333333333334,
      "guarantee_broken_rate": 0.5,
      "ungated_fdp": 0.2629763768890836,
      "ungated_false_alarms_per_1000": 0.23666666666666666,
      "gated_false_alarms_per_1000": 0.6491666666666667
    },
    "0.5": {
      "conditions": 60,
      "gate_fire_rate": 0.7666666666666667,
      "guarantee_broken_rate": 0.3333333333333333,
      "ungated_fdp": 0.21704053159475428,
      "ungated_false_alarms_per_1000": 0.36500000000000005,
      "gated_false_alarms_per_1000": 0.8333333333333335
    },
    "0.75": {
      "conditions": 60,
      "gate_fire_rate": 0.8333333333333334,
      "guarantee_broken_rate": 0.3333333333333333,
      "ungated_fdp": 0.21028807269985036,
      "ungated_false_alarms_per_1000": 0.4454166666666667,
      "gated_false_alarms_per_1000": 0.9770833333333333
    },
    "1.0": {
      "conditions": 60,
      "gate_fire_rate": 0.8333333333333334,
      "guarantee_broken_rate": 0.3333333333333333,
      "ungated_fdp": 0.20673405703388784,
      "ungated_false_alarms_per_1000": 0.5958333333333333,
      "gated_false_alarms_per_1000": 0.9695833333333334
    }
  }
}
