[shift_gate] cse2018_panelA_s13 hedl: 180 rows
[shift_gate] cse2018_panelA_s13 closr: 360 rows
{
  "q": 0.1,
  "conditions": 360,
  "guarantee_broken_conditions": 200,
  "detection_rate_where_broken": 0.93,
  "fire_rate_where_intact": 0.5272727272727272,
  "false_refusal_on_exchangeable": 0.02,
  "gate_passes": true,
  "by_magnitude": {
    "0.0": {
      "conditions": 60,
      "gate_fire_rate": 0.016666666666666666,
      "guarantee_broken_rate": 0.16666666666666666,
      "ungated_fdp": 0.05634334723347829,
      "ungated_false_alarms_per_1000": 0.29749999999999993,
      "gated_false_alarms_per_1000": 0.06291666666666668
    },
    "0.1": {
      "conditions": 60,
      "gate_fire_rate": 0.7333333333333333,
      "guarantee_broken_rate": 0.5,
      "ungated_fdp": 0.1313613659711003,
      "ungated_false_alarms_per_1000": 0.3708333333333333,
      "gated_false_alarms_per_1000": 0.3454166666666667
    },
    "0.25": {
      "conditions": 60,
      "gate_fire_rate": 0.8333333333333334,
      "guarantee_broken_rate": 0.6666666666666666,
      "ungated_fdp": 0.15150999965221276,
      "ungated_false_alarms_per_1000": 0.4195833333333333,
      "gated_false_alarms_per_1000": 0.4075
    },
    "0.5": {
      "conditions": 60,
      "gate_fire_rate": 0.8333333333333334,
      "guarantee_broken_rate": 0.6666666666666666,
      "ungated_fdp": 0.17481743489748283,
      "ungated_false_alarms_per_1000": 0.5833333333333334,
      "gated_false_alarms_per_1000": 0.45041666666666663
    },
    "0.75": {
      "conditions": 60,
      "gate_fire_rate": 0.8333333333333334,
      "guarantee_broken_rate": 0.6666666666666666,
      "ungated_fdp": 0.2398149318247532,
      "ungated_false_alarms_per_1000": 0.7649999999999999,
      "gated_false_alarms_per_1000": 0.50125
    },
    "1.0": {
      "conditions": 60,
      "gate_fire_rate": 0.8333333333333334,
      "guarantee_broken_rate": 0.6666666666666666,
      "ungated_fdp": 0.2429528917009013,
      "ungated_false_alarms_per_1000": 1.2533333333333334,
      "gated_false_alarms_per_1000": 0.4979166666666667
    }
  }
}
