[shift_gate] toniot_panelA_s73 hedl: 180 rows
[shift_gate] toniot_panelA_s73 closr: 360 rows
{
  "q": 0.1,
  "conditions": 360,
  "guarantee_broken_conditions": 50,
  "detection_rate_where_broken": 1.0,
  "fire_rate_where_intact": 0.808,
  "false_refusal_on_exchangeable": 0.05,
  "gate_passes": true,
  "by_magnitude": {
    "0.0": {
      "conditions": 60,
      "gate_fire_rate": 0.05,
      "guarantee_broken_rate": 0.0,
      "ungated_fdp": 0.0,
      "ungated_false_alarms_per_1000": 0.0,
      "gated_false_alarms_per_1000": 0.09583333333333334
    },
    "0.1": {
      "conditions": 60,
      "gate_fire_rate": 0.3333333333333333,
      "guarantee_broken_rate": 0.16666666666666666,
      "ungated_fdp": 0.05,
      "ungated_false_alarms_per_1000": 0.004583333333333333,
      "gated_false_alarms_per_1000": 0.7508333333333336
    },
    "0.25": {
      "conditions": 60,
      "gate_fire_rate": 0.8666666666666667,
      "guarantee_broken_rate": 0.16666666666666666,
      "ungated_fdp": 0.09583333333333334,
      "ungated_false_alarms_per_1000": 0.012083333333333335,
      "gated_false_alarms_per_1000": 1.81875
    },
    "0.5": {
      "conditions": 60,
      "gate_fire_rate": 1.0,
      "guarantee_broken_rate": 0.16666666666666666,
      "ungated_fdp": 0.13205128205128205,
      "ungated_false_alarms_per_1000": 0.028333333333333332,
      "gated_false_alarms_per_1000": 2.0870833333333336
    },
    "0.75": {
      "conditions": 60,
      "gate_fire_rate": 1.0,
      "guarantee_broken_rate": 0.16666666666666666,
      "ungated_fdp": 0.16538461538461538,
      "ungated_false_alarms_per_1000": 0.07125000000000001,
      "gated_false_alarms_per_1000": 2.1183333333333336
    },
    "1.0": {
      "conditions": 60,
      "gate_fire_rate": 1.0,
      "guarantee_broken_rate": 0.16666666666666666,
      "ungated_fdp": 0.18266666666666667,
      "ungated_false_alarms_per_1000": 0.09458333333333334,
      "gated_false_alarms_per_1000": 2.1145833333333335
    }
  }
}
