[shift_gate] toniot_panelA_s101 hedl: 180 rows
[shift_gate] toniot_panelA_s101 closr: 360 rows
{
  "q": 0.1,
  "conditions": 360,
  "guarantee_broken_conditions": 20,
  "detection_rate_where_broken": 0.5,
  "fire_rate_where_intact": 0.8068965517241379,
  "false_refusal_on_exchangeable": 0.14,
  "gate_passes": false,
  "by_magnitude": {
    "0.0": {
      "conditions": 60,
      "gate_fire_rate": 0.11666666666666667,
      "guarantee_broken_rate": 0.16666666666666666,
      "ungated_fdp": 0.041666666666666664,
      "ungated_false_alarms_per_1000": 0.004166666666666667,
      "gated_false_alarms_per_1000": 0.24624999999999997
    },
    "0.1": {
      "conditions": 60,
      "gate_fire_rate": 0.5,
      "guarantee_broken_rate": 0.0,
      "ungated_fdp": 0.029166666666666667,
      "ungated_false_alarms_per_1000": 0.0029166666666666664,
      "gated_false_alarms_per_1000": 1.1016666666666666
    },
    "0.25": {
      "conditions": 60,
      "gate_fire_rate": 0.8,
      "guarantee_broken_rate": 0.0,
      "ungated_fdp": 0.008333333333333333,
      "ungated_false_alarms_per_1000": 0.0008333333333333334,
      "gated_false_alarms_per_1000": 1.80125
    },
    "0.5": {
      "conditions": 60,
      "gate_fire_rate": 0.9,
      "guarantee_broken_rate": 0.0,
      "ungated_fdp": 0.008333333333333333,
      "ungated_false_alarms_per_1000": 0.0008333333333333334,
      "gated_false_alarms_per_1000": 2.0508333333333333
    },
    "0.75": {
      "conditions": 60,
      "gate_fire_rate": 0.8833333333333333,
      "guarantee_broken_rate": 0.0,
      "ungated_fdp": 0.016666666666666666,
      "ungated_false_alarms_per_1000": 0.0016666666666666668,
      "gated_false_alarms_per_1000": 2.0358333333333336
    },
    "1.0": {
      "conditions": 60,
      "gate_fire_rate": 0.9833333333333333,
      "guarantee_broken_rate": 0.16666666666666666,
      "ungated_fdp": 0.03333333333333333,
      "ungated_false_alarms_per_1000": 0.0033333333333333335,
      "gated_false_alarms_per_1000": 2.284166666666666
    }
  }
}
