[shift_gate] ciciomt2024_panelA_s37 hedl: 180 rows
[shift_gate] ciciomt2024_panelA_s37 closr: 360 rows
{
  "q": 0.1,
  "conditions": 360,
  "guarantee_broken_conditions": 190,
  "detection_rate_where_broken": 1.0,
  "fire_rate_where_intact": 1.0,
  "false_refusal_on_exchangeable": 0.9833333333333333,
  "gate_passes": false,
  "by_magnitude": {
    "0.0": {
      "conditions": 60,
      "gate_fire_rate": 0.9833333333333333,
      "guarantee_broken_rate": 0.8333333333333334,
      "ungated_fdp": 0.42892512077294687,
      "ungated_false_alarms_per_1000": 0.13125,
      "gated_false_alarms_per_1000": 2.4229166666666666
    },
    "0.1": {
      "conditions": 60,
      "gate_fire_rate": 1.0,
      "guarantee_broken_rate": 0.8333333333333334,
      "ungated_fdp": 0.4949341506212457,
      "ungated_false_alarms_per_1000": 12.5125,
      "gated_false_alarms_per_1000": 2.4741666666666666
    },
    "0.25": {
      "conditions": 60,
      "gate_fire_rate": 1.0,
      "guarantee_broken_rate": 0.6666666666666666,
      "ungated_fdp": 0.43851151419511997,
      "ungated_false_alarms_per_1000": 49.815000000000005,
      "gated_false_alarms_per_1000": 2.4775
    },
    "0.5": {
      "conditions": 60,
      "gate_fire_rate": 1.0,
      "guarantee_broken_rate": 0.5,
      "ungated_fdp": 0.4750245917443731,
      "ungated_false_alarms_per_1000": 86.54958333333333,
      "gated_false_alarms_per_1000": 2.4866666666666664
    },
    "0.75": {
      "conditions": 60,
      "gate_fire_rate": 1.0,
      "guarantee_broken_rate": 0.5,
      "ungated_fdp": 0.40367940047796314,
      "ungated_false_alarms_per_1000": 120.74875,
      "gated_false_alarms_per_1000": 2.4854166666666666
    },
    "1.0": {
      "conditions": 60,
      "gate_fire_rate": 1.0,
      "guarantee_broken_rate": 0.6666666666666666,
      "ungated_fdp": 0.5596594448520769,
      "ungated_false_alarms_per_1000": 243.28875000000002,
      "gated_false_alarms_per_1000": 2.484166666666667
    }
  }
}
