[shift_gate] cicids2017_panelA_s137 hedl: 180 rows
[shift_gate] cicids2017_panelA_s137 closr: 360 rows
{
  "q": 0.1,
  "conditions": 360,
  "guarantee_broken_conditions": 0,
  "detection_rate_where_broken": NaN,
  "fire_rate_where_intact": 0.55,
  "false_refusal_on_exchangeable": 0.13333333333333333,
  "gate_passes": false,
  "by_magnitude": {
    "0.0": {
      "conditions": 60,
      "gate_fire_rate": 0.13333333333333333,
      "guarantee_broken_rate": 0.0,
      "ungated_fdp": 0.0,
      "ungated_false_alarms_per_1000": 0.0,
      "gated_false_alarms_per_1000": 0.28041666666666665
    },
    "0.1": {
      "conditions": 60,
      "gate_fire_rate": 0.35,
      "guarantee_broken_rate": 0.0,
      "ungated_fdp": 0.0,
      "ungated_false_alarms_per_1000": 0.0,
      "gated_false_alarms_per_1000": 0.4983333333333333
    },
    "0.25": {
      "conditions": 60,
      "gate_fire_rate": 0.3333333333333333,
      "guarantee_broken_rate": 0.0,
      "ungated_fdp": 0.0,
      "ungated_false_alarms_per_1000": 0.0,
      "gated_false_alarms_per_1000": 0.4620833333333333
    },
    "0.5": {
      "conditions": 60,
      "gate_fire_rate": 0.4666666666666667,
      "guarantee_broken_rate": 0.0,
      "ungated_fdp": 0.0,
      "ungated_false_alarms_per_1000": 0.0,
      "gated_false_alarms_per_1000": 0.6304166666666667
    },
    "0.75": {
      "conditions": 60,
      "gate_fire_rate": 0.7666666666666667,
      "guarantee_broken_rate": 0.0,
      "ungated_fdp": 0.0,
      "ungated_false_alarms_per_1000": 0.0,
      "gated_false_alarms_per_1000": 1.21375
    },
    "1.0": {
      "conditions": 60,
      "gate_fire_rate": 0.8333333333333334,
      "guarantee_broken_rate": 0.0,
      "ungated_fdp": 0.0,
      "ungated_false_alarms_per_1000": 0.0,
      "gated_false_alarms_per_1000": 1.3333333333333333
    }
  }
}
