[shift_gate] ciciomt2024_panelA_s13 hedl: 180 rows
[shift_gate] ciciomt2024_panelA_s13 closr: 360 rows
{
  "q": 0.1,
  "conditions": 360,
  "guarantee_broken_conditions": 180,
  "detection_rate_where_broken": 1.0,
  "fire_rate_where_intact": 1.0,
  "false_refusal_on_exchangeable": 1.0,
  "gate_passes": false,
  "by_magnitude": {
    "0.0": {
      "conditions": 60,
      "gate_fire_rate": 1.0,
      "guarantee_broken_rate": 0.3333333333333333,
      "ungated_fdp": 0.15,
      "ungated_false_alarms_per_1000": 0.007916666666666666,
      "gated_false_alarms_per_1000": 2.494166666666666
    },
    "0.1": {
      "conditions": 60,
      "gate_fire_rate": 1.0,
      "guarantee_broken_rate": 0.3333333333333333,
      "ungated_fdp": 0.2827403676884135,
      "ungated_false_alarms_per_1000": 12.87375,
      "gated_false_alarms_per_1000": 2.4941666666666666
    },
    "0.25": {
      "conditions": 60,
      "gate_fire_rate": 1.0,
      "guarantee_broken_rate": 0.6666666666666666,
      "ungated_fdp": 0.5113009062926374,
      "ungated_false_alarms_per_1000": 50.90208333333333,
      "gated_false_alarms_per_1000": 2.4949999999999997
    },
    "0.5": {
      "conditions": 60,
      "gate_fire_rate": 1.0,
      "guarantee_broken_rate": 0.6666666666666666,
      "ungated_fdp": 0.5469316334543058,
      "ungated_false_alarms_per_1000": 86.92583333333333,
      "gated_false_alarms_per_1000": 2.4933333333333336
    },
    "0.75": {
      "conditions": 60,
      "gate_fire_rate": 1.0,
      "guarantee_broken_rate": 0.6666666666666666,
      "ungated_fdp": 0.597368498667309,
      "ungated_false_alarms_per_1000": 120.8933333333333,
      "gated_false_alarms_per_1000": 2.4895833333333335
    },
    "1.0": {
      "conditions": 60,
      "gate_fire_rate": 1.0,
      "guarantee_broken_rate": 0.6666666666666666,
      "ungated_fdp": 0.6645732298097358,
      "ungated_false_alarms_per_1000": 249.93375000000003,
      "gated_false_alarms_per_1000": 2.492083333333333
    }
  }
}
