[shift_gate] cse2018_panelA_s137 hedl: 180 rows
[shift_gate] cse2018_panelA_s137 closr: 360 rows
{
  "q": 0.1,
  "conditions": 360,
  "guarantee_broken_conditions": 130,
  "detection_rate_where_broken": 1.0,
  "fire_rate_where_intact": 0.9647058823529412,
  "false_refusal_on_exchangeable": 0.08333333333333333,
  "gate_passes": true,
  "by_magnitude": {
    "0.0": {
      "conditions": 60,
      "gate_fire_rate": 0.08333333333333333,
      "guarantee_broken_rate": 0.0,
      "ungated_fdp": 0.0450173647358965,
      "ungated_false_alarms_per_1000": 0.41375000000000006,
      "gated_false_alarms_per_1000": 0.325
    },
    "0.1": {
      "conditions": 60,
      "gate_fire_rate": 0.9,
      "guarantee_broken_rate": 0.0,
      "ungated_fdp": 0.060885092651829474,
      "ungated_false_alarms_per_1000": 0.4495833333333333,
      "gated_false_alarms_per_1000": 0.32749999999999996
    },
    "0.25": {
      "conditions": 60,
      "gate_fire_rate": 1.0,
      "guarantee_broken_rate": 0.3333333333333333,
      "ungated_fdp": 0.06483952334320155,
      "ungated_false_alarms_per_1000": 0.5070833333333334,
      "gated_false_alarms_per_1000": 0.3983333333333334
    },
    "0.5": {
      "conditions": 60,
      "gate_fire_rate": 1.0,
      "guarantee_broken_rate": 0.5,
      "ungated_fdp": 0.10681105282526948,
      "ungated_false_alarms_per_1000": 0.7245833333333334,
      "gated_false_alarms_per_1000": 0.40208333333333335
    },
    "0.75": {
      "conditions": 60,
      "gate_fire_rate": 1.0,
      "guarantee_broken_rate": 0.5,
      "ungated_fdp": 0.13009398669386144,
      "ungated_false_alarms_per_1000": 0.8791666666666665,
      "gated_false_alarms_per_1000": 0.4675
    },
    "1.0": {
      "conditions": 60,
      "gate_fire_rate": 1.0,
      "guarantee_broken_rate": 0.8333333333333334,
      "ungated_fdp": 0.25302937975586226,
      "ungated_false_alarms_per_1000": 1.2458333333333336,
      "gated_false_alarms_per_1000": 0.47000000000000003
    }
  }
}
