[shift_gate] toniot_panelA_s137 hedl: 180 rows
[shift_gate] toniot_panelA_s137 closr: 360 rows
{
  "q": 0.1,
  "conditions": 360,
  "guarantee_broken_conditions": 20,
  "detection_rate_where_broken": 1.0,
  "fire_rate_where_intact": 0.8214285714285714,
  "false_refusal_on_exchangeable": 0.06666666666666667,
  "gate_passes": true,
  "by_magnitude": {
    "0.0": {
      "conditions": 60,
      "gate_fire_rate": 0.06666666666666667,
      "guarantee_broken_rate": 0.0,
      "ungated_fdp": 0.016666666666666666,
      "ungated_false_alarms_per_1000": 0.00125,
      "gated_false_alarms_per_1000": 0.12166666666666667
    },
    "0.1": {
      "conditions": 60,
      "gate_fire_rate": 0.43333333333333335,
      "guarantee_broken_rate": 0.0,
      "ungated_fdp": 0.0,
      "ungated_false_alarms_per_1000": 0.0,
      "gated_false_alarms_per_1000": 0.8695833333333333
    },
    "0.25": {
      "conditions": 60,
      "gate_fire_rate": 0.7666666666666667,
      "guarantee_broken_rate": 0.0,
      "ungated_fdp": 0.016666666666666666,
      "ungated_false_alarms_per_1000": 0.00125,
      "gated_false_alarms_per_1000": 1.58125
    },
    "0.5": {
      "conditions": 60,
      "gate_fire_rate": 0.9666666666666667,
      "guarantee_broken_rate": 0.0,
      "ungated_fdp": 0.016666666666666666,
      "ungated_false_alarms_per_1000": 0.0016666666666666668,
      "gated_false_alarms_per_1000": 1.9945833333333334
    },
    "0.75": {
      "conditions": 60,
      "gate_fire_rate": 1.0,
      "guarantee_broken_rate": 0.16666666666666666,
      "ungated_fdp": 0.08333333333333333,
      "ungated_false_alarms_per_1000": 0.00625,
      "gated_false_alarms_per_1000": 2.0812500000000003
    },
    "1.0": {
      "conditions": 60,
      "gate_fire_rate": 1.0,
      "guarantee_broken_rate": 0.16666666666666666,
      "ungated_fdp": 0.06666666666666667,
      "ungated_false_alarms_per_1000": 0.00625,
      "gated_false_alarms_per_1000": 2.145416666666667
    }
  }
}
