{
  "dataset": "ciciomt2024",
  "elapsed_seconds": 74.06423379999615,
  "methods": {
    "hedl": {
      "aupr_out": 0.9957789588381128,
      "far": 0.015088146540314469,
      "fpr95": 0.00015882259516120494,
      "frr": 0.0,
      "known_accuracy": 0.8631478638360951,
      "known_macro_f1": 0.8372755525008023,
      "known_weighted_f1": 0.8485510825398556,
      "latency_ms_per_flow": 0.04188088500013691,
      "open_world_macro_f1": 0.8355112538777426,
      "oscr": 0.8631417644385012,
      "parameters": 24564.0,
      "prevalence": {
        "0.001": {
          "aupr_out": 0.8533180778032036,
          "far": 0.015088146540314469,
          "fpr95": 0.0014294033564508444,
          "frr": 0.0,
          "known_accuracy": 0.8631478638360951,
          "known_macro_f1": 0.8372755525008023,
          "known_weighted_f1": 0.8485510825398556,
          "open_world_macro_f1": 0.7950548723034262,
          "oscr": 0.8631283593068648,
          "realized_prevalence": 0.0010048656653268459,
          "requested_prevalence": 0.001,
          "sampled_known": 18889.0,
          "sampled_unknown": 19.0,
          "tpr_at_0_1_fpr": 0.9473684210526315,
          "tpr_at_1_fpr": 1.0,
          "tpr_at_5_fpr": 1.0,
          "unknown_auroc": 0.9998272455982457,
          "unknown_f1": 0.11764705882352941,
          "unknown_precision": 0.0625,
          "unknown_recall": 1.0
        },
        "0.01": {
          "aupr_out": 0.9829455228722365,
          "far": 0.015088146540314469,
          "fpr95": 0.00015882259516120494,
          "frr": 0.0,
          "known_accuracy": 0.8631478638360951,
          "known_macro_f1": 0.8372755525008023,
          "known_weighted_f1": 0.8485510825398556,
          "open_world_macro_f1": 0.8190057451642094,
          "oscr": 0.8631417659354083,
          "realized_prevalence": 0.010010482180293502,
          "requested_prevalence": 0.01,
          "sampled_known": 18889.0,
          "sampled_unknown": 191.0,
          "tpr_at_0_1_fpr": 0.9842931937172775,
          "tpr_at_1_fpr": 1.0,
          "tpr_at_5_fpr": 1.0,
          "unknown_auroc": 0.9998700038444492,
          "unknown_f1": 0.5727136431784108,
          "unknown_precision": 0.4012605042016807,
          "unknown_recall": 1.0
        },
        "0.05": {
          "aupr_out": 0.9954515697321186,
          "far": 0.015088146540314469,
          "fpr95": 0.00015882259516120494,
          "frr": 0.0,
          "known_accuracy": 0.8631478638360951,
          "known_macro_f1": 0.8372755525008023,
          "known_weighted_f1": 0.8485510825398556,
          "open_world_macro_f1": 0.8348952926913698,
          "oscr": 0.8631410465013599,
          "realized_prevalence": 0.049992455866820905,
          "requested_prevalence": 0.05,
          "sampled_known": 18889.0,
          "sampled_unknown": 994.0,
          "tpr_at_0_1_fpr": 0.9859154929577465,
          "tpr_at_1_fpr": 1.0,
          "tpr_at_5_fpr": 1.0,
          "unknown_auroc": 0.9998689260876286,
          "unknown_f1": 0.8746150461944566,
          "unknown_precision": 0.7771696637998436,
          "unknown_recall": 1.0
        },
        "0.1": {
          "aupr_out": 0.9971181026192977,
          "far": 0.014901490149014901,
          "fpr95": 0.00020002000200020003,
          "frr": 0.0,
          "known_accuracy": 0.8618861886188619,
          "known_macro_f1": 0.8371917403664086,
          "known_weighted_f1": 0.8473981283513123,
          "open_world_macro_f1": 0.8383242765917123,
          "oscr": 0.8618780869986188,
          "realized_prevalence": 0.1,
          "requested_prevalence": 0.1,
          "sampled_known": 9999.0,
          "sampled_unknown": 1111.0,
          "tpr_at_0_1_fpr": 0.9873987398739874,
          "tpr_at_1_fpr": 1.0,
          "tpr_at_5_fpr": 1.0,
          "unknown_auroc": 0.9998732546521979,
          "unknown_f1": 0.9371573175875159,
          "unknown_precision": 0.8817460317460317,
          "unknown_recall": 1.0
        },
        "0.25": {
          "aupr_out": 0.9999471640434516,
          "far": 0.014701470147014702,
          "fpr95": 0.0,
          "frr": 0.0,
          "known_accuracy": 0.8628862886288629,
          "known_macro_f1": 0.833997446363615,
          "known_weighted_f1": 0.8481296197463186,
          "open_world_macro_f1": 0.8383107804465214,
          "oscr": 0.862873596090482,
          "realized_prevalence": 0.25,
          "requested_prevalence": 0.25,
          "sampled_known": 3333.0,
          "sampled_unknown": 1111.0,
          "tpr_at_0_1_fpr": 0.9873987398739874,
          "tpr_at_1_fpr": 1.0,
          "tpr_at_5_fpr": 1.0,
          "unknown_auroc": 0.9999824464894733,
          "unknown_f1": 0.9784236019374725,
          "unknown_precision": 0.9577586206896552,
          "unknown_recall": 1.0
        },
        "0.5": {
          "aupr_out": 1.0,
          "far": 0.011701170117011701,
          "fpr95": 0.0,
          "frr": 0.0,
          "known_accuracy": 0.855985598559856,
          "known_macro_f1": 0.8139580995472235,
          "known_weighted_f1": 0.8399695620373636,
          "open_world_macro_f1": 0.8195583624022985,
          "oscr": 0.855985598559856,
          "realized_prevalence": 0.5,
          "requested_prevalence": 0.5,
          "sampled_known": 1111.0,
          "sampled_unknown": 1111.0,
          "tpr_at_0_1_fpr": 1.0,
          "tpr_at_1_fpr": 1.0,
          "tpr_at_5_fpr": 1.0,
          "unknown_auroc": 0.9999999999999999,
          "unknown_f1": 0.9941834451901566,
          "unknown_precision": 0.9884341637010676,
          "unknown_recall": 1.0
        }
      },
      "scorer_density_reference_size": 20000.0,
      "scorer_fusion_weight_knn": 0.9639458885295714,
      "scorer_fusion_weight_md": 1.0192588870524215,
      "scorer_fusion_weight_rmd": 1.016795224418007,
      "scorer_neighbors": 1.0,
      "scorer_proxy_auroc_knn": 0.9463464652790744,
      "scorer_proxy_auroc_md": 0.9719586512621711,
      "scorer_proxy_auroc_rmd": 0.9708178744596594,
      "scorer_proxy_density_auroc": 0.9463464652790744,
      "scorer_proxy_evidential_auroc": 0.9719586512621711,
      "scorer_score_mode": "conformal_fisher_md_rmd_knn",
      "state_floats": 23445.0,
      "throughput_fps": 23877.241371492768,
      "tpr_at_0_1_fpr": 0.9873987398739874,
      "tpr_at_1_fpr": 1.0,
      "tpr_at_5_fpr": 1.0,
      "unknown_auroc": 0.999871102574284,
      "unknown_f1": 0.8863183087355405,
      "unknown_precision": 0.7958452722063037,
      "unknown_recall": 1.0
    }
  },
  "profile": "balanced",
  "protocol": "prevalence",
  "rq": "rq3",
  "scenario": "Z1",
  "scorer_components": [
    "md",
    "rmd",
    "knn"
  ],
  "seed": 13
}
{
  "dataset": "ciciomt2024",
  "elapsed_seconds": 27.38077129999874,
  "methods": {
    "hedl": {
      "aupr_out": 0.9997552352799407,
      "far": 0.013552861453756154,
      "fpr95": 0.0,
      "frr": 0.0,
      "known_accuracy": 0.8631478638360951,
      "known_macro_f1": 0.8372755525008023,
      "known_weighted_f1": 0.8485510825398556,
      "latency_ms_per_flow": 0.027012315000320086,
      "open_world_macro_f1": 0.8360194765344883,
      "oscr": 0.8631428842497781,
      "parameters": 24564.0,
      "prevalence": {
        "0.001": {
          "aupr_out": 0.9706242350061199,
          "far": 0.013552861453756154,
          "fpr95": 0.0012705807612896395,
          "frr": 0.0,
          "known_accuracy": 0.8631478638360951,
          "known_macro_f1": 0.8372755525008023,
          "known_weighted_f1": 0.8485510825398556,
          "open_world_macro_f1": 0.7956279407944117,
          "oscr": 0.8631283593068648,
          "realized_prevalence": 0.0010048656653268459,
          "requested_prevalence": 0.001,
          "sampled_known": 18889.0,
          "sampled_unknown": 19.0,
          "tpr_at_0_1_fpr": 0.9473684210526315,
          "tpr_at_1_fpr": 1.0,
          "tpr_at_5_fpr": 1.0,
          "unknown_auroc": 0.9999345205090124,
          "unknown_f1": 0.1292517006802721,
          "unknown_precision": 0.06909090909090909,
          "unknown_recall": 1.0
        },
        "0.01": {
          "aupr_out": 0.9984251311575506,
          "far": 0.013552861453756154,
          "fpr95": 0.0,
          "frr": 0.0,
          "known_accuracy": 0.8631478638360951,
          "known_macro_f1": 0.8372755525008023,
          "known_weighted_f1": 0.8485510825398556,
          "open_world_macro_f1": 0.8203381713641186,
          "oscr": 0.8631424588786681,
          "realized_prevalence": 0.010010482180293502,
          "requested_prevalence": 0.01,
          "sampled_known": 18889.0,
          "sampled_unknown": 191.0,
          "tpr_at_0_1_fpr": 0.9895287958115183,
          "tpr_at_1_fpr": 1.0,
          "tpr_at_5_fpr": 1.0,
          "unknown_auroc": 0.9999826764185034,
          "unknown_f1": 0.5987460815047022,
          "unknown_precision": 0.4272930648769575,
          "unknown_recall": 1.0
        },
        "0.05": {
          "aupr_out": 0.9996949015276033,
          "far": 0.013552861453756154,
          "fpr95": 0.0,
          "frr": 0.0,
          "known_accuracy": 0.8631478638360951,
          "known_macro_f1": 0.8372755525008023,
          "known_weighted_f1": 0.8485510825398556,
          "open_world_macro_f1": 0.8354524830515059,
          "oscr": 0.8631422981214089,
          "realized_prevalence": 0.049992455866820905,
          "requested_prevalence": 0.05,
          "sampled_known": 18889.0,
          "sampled_unknown": 994.0,
          "tpr_at_0_1_fpr": 0.9919517102615694,
          "tpr_at_1_fpr": 1.0,
          "tpr_at_5_fpr": 1.0,
          "unknown_auroc": 0.9999839686112866,
          "unknown_f1": 0.8859180035650623,
          "unknown_precision": 0.7952,
          "unknown_recall": 1.0
        },
        "0.1": {
          "aupr_out": 0.9998702845150321,
          "far": 0.013701370137013702,
          "fpr95": 0.0,
          "frr": 0.0,
          "known_accuracy": 0.8618861886188619,
          "known_macro_f1": 0.8371917403664086,
          "known_weighted_f1": 0.8473981283513123,
          "open_world_macro_f1": 0.8382703932950628,
          "oscr": 0.8618795272866621,
          "realized_prevalence": 0.1,
          "requested_prevalence": 0.1,
          "sampled_known": 9999.0,
          "sampled_unknown": 1111.0,
          "tpr_at_0_1_fpr": 0.9927992799279928,
          "tpr_at_1_fpr": 1.0,
          "tpr_at_5_fpr": 1.0,
          "unknown_auroc": 0.9999858221645748,
          "unknown_f1": 0.9419245442984315,
          "unknown_precision": 0.8902243589743589,
          "unknown_recall": 1.0
        },
        "0.25": {
          "aupr_out": 0.9999530213601888,
          "far": 0.012301230123012302,
          "fpr95": 0.0,
          "frr": 0.0,
          "known_accuracy": 0.8628862886288629,
          "known_macro_f1": 0.833997446363615,
          "known_weighted_f1": 0.8481296197463186,
          "open_world_macro_f1": 0.8381101378427659,
          "oscr": 0.8628742712255023,
          "realized_prevalence": 0.25,
          "requested_prevalence": 0.25,
          "sampled_known": 3333.0,
          "sampled_unknown": 1111.0,
          "tpr_at_0_1_fpr": 0.991899189918992,
          "tpr_at_1_fpr": 1.0,
          "tpr_at_5_fpr": 1.0,
          "unknown_auroc": 0.9999844718945342,
          "unknown_f1": 0.9818824569155987,
          "unknown_precision": 0.9644097222222222,
          "unknown_recall": 1.0
        },
        "0.5": {
          "aupr_out": 0.9999967637206623,
          "far": 0.009900990099009901,
          "fpr95": 0.0,
          "frr": 0.0,
          "known_accuracy": 0.855985598559856,
          "known_macro_f1": 0.8139580995472235,
          "known_weighted_f1": 0.8399695620373636,
          "open_world_macro_f1": 0.8184316965227946,
          "oscr": 0.8559823579117588,
          "realized_prevalence": 0.5,
          "requested_prevalence": 0.5,
          "sampled_known": 1111.0,
          "sampled_unknown": 1111.0,
          "tpr_at_0_1_fpr": 0.9981998199819982,
          "tpr_at_1_fpr": 1.0,
          "tpr_at_5_fpr": 1.0,
          "unknown_auroc": 0.9999967593519028,
          "unknown_f1": 0.9950738916256158,
          "unknown_precision": 0.9901960784313726,
          "unknown_recall": 1.0
        }
      },
      "scorer_density_reference_size": 0.0,
      "scorer_fusion_weight_md": 1.0012100182507602,
      "scorer_fusion_weight_rmd": 0.9987899817492398,
      "scorer_neighbors": 1.0,
      "scorer_proxy_auroc_md": 0.9719586512621711,
      "scorer_proxy_auroc_rmd": 0.9708178744596594,
      "scorer_proxy_density_auroc": 0.5,
      "scorer_proxy_evidential_auroc": 0.9719586512621711,
      "scorer_score_mode": "conformal_fisher_md_rmd",
      "state_floats": 23445.0,
      "throughput_fps": 37020.15173405724,
      "tpr_at_0_1_fpr": 0.9927992799279928,
      "tpr_at_1_fpr": 1.0,
      "tpr_at_5_fpr": 1.0,
      "unknown_auroc": 0.9999856568853455,
      "unknown_f1": 0.8966908797417272,
      "unknown_precision": 0.8127286027798098,
      "unknown_recall": 1.0
    }
  },
  "profile": "balanced",
  "protocol": "prevalence",
  "rq": "rq3",
  "scenario": "Z1",
  "scorer_components": [
    "md",
    "rmd"
  ],
  "seed": 13
}
