6 job(s) to run
[1/6] ablation_loss/ciciomt2024_noevid_s13 ...
      ok in 9.7 min
[2/6] ablation_loss/ciciomt2024_noevid_s37 ...
      ok in 14.2 min
[3/6] ablation_loss/ciciomt2024_noevid_s73 ...
      ok in 24.8 min
[4/6] ablation_loss/toniot_noevid_s13 ...
      ok in 16.7 min
[5/6] ablation_loss/toniot_noevid_s37 ...
      ok in 16.1 min
[6/6] ablation_loss/toniot_noevid_s73 ...
      ok in 14.1 min

progress:
  ablation_loss: 6/6
state: C:\Users\AnThiwn\Desktop\PACT\results\full_run_state.json
6 job(s) to run
[1/6] ablation_loss/ciciomt2024_noevid_s13 ...
      ok in 16.1 min
[2/6] ablation_loss/ciciomt2024_noevid_s37 ...
      ok in 16.3 min
[3/6] ablation_loss/ciciomt2024_noevid_s73 ...
      ok in 16.9 min
[4/6] ablation_loss/toniot_noevid_s13 ...
      ok in 8.7 min
[5/6] ablation_loss/toniot_noevid_s37 ...
      ok in 10.4 min
[6/6] ablation_loss/toniot_noevid_s73 ...
      ok in 9.8 min

progress:
  ablation_loss: 6/6
state: C:\Users\AnThiwn\Desktop\PACT\results\full_run_state.json
4 job(s) to run
[1/4] ablation_loss/ciciomt2024_noevid_s101 ...
      ok in 6.5 min
[2/4] ablation_loss/ciciomt2024_noevid_s137 ...
      ok in 6.0 min
[3/4] ablation_loss/toniot_noevid_s101 ...
      ok in 3.5 min
[4/4] ablation_loss/toniot_noevid_s137 ...
      ok in 3.5 min

progress:
  ablation_loss: 10/10
state: C:\Users\AnThiwn\Desktop\PACT\results\full_run_state.json
