201 job(s) to run
[1/201] shift_gate/cicids2017_panelA_s101 ...
      ok in 1.0 min
[2/201] mondrian/cicids2017_panelA_s101 ...
      ok in 0.0 min
[3/201] panel_barrier/cicids2017_panelA_s101_closr ...
      ok in 0.6 min
[4/201] panel_barrier/cicids2017_panelA_s101_efc ...
      ok in 0.6 min
[5/201] panel_barrier/cicids2017_panelA_s101_hedl ...
      ok in 0.6 min
[6/201] panel_barrier/cicids2017_panelA_s101_renoir_dml ...
      ok in 0.5 min
[7/201] shift_gate/cicids2017_panelA_s13 ...
      ok in 0.9 min
[8/201] mondrian/cicids2017_panelA_s13 ...
      ok in 0.0 min
[9/201] shift_gate/cicids2017_panelA_s137 ...
      ok in 0.9 min
[10/201] mondrian/cicids2017_panelA_s137 ...
      ok in 0.0 min
[11/201] panel_barrier/cicids2017_panelA_s137_closr ...
      ok in 0.5 min
[12/201] panel_barrier/cicids2017_panelA_s137_efc ...
      ok in 0.5 min
[13/201] panel_barrier/cicids2017_panelA_s137_hedl ...
      ok in 0.5 min
[14/201] panel_barrier/cicids2017_panelA_s137_renoir_dml ...
      ok in 0.5 min
[15/201] panel_barrier/cicids2017_panelA_s13_closr ...
      ok in 0.5 min
[16/201] panel_barrier/cicids2017_panelA_s13_efc ...
      ok in 0.5 min
[17/201] panel_barrier/cicids2017_panelA_s13_hedl ...
      ok in 0.5 min
[18/201] panel_barrier/cicids2017_panelA_s13_renoir_dml ...
      ok in 0.4 min
[19/201] shift_gate/cicids2017_panelA_s37 ...
      ok in 0.7 min
[20/201] mondrian/cicids2017_panelA_s37 ...
      ok in 0.0 min
[21/201] panel_barrier/cicids2017_panelA_s37_closr ...
      ok in 0.4 min
[22/201] panel_barrier/cicids2017_panelA_s37_efc ...
      ok in 0.4 min
[23/201] panel_barrier/cicids2017_panelA_s37_hedl ...
      ok in 0.4 min
[24/201] panel_barrier/cicids2017_panelA_s37_renoir_dml ...
      ok in 0.4 min
[25/201] shift_gate/cicids2017_panelA_s73 ...
      ok in 0.7 min
[26/201] mondrian/cicids2017_panelA_s73 ...
      ok in 0.0 min
[27/201] panel_barrier/cicids2017_panelA_s73_closr ...
      ok in 0.4 min
[28/201] panel_barrier/cicids2017_panelA_s73_efc ...
      ok in 0.4 min
[29/201] panel_barrier/cicids2017_panelA_s73_hedl ...
      ok in 0.5 min
[30/201] panel_barrier/cicids2017_panelA_s73_renoir_dml ...
      ok in 0.5 min
[31/201] panel_barrier/cicids2017_panelB_s101_ais_nids ...
      ok in 0.5 min
[32/201] panel_barrier/cicids2017_panelB_s101_docpp ...
      ok in 0.5 min
[33/201] panel_barrier/cicids2017_panelB_s101_ori ...
      ok in 0.5 min
[34/201] panel_barrier/cicids2017_panelB_s101_usfad ...
      ok in 0.5 min
[35/201] panel_barrier/cicids2017_panelB_s137_ais_nids ...
      ok in 0.5 min
[36/201] panel_barrier/cicids2017_panelB_s137_docpp ...
      ok in 0.5 min
[37/201] panel_barrier/cicids2017_panelB_s137_ori ...
      ok in 0.5 min
[38/201] panel_barrier/cicids2017_panelB_s137_usfad ...
      ok in 0.5 min
[39/201] panel_barrier/cicids2017_panelB_s13_ais_nids ...
      ok in 0.5 min
[40/201] panel_barrier/cicids2017_panelB_s13_docpp ...
      ok in 0.5 min
[41/201] panel_barrier/cicids2017_panelB_s13_ori ...
      ok in 0.5 min
[42/201] panel_barrier/cicids2017_panelB_s13_usfad ...
      ok in 0.5 min
[43/201] panel_barrier/cicids2017_panelB_s37_ais_nids ...
      ok in 0.5 min
[44/201] panel_barrier/cicids2017_panelB_s37_docpp ...
      ok in 0.5 min
[45/201] panel_barrier/cicids2017_panelB_s37_ori ...
      ok in 0.5 min
[46/201] panel_barrier/cicids2017_panelB_s37_usfad ...
      ok in 0.5 min
[47/201] panel_barrier/cicids2017_panelB_s73_ais_nids ...
      ok in 0.4 min
[48/201] panel_barrier/cicids2017_panelB_s73_docpp ...
      ok in 0.4 min
[49/201] panel_barrier/cicids2017_panelB_s73_ori ...
      ok in 0.4 min
[50/201] panel_barrier/cicids2017_panelB_s73_usfad ...
      ok in 0.4 min
[51/201] shift_gate/ciciomt2024_panelA_s101 ...
      ok in 1.0 min
[52/201] mondrian/ciciomt2024_panelA_s101 ...
      ok in 0.1 min
[53/201] panel_barrier/ciciomt2024_panelA_s101_closr ...
      ok in 0.7 min
[54/201] panel_barrier/ciciomt2024_panelA_s101_efc ...
      ok in 0.6 min
[55/201] panel_barrier/ciciomt2024_panelA_s101_hedl ...
      ok in 0.7 min
[56/201] panel_barrier/ciciomt2024_panelA_s101_renoir_dml ...
      ok in 0.8 min
[57/201] shift_gate/ciciomt2024_panelA_s13 ...
      ok in 1.1 min
[58/201] mondrian/ciciomt2024_panelA_s13 ...
      ok in 0.1 min
[59/201] shift_gate/ciciomt2024_panelA_s137 ...
      ok in 3.4 min
[60/201] mondrian/ciciomt2024_panelA_s137 ...
      ok in 0.1 min
[61/201] panel_barrier/ciciomt2024_panelA_s137_closr ...
      ok in 2.2 min
[62/201] panel_barrier/ciciomt2024_panelA_s137_efc ...
      ok in 2.0 min
[63/201] panel_barrier/ciciomt2024_panelA_s137_hedl ...
      ok in 2.2 min
[64/201] panel_barrier/ciciomt2024_panelA_s137_renoir_dml ...
      ok in 2.1 min
[65/201] panel_barrier/ciciomt2024_panelA_s13_closr ...
      ok in 2.1 min
[66/201] panel_barrier/ciciomt2024_panelA_s13_efc ...
      ok in 2.0 min
[67/201] panel_barrier/ciciomt2024_panelA_s13_hedl ...
      ok in 2.2 min
[68/201] panel_barrier/ciciomt2024_panelA_s13_renoir_dml ...
      ok in 2.1 min
[69/201] shift_gate/ciciomt2024_panelA_s37 ...
      ok in 3.1 min
[70/201] mondrian/ciciomt2024_panelA_s37 ...
      ok in 0.1 min
[71/201] panel_barrier/ciciomt2024_panelA_s37_closr ...
      ok in 2.1 min
[72/201] panel_barrier/ciciomt2024_panelA_s37_efc ...
      ok in 1.9 min
[73/201] panel_barrier/ciciomt2024_panelA_s37_hedl ...
      ok in 2.3 min
[74/201] panel_barrier/ciciomt2024_panelA_s37_renoir_dml ...
      ok in 2.3 min
[75/201] shift_gate/ciciomt2024_panelA_s73 ...
      ok in 3.1 min
[76/201] mondrian/ciciomt2024_panelA_s73 ...
      ok in 0.1 min
[77/201] panel_barrier/ciciomt2024_panelA_s73_closr ...
      ok in 2.0 min
[78/201] panel_barrier/ciciomt2024_panelA_s73_efc ...
      ok in 1.9 min
[79/201] panel_barrier/ciciomt2024_panelA_s73_hedl ...
      ok in 2.0 min
[80/201] panel_barrier/ciciomt2024_panelA_s73_renoir_dml ...
      ok in 2.1 min
[81/201] panel_barrier/ciciomt2024_panelB_s101_ais_nids ...
      ok in 2.1 min
[82/201] panel_barrier/ciciomt2024_panelB_s101_docpp ...
      ok in 2.2 min
[83/201] panel_barrier/ciciomt2024_panelB_s101_ori ...
      ok in 2.1 min
[84/201] panel_barrier/ciciomt2024_panelB_s101_usfad ...
      ok in 2.1 min
[85/201] panel_barrier/ciciomt2024_panelB_s137_ais_nids ...
      ok in 2.3 min
[86/201] panel_barrier/ciciomt2024_panelB_s137_docpp ...
      ok in 2.4 min
[87/201] panel_barrier/ciciomt2024_panelB_s137_ori ...
      ok in 2.3 min
[88/201] panel_barrier/ciciomt2024_panelB_s137_usfad ...
      ok in 2.4 min
[89/201] panel_barrier/ciciomt2024_panelB_s13_ais_nids ...
      ok in 2.3 min
[90/201] panel_barrier/ciciomt2024_panelB_s13_docpp ...
      ok in 2.5 min
[91/201] panel_barrier/ciciomt2024_panelB_s13_ori ...
      ok in 2.3 min
[92/201] panel_barrier/ciciomt2024_panelB_s13_usfad ...
      ok in 2.2 min
[93/201] panel_barrier/ciciomt2024_panelB_s37_ais_nids ...
      ok in 2.0 min
[94/201] panel_barrier/ciciomt2024_panelB_s37_docpp ...
      ok in 2.2 min
[95/201] panel_barrier/ciciomt2024_panelB_s37_ori ...
      ok in 2.3 min
[96/201] panel_barrier/ciciomt2024_panelB_s37_usfad ...
      ok in 2.4 min
[97/201] panel_barrier/ciciomt2024_panelB_s73_ais_nids ...
      ok in 2.5 min
[98/201] panel_barrier/ciciomt2024_panelB_s73_docpp ...
      ok in 2.4 min
[99/201] panel_barrier/ciciomt2024_panelB_s73_ori ...
      ok in 2.2 min
[100/201] panel_barrier/ciciomt2024_panelB_s73_usfad ...
      ok in 2.1 min
[101/201] shift_gate/toniot_panelA_s101 ...
      ok in 2.7 min
[102/201] mondrian/toniot_panelA_s101 ...
      ok in 0.0 min
[103/201] panel_barrier/toniot_panelA_s101_closr ...
      ok in 1.4 min
[104/201] panel_barrier/toniot_panelA_s101_efc ...
      ok in 1.5 min
[105/201] panel_barrier/toniot_panelA_s101_hedl ...
      ok in 2.5 min
[106/201] panel_barrier/toniot_panelA_s101_renoir_dml ...
      ok in 1.4 min
[107/201] shift_gate/toniot_panelA_s13 ...
      ok in 2.6 min
[108/201] mondrian/toniot_panelA_s13 ...
      ok in 0.1 min
[109/201] shift_gate/toniot_panelA_s137 ...
      ok in 2.7 min
[110/201] mondrian/toniot_panelA_s137 ...
      ok in 0.1 min
[111/201] panel_barrier/toniot_panelA_s137_closr ...
      ok in 1.4 min
[112/201] panel_barrier/toniot_panelA_s137_efc ...
      ok in 1.5 min
[113/201] panel_barrier/toniot_panelA_s137_hedl ...
      ok in 1.7 min
[114/201] panel_barrier/toniot_panelA_s137_renoir_dml ...
      ok in 1.4 min
[115/201] panel_barrier/toniot_panelA_s13_closr ...
      ok in 1.9 min
[116/201] panel_barrier/toniot_panelA_s13_efc ...
      ok in 1.4 min
[117/201] panel_barrier/toniot_panelA_s13_hedl ...
      ok in 1.3 min
[118/201] panel_barrier/toniot_panelA_s13_renoir_dml ...
      ok in 1.4 min
[119/201] shift_gate/toniot_panelA_s37 ...
      ok in 2.6 min
[120/201] mondrian/toniot_panelA_s37 ...
      ok in 0.0 min
[121/201] panel_barrier/toniot_panelA_s37_closr ...
      ok in 1.4 min
[122/201] panel_barrier/toniot_panelA_s37_efc ...
      ok in 1.3 min
[123/201] panel_barrier/toniot_panelA_s37_hedl ...
      ok in 1.3 min
[124/201] panel_barrier/toniot_panelA_s37_renoir_dml ...
      ok in 1.3 min
[125/201] shift_gate/toniot_panelA_s73 ...
      ok in 2.5 min
[126/201] mondrian/toniot_panelA_s73 ...
      ok in 0.0 min
[127/201] panel_barrier/toniot_panelA_s73_closr ...
      ok in 1.3 min
[128/201] panel_barrier/toniot_panelA_s73_efc ...
      ok in 1.3 min
[129/201] panel_barrier/toniot_panelA_s73_hedl ...
      ok in 1.3 min
[130/201] panel_barrier/toniot_panelA_s73_renoir_dml ...
      ok in 1.5 min
[131/201] panel_barrier/toniot_panelB_s101_ais_nids ...
      ok in 1.5 min
[132/201] panel_barrier/toniot_panelB_s101_docpp ...
      ok in 1.5 min
[133/201] panel_barrier/toniot_panelB_s101_ori ...
      ok in 1.5 min
[134/201] panel_barrier/toniot_panelB_s101_usfad ...
      ok in 1.4 min
[135/201] panel_barrier/toniot_panelB_s137_ais_nids ...
      ok in 1.5 min
[136/201] panel_barrier/toniot_panelB_s137_docpp ...
      ok in 1.4 min
[137/201] panel_barrier/toniot_panelB_s137_ori ...
      ok in 1.4 min
[138/201] panel_barrier/toniot_panelB_s137_usfad ...
      ok in 1.3 min
[139/201] panel_barrier/toniot_panelB_s13_ais_nids ...
      ok in 1.3 min
[140/201] panel_barrier/toniot_panelB_s13_docpp ...
      ok in 1.3 min
[141/201] panel_barrier/toniot_panelB_s13_ori ...
      ok in 1.9 min
[142/201] panel_barrier/toniot_panelB_s13_usfad ...
      ok in 1.4 min
[143/201] panel_barrier/toniot_panelB_s37_ais_nids ...
      ok in 1.4 min
[144/201] panel_barrier/toniot_panelB_s37_docpp ...
      ok in 1.3 min
[145/201] panel_barrier/toniot_panelB_s37_ori ...
      ok in 1.4 min
[146/201] panel_barrier/toniot_panelB_s37_usfad ...
      ok in 1.6 min
[147/201] panel_barrier/toniot_panelB_s73_ais_nids ...
      ok in 1.4 min
[148/201] panel_barrier/toniot_panelB_s73_docpp ...
      ok in 1.3 min
[149/201] panel_barrier/toniot_panelB_s73_ori ...
      ok in 1.3 min
[150/201] panel_barrier/toniot_panelB_s73_usfad ...
      ok in 1.3 min
[151/201] shift_gate/cse2018_panelA_s101 ...
      ok in 2.7 min
[152/201] mondrian/cse2018_panelA_s101 ...
      ok in 0.0 min
[153/201] panel_barrier/cse2018_panelA_s101_closr ...
      ok in 2.1 min
[154/201] panel_barrier/cse2018_panelA_s101_efc ...
      ok in 2.0 min
[155/201] panel_barrier/cse2018_panelA_s101_hedl ...
      ok in 2.0 min
[156/201] panel_barrier/cse2018_panelA_s101_renoir_dml ...
      ok in 2.0 min
[157/201] shift_gate/cse2018_panelA_s13 ...
      ok in 2.7 min
[158/201] mondrian/cse2018_panelA_s13 ...
      ok in 0.0 min
[159/201] shift_gate/cse2018_panelA_s137 ...
      ok in 2.6 min
[160/201] mondrian/cse2018_panelA_s137 ...
      ok in 0.0 min
[161/201] panel_barrier/cse2018_panelA_s137_closr ...
      ok in 2.2 min
[162/201] panel_barrier/cse2018_panelA_s137_efc ...
      ok in 2.2 min
[163/201] panel_barrier/cse2018_panelA_s137_hedl ...
      ok in 2.3 min
[164/201] panel_barrier/cse2018_panelA_s137_renoir_dml ...
      ok in 2.3 min
[165/201] panel_barrier/cse2018_panelA_s13_closr ...
      ok in 2.1 min
[166/201] panel_barrier/cse2018_panelA_s13_efc ...
      ok in 2.0 min
[167/201] panel_barrier/cse2018_panelA_s13_hedl ...
      ok in 2.5 min
[168/201] panel_barrier/cse2018_panelA_s13_renoir_dml ...
      ok in 2.3 min
[169/201] shift_gate/cse2018_panelA_s37 ...
      ok in 2.8 min
[170/201] mondrian/cse2018_panelA_s37 ...
      ok in 0.0 min
[171/201] panel_barrier/cse2018_panelA_s37_closr ...
      ok in 2.1 min
[172/201] panel_barrier/cse2018_panelA_s37_efc ...
      ok in 2.3 min
[173/201] panel_barrier/cse2018_panelA_s37_hedl ...
      ok in 2.1 min
[174/201] panel_barrier/cse2018_panelA_s37_renoir_dml ...
      ok in 2.1 min
[175/201] shift_gate/cse2018_panelA_s73 ...
      ok in 2.6 min
[176/201] mondrian/cse2018_panelA_s73 ...
      ok in 0.0 min
[177/201] panel_barrier/cse2018_panelA_s73_closr ...
      ok in 2.0 min
[178/201] panel_barrier/cse2018_panelA_s73_efc ...
      ok in 2.0 min
[179/201] panel_barrier/cse2018_panelA_s73_hedl ...
      ok in 2.0 min
[180/201] panel_barrier/cse2018_panelA_s73_renoir_dml ...
      ok in 1.9 min
[181/201] panel_barrier/cse2018_panelB_s101_ais_nids ...
      ok in 1.9 min
[182/201] panel_barrier/cse2018_panelB_s101_docpp ...
      ok in 1.9 min
[183/201] panel_barrier/cse2018_panelB_s101_ori ...
      ok in 1.9 min
[184/201] panel_barrier/cse2018_panelB_s101_usfad ...
      ok in 1.9 min
[185/201] panel_barrier/cse2018_panelB_s137_ais_nids ...
      ok in 2.0 min
[186/201] panel_barrier/cse2018_panelB_s137_docpp ...
      ok in 1.7 min
[187/201] panel_barrier/cse2018_panelB_s137_ori ...
      ok in 1.9 min
[188/201] panel_barrier/cse2018_panelB_s137_usfad ...
      ok in 1.9 min
[189/201] panel_barrier/cse2018_panelB_s13_ais_nids ...
      ok in 2.3 min
[190/201] panel_barrier/cse2018_panelB_s13_docpp ...
      ok in 2.2 min
[191/201] panel_barrier/cse2018_panelB_s13_ori ...
      ok in 2.3 min
[192/201] panel_barrier/cse2018_panelB_s13_usfad ...
      ok in 2.3 min
[193/201] panel_barrier/cse2018_panelB_s37_ais_nids ...
      ok in 2.3 min
[194/201] panel_barrier/cse2018_panelB_s37_docpp ...
      ok in 2.2 min
[195/201] panel_barrier/cse2018_panelB_s37_ori ...
      ok in 2.3 min
[196/201] panel_barrier/cse2018_panelB_s37_usfad ...
      ok in 2.2 min
[197/201] panel_barrier/cse2018_panelB_s73_ais_nids ...
      ok in 2.1 min
[198/201] panel_barrier/cse2018_panelB_s73_docpp ...
      ok in 2.0 min
[199/201] panel_barrier/cse2018_panelB_s73_ori ...
      ok in 2.7 min
[200/201] panel_barrier/cse2018_panelB_s73_usfad ...
      ok in 2.1 min
[201/201] tables/paper_tables ...
      ok in 0.1 min

progress:
  panel_barrier: 160/160
     shift_gate: 20/20
       mondrian: 20/20
         tables: 1/1
state: C:\Users\AnThiwn\Desktop\PACT\results\full_run_state.json

[window_draws stage 2026-09-16T16:33:01]
80 job(s) to run
[1/80] window_draws/cicids2017_panelA_s101_q0.1_L1 ...
