6 job(s) to run
[1/6] rotation/cse2018_Z3_panelA_s13 ...
      ok in 52.7 min
[2/6] rotation/cse2018_Z3_panelB_s13 ...
      ok in 10.7 min
[3/6] rotation/cse2018_Z3_panelA_s37 ...
      ok in 55.7 min
[4/6] rotation/cse2018_Z3_panelB_s37 ...
      ok in 11.9 min
[5/6] rotation/cse2018_Z3_panelA_s73 ...
      ok in 65.1 min
[6/6] rotation/cse2018_Z3_panelB_s73 ...
      ok in 19.6 min

progress:
       rotation: 12/12
state: C:\Users\AnThiwn\Desktop\PACT\results\full_run_state.json

progress:
       rotation: 12/12
state: C:\Users\AnThiwn\Desktop\PACT\results\full_run_state.json

[side driver: sensitivity seeds 73,101,137 2026-09-15T17:27:52]
12 job(s) to run
[1/12] sensitivity/cse2018_Z3t70_panelA_s73 ...
      ok in 54.5 min
[2/12] sensitivity/cse2018_Z3t70_panelB_s73 ...
      ok in 10.8 min
[3/12] sensitivity/cse2018_Z3t90_panelA_s73 ...
      ok in 47.0 min
[4/12] sensitivity/cse2018_Z3t90_panelB_s73 ...
      ok in 12.1 min
[5/12] sensitivity/cse2018_Z3t70_panelA_s101 ...
      ok in 99.3 min
[6/12] sensitivity/cse2018_Z3t70_panelB_s101 ...
      ok in 19.1 min
[7/12] sensitivity/cse2018_Z3t90_panelA_s101 ...
      ok in 52.7 min
[8/12] sensitivity/cse2018_Z3t90_panelB_s101 ...
      ok in 10.6 min
[9/12] sensitivity/cse2018_Z3t70_panelA_s137 ...
      ok in 53.9 min
[10/12] sensitivity/cse2018_Z3t70_panelB_s137 ...
      ok in 11.5 min
[11/12] sensitivity/cse2018_Z3t90_panelA_s137 ...
      ok in 53.0 min
[12/12] sensitivity/cse2018_Z3t90_panelB_s137 ...
      ok in 12.2 min

progress:
    sensitivity: 12/12
state: C:\Users\AnThiwn\Desktop\PACT\results\full_run_state.json

[side driver: latency 2026-09-16T09:03:54]
2 job(s) to run
[1/2] latency/latency_cicids2017 ...
      ok in 5.0 min
[2/2] latency/latency_cse2018 ...
      ok in 12.8 min

progress:
        latency: 2/2
state: C:\Users\AnThiwn\Desktop\PACT\results\full_run_state.json
