10 job(s) to run
[1/10] mondrian_covariate/toniot_panelA_s101_port_class ...
      ok in 0.3 min
[2/10] mondrian_covariate/toniot_panelA_s101_protocol ...
      ok in 0.2 min
[3/10] mondrian_covariate/toniot_panelA_s137_port_class ...
      ok in 0.2 min
[4/10] mondrian_covariate/toniot_panelA_s137_protocol ...
      ok in 0.3 min
[5/10] mondrian_covariate/toniot_panelA_s13_port_class ...
      ok in 0.3 min
[6/10] mondrian_covariate/toniot_panelA_s13_protocol ...
      ok in 0.2 min
[7/10] mondrian_covariate/toniot_panelA_s37_port_class ...
      ok in 0.2 min
[8/10] mondrian_covariate/toniot_panelA_s37_protocol ...
      ok in 0.2 min
[9/10] mondrian_covariate/toniot_panelA_s73_port_class ...
      ok in 0.2 min
[10/10] mondrian_covariate/toniot_panelA_s73_protocol ...
      ok in 0.2 min

progress:
  mondrian_covariate: 10/10
state: C:\Users\AnThiwn\Desktop\PACT\results\full_run_state.json
