10 job(s) to run
[1/10] operator/ciciomt2024_panelA_s101_q0.1 ...
      ok in 0.8 min
[2/10] operator/ciciomt2024_panelA_s101_q0.2 ...
      ok in 0.7 min
[3/10] operator/ciciomt2024_panelA_s137_q0.1 ...
      ok in 1.2 min
[4/10] operator/ciciomt2024_panelA_s137_q0.2 ...
      ok in 1.4 min
[5/10] operator/ciciomt2024_panelA_s13_q0.1 ...
      ok in 1.3 min
[6/10] operator/ciciomt2024_panelA_s13_q0.2 ...
      ok in 1.1 min
[7/10] operator/ciciomt2024_panelA_s37_q0.1 ...
      ok in 0.8 min
[8/10] operator/ciciomt2024_panelA_s37_q0.2 ...
      ok in 1.1 min
[9/10] operator/ciciomt2024_panelA_s73_q0.1 ...
      ok in 1.1 min
[10/10] operator/ciciomt2024_panelA_s73_q0.2 ...
      ok in 1.2 min

progress:
       operator: 10/10
state: C:\Users\AnThiwn\Desktop\PACT\results\full_run_state.json
