35 job(s) to run
[1/35] budget/loeo_unsw_s101 ...
      ok in 2.0 min
[2/35] budget/loeo_unsw_s13 ...
      ok in 1.9 min
[3/35] budget/loeo_unsw_s137 ...
      ok in 2.1 min
[4/35] budget/loeo_unsw_s37 ...
      ok in 2.0 min
[5/35] budget/loeo_unsw_s73 ...
      ok in 2.0 min
[6/35] budget/ton_to_unsw_s101 ...
      ok in 1.6 min
[7/35] budget/ton_to_unsw_s13 ...
      ok in 1.8 min
[8/35] budget/ton_to_unsw_s137 ...
      ok in 2.1 min
[9/35] budget/ton_to_unsw_s37 ...
      ok in 7.7 min
[10/35] budget/ton_to_unsw_s73 ...
      ok in 7.8 min
[11/35] budget/unsw_to_ton_s101 ...
      ok in 7.1 min
[12/35] budget/unsw_to_ton_s13 ...
      ok in 6.8 min
[13/35] budget/unsw_to_ton_s137 ...
      ok in 7.3 min
[14/35] budget/unsw_to_ton_s37 ...
      ok in 6.6 min
[15/35] budget/unsw_to_ton_s73 ...
      ok in 6.9 min
[16/35] shift_gate/cicids2017_panelA_s101 ...
      ok in 3.6 min
[17/35] shift_gate/cicids2017_panelA_s13 ...
      ok in 3.5 min
[18/35] shift_gate/cicids2017_panelA_s137 ...
      ok in 3.9 min
[19/35] shift_gate/cicids2017_panelA_s37 ...
      ok in 3.7 min
[20/35] shift_gate/cicids2017_panelA_s73 ...
      ok in 3.5 min
[21/35] shift_gate/ciciomt2024_panelA_s101 ...
      ok in 4.1 min
[22/35] shift_gate/ciciomt2024_panelA_s13 ...
      ok in 3.9 min
[23/35] shift_gate/ciciomt2024_panelA_s137 ...
      ok in 4.5 min
[24/35] shift_gate/ciciomt2024_panelA_s37 ...
      ok in 4.2 min
[25/35] shift_gate/ciciomt2024_panelA_s73 ...
      ok in 2.9 min
[26/35] shift_gate/toniot_panelA_s101 ...
      ok in 2.4 min
[27/35] shift_gate/toniot_panelA_s13 ...
      ok in 2.6 min
[28/35] shift_gate/toniot_panelA_s137 ...
      ok in 2.6 min
[29/35] shift_gate/toniot_panelA_s37 ...
      ok in 2.8 min
[30/35] shift_gate/toniot_panelA_s73 ...
      ok in 2.6 min
[31/35] shift_gate/cse2018_panelA_s101 ...
      ok in 2.9 min
[32/35] shift_gate/cse2018_panelA_s13 ...
      ok in 3.3 min
[33/35] shift_gate/cse2018_panelA_s137 ...
      ok in 3.0 min
[34/35] shift_gate/cse2018_panelA_s37 ...
      ok in 2.7 min
[35/35] shift_gate/cse2018_panelA_s73 ...
      ok in 2.7 min

progress:
         budget: 15/15
     shift_gate: 20/20
state: C:\Users\AnThiwn\Desktop\PACT\results\full_run_state.json
