[separability] cicids2017: benign vs bot: 0.998
[separability] cicids2017: benign vs ddos: 1.000
[separability] cicids2017: benign vs dos_goldeneye: 1.000
[separability] cicids2017: benign vs dos_hulk: 1.000
[separability] cicids2017: benign vs dos_slowhttptest: 0.999
[separability] cicids2017: benign vs dos_slowloris: 0.999
[separability] cicids2017: benign vs ftp_patator: 1.000
[separability] cicids2017: benign vs portscan: 0.999
[separability] cicids2017: benign vs ssh_patator: 1.000
[separability] cicids2017: benign vs web_attack_brute_force: 0.999
[separability] cicids2017: benign vs web_attack_xss: 0.996
[separability] cicids2017: bot vs ddos: 1.000
[separability] cicids2017: bot vs dos_goldeneye: 1.000
[separability] cicids2017: bot vs dos_hulk: 1.000
[separability] cicids2017: bot vs dos_slowhttptest: 1.000
[separability] cicids2017: bot vs dos_slowloris: 1.000
[separability] cicids2017: bot vs ftp_patator: 1.000
[separability] cicids2017: bot vs portscan: 1.000
[separability] cicids2017: bot vs ssh_patator: 1.000
[separability] cicids2017: bot vs web_attack_brute_force: 1.000
[separability] cicids2017: bot vs web_attack_xss: 1.000
[separability] cicids2017: ddos vs dos_goldeneye: 1.000
[separability] cicids2017: ddos vs dos_hulk: 1.000
[separability] cicids2017: ddos vs dos_slowhttptest: 1.000
[separability] cicids2017: ddos vs dos_slowloris: 0.999
[separability] cicids2017: ddos vs ftp_patator: 1.000
[separability] cicids2017: ddos vs portscan: 1.000
[separability] cicids2017: ddos vs ssh_patator: 1.000
[separability] cicids2017: ddos vs web_attack_brute_force: 1.000
[separability] cicids2017: ddos vs web_attack_xss: 1.000
[separability] cicids2017: dos_goldeneye vs dos_hulk: 1.000
[separability] cicids2017: dos_goldeneye vs dos_slowhttptest: 0.999
[separability] cicids2017: dos_goldeneye vs dos_slowloris: 0.998
[separability] cicids2017: dos_goldeneye vs ftp_patator: 1.000
[separability] cicids2017: dos_goldeneye vs portscan: 1.000
[separability] cicids2017: dos_goldeneye vs ssh_patator: 1.000
[separability] cicids2017: dos_goldeneye vs web_attack_brute_force: 0.999
[separability] cicids2017: dos_goldeneye vs web_attack_xss: 0.999
[separability] cicids2017: dos_hulk vs dos_slowhttptest: 1.000
[separability] cicids2017: dos_hulk vs dos_slowloris: 1.000
[separability] cicids2017: dos_hulk vs ftp_patator: 1.000
[separability] cicids2017: dos_hulk vs portscan: 1.000
[separability] cicids2017: dos_hulk vs ssh_patator: 1.000
[separability] cicids2017: dos_hulk vs web_attack_brute_force: 1.000
[separability] cicids2017: dos_hulk vs web_attack_xss: 0.999
[separability] cicids2017: dos_slowhttptest vs dos_slowloris: 0.994
[separability] cicids2017: dos_slowhttptest vs ftp_patator: 1.000
[separability] cicids2017: dos_slowhttptest vs portscan: 1.000
[separability] cicids2017: dos_slowhttptest vs ssh_patator: 1.000
[separability] cicids2017: dos_slowhttptest vs web_attack_brute_force: 0.998
[separability] cicids2017: dos_slowhttptest vs web_attack_xss: 0.994
[separability] cicids2017: dos_slowloris vs ftp_patator: 1.000
[separability] cicids2017: dos_slowloris vs portscan: 1.000
[separability] cicids2017: dos_slowloris vs ssh_patator: 1.000
[separability] cicids2017: dos_slowloris vs web_attack_brute_force: 0.997
[separability] cicids2017: dos_slowloris vs web_attack_xss: 0.996
[separability] cicids2017: ftp_patator vs portscan: 1.000
[separability] cicids2017: ftp_patator vs ssh_patator: 1.000
[separability] cicids2017: ftp_patator vs web_attack_brute_force: 1.000
[separability] cicids2017: ftp_patator vs web_attack_xss: 1.000
[separability] cicids2017: portscan vs ssh_patator: 1.000
[separability] cicids2017: portscan vs web_attack_brute_force: 1.000
[separability] cicids2017: portscan vs web_attack_xss: 0.999
[separability] cicids2017: ssh_patator vs web_attack_brute_force: 1.000
[separability] cicids2017: ssh_patator vs web_attack_xss: 1.000
[separability] cicids2017: web_attack_brute_force vs web_attack_xss: 0.594  <-- inseparable
[separability] cicids2017: groups [['web_attack_brute_force', 'web_attack_xss']]
[separability] ciciomt2024: arp_spoofing vs benign: 0.965
[separability] ciciomt2024: arp_spoofing vs mqtt_ddos_connect_flood: 0.999
[separability] ciciomt2024: arp_spoofing vs mqtt_ddos_publish_flood: 0.999
[separability] ciciomt2024: arp_spoofing vs mqtt_dos_connect_flood: 1.000
[separability] ciciomt2024: arp_spoofing vs mqtt_dos_publish_flood: 1.000
[separability] ciciomt2024: arp_spoofing vs mqtt_malformed_data: 0.960
[separability] ciciomt2024: arp_spoofing vs recon_os_scan: 0.980
[separability] ciciomt2024: arp_spoofing vs recon_ping_sweep: 0.948
[separability] ciciomt2024: arp_spoofing vs recon_port_scan: 0.987
[separability] ciciomt2024: arp_spoofing vs recon_vulscan: 0.981
[separability] ciciomt2024: arp_spoofing vs tcp_ip_ddos_icmp: 0.999
[separability] ciciomt2024: arp_spoofing vs tcp_ip_ddos_syn: 0.999
[separability] ciciomt2024: arp_spoofing vs tcp_ip_ddos_tcp: 0.999
[separability] ciciomt2024: arp_spoofing vs tcp_ip_ddos_udp: 0.999
[separability] ciciomt2024: arp_spoofing vs tcp_ip_dos_icmp: 0.999
[separability] ciciomt2024: arp_spoofing vs tcp_ip_dos_syn: 0.999
[separability] ciciomt2024: arp_spoofing vs tcp_ip_dos_tcp: 0.999
[separability] ciciomt2024: arp_spoofing vs tcp_ip_dos_udp: 0.999
[separability] ciciomt2024: benign vs mqtt_ddos_connect_flood: 0.999
[separability] ciciomt2024: benign vs mqtt_ddos_publish_flood: 0.999
[separability] ciciomt2024: benign vs mqtt_dos_connect_flood: 1.000
[separability] ciciomt2024: benign vs mqtt_dos_publish_flood: 1.000
[separability] ciciomt2024: benign vs mqtt_malformed_data: 0.982
[separability] ciciomt2024: benign vs recon_os_scan: 0.973
[separability] ciciomt2024: benign vs recon_ping_sweep: 0.963
[separability] ciciomt2024: benign vs recon_port_scan: 0.987
[separability] ciciomt2024: benign vs recon_vulscan: 0.991
[separability] ciciomt2024: benign vs tcp_ip_ddos_icmp: 0.999
[separability] ciciomt2024: benign vs tcp_ip_ddos_syn: 1.000
[separability] ciciomt2024: benign vs tcp_ip_ddos_tcp: 0.998
[separability] ciciomt2024: benign vs tcp_ip_ddos_udp: 1.000
[separability] ciciomt2024: benign vs tcp_ip_dos_icmp: 0.999
[separability] ciciomt2024: benign vs tcp_ip_dos_syn: 0.999
[separability] ciciomt2024: benign vs tcp_ip_dos_tcp: 0.999
[separability] ciciomt2024: benign vs tcp_ip_dos_udp: 1.000
[separability] ciciomt2024: mqtt_ddos_connect_flood vs mqtt_ddos_publish_flood: 1.000
[separability] ciciomt2024: mqtt_ddos_connect_flood vs mqtt_dos_connect_flood: 1.000
[separability] ciciomt2024: mqtt_ddos_connect_flood vs mqtt_dos_publish_flood: 1.000
[separability] ciciomt2024: mqtt_ddos_connect_flood vs mqtt_malformed_data: 1.000
[separability] ciciomt2024: mqtt_ddos_connect_flood vs recon_os_scan: 1.000
[separability] ciciomt2024: mqtt_ddos_connect_flood vs recon_ping_sweep: 0.998
[separability] ciciomt2024: mqtt_ddos_connect_flood vs recon_port_scan: 1.000
[separability] ciciomt2024: mqtt_ddos_connect_flood vs recon_vulscan: 1.000
[separability] ciciomt2024: mqtt_ddos_connect_flood vs tcp_ip_ddos_icmp: 0.999
[separability] ciciomt2024: mqtt_ddos_connect_flood vs tcp_ip_ddos_syn: 1.000
[separability] ciciomt2024: mqtt_ddos_connect_flood vs tcp_ip_ddos_tcp: 1.000
[separability] ciciomt2024: mqtt_ddos_connect_flood vs tcp_ip_ddos_udp: 1.000
[separability] ciciomt2024: mqtt_ddos_connect_flood vs tcp_ip_dos_icmp: 1.000
[separability] ciciomt2024: mqtt_ddos_connect_flood vs tcp_ip_dos_syn: 1.000
[separability] ciciomt2024: mqtt_ddos_connect_flood vs tcp_ip_dos_tcp: 1.000
[separability] ciciomt2024: mqtt_ddos_connect_flood vs tcp_ip_dos_udp: 1.000
[separability] ciciomt2024: mqtt_ddos_publish_flood vs mqtt_dos_connect_flood: 1.000
[separability] ciciomt2024: mqtt_ddos_publish_flood vs mqtt_dos_publish_flood: 1.000
[separability] ciciomt2024: mqtt_ddos_publish_flood vs mqtt_malformed_data: 0.999
[separability] ciciomt2024: mqtt_ddos_publish_flood vs recon_os_scan: 0.999
[separability] ciciomt2024: mqtt_ddos_publish_flood vs recon_ping_sweep: 1.000
[separability] ciciomt2024: mqtt_ddos_publish_flood vs recon_port_scan: 0.999
[separability] ciciomt2024: mqtt_ddos_publish_flood vs recon_vulscan: 0.999
[separability] ciciomt2024: mqtt_ddos_publish_flood vs tcp_ip_ddos_icmp: 1.000
[separability] ciciomt2024: mqtt_ddos_publish_flood vs tcp_ip_ddos_syn: 1.000
[separability] ciciomt2024: mqtt_ddos_publish_flood vs tcp_ip_ddos_tcp: 0.999
[separability] ciciomt2024: mqtt_ddos_publish_flood vs tcp_ip_ddos_udp: 1.000
[separability] ciciomt2024: mqtt_ddos_publish_flood vs tcp_ip_dos_icmp: 1.000
[separability] ciciomt2024: mqtt_ddos_publish_flood vs tcp_ip_dos_syn: 1.000
[separability] ciciomt2024: mqtt_ddos_publish_flood vs tcp_ip_dos_tcp: 1.000
[separability] ciciomt2024: mqtt_ddos_publish_flood vs tcp_ip_dos_udp: 1.000
[separability] ciciomt2024: mqtt_dos_connect_flood vs mqtt_dos_publish_flood: 1.000
[separability] ciciomt2024: mqtt_dos_connect_flood vs mqtt_malformed_data: 1.000
[separability] ciciomt2024: mqtt_dos_connect_flood vs recon_os_scan: 1.000
[separability] ciciomt2024: mqtt_dos_connect_flood vs recon_ping_sweep: 0.999
[separability] ciciomt2024: mqtt_dos_connect_flood vs recon_port_scan: 1.000
[separability] ciciomt2024: mqtt_dos_connect_flood vs recon_vulscan: 1.000
[separability] ciciomt2024: mqtt_dos_connect_flood vs tcp_ip_ddos_icmp: 1.000
[separability] ciciomt2024: mqtt_dos_connect_flood vs tcp_ip_ddos_syn: 1.000
[separability] ciciomt2024: mqtt_dos_connect_flood vs tcp_ip_ddos_tcp: 1.000
[separability] ciciomt2024: mqtt_dos_connect_flood vs tcp_ip_ddos_udp: 1.000
[separability] ciciomt2024: mqtt_dos_connect_flood vs tcp_ip_dos_icmp: 1.000
[separability] ciciomt2024: mqtt_dos_connect_flood vs tcp_ip_dos_syn: 1.000
[separability] ciciomt2024: mqtt_dos_connect_flood vs tcp_ip_dos_tcp: 1.000
[separability] ciciomt2024: mqtt_dos_connect_flood vs tcp_ip_dos_udp: 1.000
[separability] ciciomt2024: mqtt_dos_publish_flood vs mqtt_malformed_data: 1.000
[separability] ciciomt2024: mqtt_dos_publish_flood vs recon_os_scan: 1.000
[separability] ciciomt2024: mqtt_dos_publish_flood vs recon_ping_sweep: 0.999
[separability] ciciomt2024: mqtt_dos_publish_flood vs recon_port_scan: 1.000
[separability] ciciomt2024: mqtt_dos_publish_flood vs recon_vulscan: 1.000
[separability] ciciomt2024: mqtt_dos_publish_flood vs tcp_ip_ddos_icmp: 1.000
[separability] ciciomt2024: mqtt_dos_publish_flood vs tcp_ip_ddos_syn: 1.000
[separability] ciciomt2024: mqtt_dos_publish_flood vs tcp_ip_ddos_tcp: 1.000
[separability] ciciomt2024: mqtt_dos_publish_flood vs tcp_ip_ddos_udp: 1.000
[separability] ciciomt2024: mqtt_dos_publish_flood vs tcp_ip_dos_icmp: 1.000
[separability] ciciomt2024: mqtt_dos_publish_flood vs tcp_ip_dos_syn: 1.000
[separability] ciciomt2024: mqtt_dos_publish_flood vs tcp_ip_dos_tcp: 1.000
[separability] ciciomt2024: mqtt_dos_publish_flood vs tcp_ip_dos_udp: 1.000
[separability] ciciomt2024: mqtt_malformed_data vs recon_os_scan: 0.986
[separability] ciciomt2024: mqtt_malformed_data vs recon_ping_sweep: 0.977
[separability] ciciomt2024: mqtt_malformed_data vs recon_port_scan: 0.995
[separability] ciciomt2024: mqtt_malformed_data vs recon_vulscan: 0.995
[separability] ciciomt2024: mqtt_malformed_data vs tcp_ip_ddos_icmp: 1.000
[separability] ciciomt2024: mqtt_malformed_data vs tcp_ip_ddos_syn: 0.999
[separability] ciciomt2024: mqtt_malformed_data vs tcp_ip_ddos_tcp: 0.999
[separability] ciciomt2024: mqtt_malformed_data vs tcp_ip_ddos_udp: 0.999
[separability] ciciomt2024: mqtt_malformed_data vs tcp_ip_dos_icmp: 1.000
[separability] ciciomt2024: mqtt_malformed_data vs tcp_ip_dos_syn: 0.999
[separability] ciciomt2024: mqtt_malformed_data vs tcp_ip_dos_tcp: 1.000
[separability] ciciomt2024: mqtt_malformed_data vs tcp_ip_dos_udp: 0.999
[separability] ciciomt2024: recon_os_scan vs recon_ping_sweep: 0.977
[separability] ciciomt2024: recon_os_scan vs recon_port_scan: 0.918
[separability] ciciomt2024: recon_os_scan vs recon_vulscan: 0.974
[separability] ciciomt2024: recon_os_scan vs tcp_ip_ddos_icmp: 0.999
[separability] ciciomt2024: recon_os_scan vs tcp_ip_ddos_syn: 1.000
[separability] ciciomt2024: recon_os_scan vs tcp_ip_ddos_tcp: 0.999
[separability] ciciomt2024: recon_os_scan vs tcp_ip_ddos_udp: 1.000
[separability] ciciomt2024: recon_os_scan vs tcp_ip_dos_icmp: 1.000
[separability] ciciomt2024: recon_os_scan vs tcp_ip_dos_syn: 1.000
[separability] ciciomt2024: recon_os_scan vs tcp_ip_dos_tcp: 1.000
[separability] ciciomt2024: recon_os_scan vs tcp_ip_dos_udp: 1.000
[separability] ciciomt2024: recon_ping_sweep vs recon_port_scan: 0.992
[separability] ciciomt2024: recon_ping_sweep vs recon_vulscan: 0.996
[separability] ciciomt2024: recon_ping_sweep vs tcp_ip_ddos_icmp: 1.000
[separability] ciciomt2024: recon_ping_sweep vs tcp_ip_ddos_syn: 1.000
[separability] ciciomt2024: recon_ping_sweep vs tcp_ip_ddos_tcp: 0.999
[separability] ciciomt2024: recon_ping_sweep vs tcp_ip_ddos_udp: 0.999
[separability] ciciomt2024: recon_ping_sweep vs tcp_ip_dos_icmp: 1.000
[separability] ciciomt2024: recon_ping_sweep vs tcp_ip_dos_syn: 1.000
[separability] ciciomt2024: recon_ping_sweep vs tcp_ip_dos_tcp: 0.999
[separability] ciciomt2024: recon_ping_sweep vs tcp_ip_dos_udp: 0.997
[separability] ciciomt2024: recon_port_scan vs recon_vulscan: 0.981
[separability] ciciomt2024: recon_port_scan vs tcp_ip_ddos_icmp: 0.999
[separability] ciciomt2024: recon_port_scan vs tcp_ip_ddos_syn: 1.000
[separability] ciciomt2024: recon_port_scan vs tcp_ip_ddos_tcp: 1.000
[separability] ciciomt2024: recon_port_scan vs tcp_ip_ddos_udp: 1.000
[separability] ciciomt2024: recon_port_scan vs tcp_ip_dos_icmp: 1.000
[separability] ciciomt2024: recon_port_scan vs tcp_ip_dos_syn: 0.999
[separability] ciciomt2024: recon_port_scan vs tcp_ip_dos_tcp: 1.000
[separability] ciciomt2024: recon_port_scan vs tcp_ip_dos_udp: 1.000
[separability] ciciomt2024: recon_vulscan vs tcp_ip_ddos_icmp: 1.000
[separability] ciciomt2024: recon_vulscan vs tcp_ip_ddos_syn: 1.000
[separability] ciciomt2024: recon_vulscan vs tcp_ip_ddos_tcp: 1.000
[separability] ciciomt2024: recon_vulscan vs tcp_ip_ddos_udp: 1.000
[separability] ciciomt2024: recon_vulscan vs tcp_ip_dos_icmp: 1.000
[separability] ciciomt2024: recon_vulscan vs tcp_ip_dos_syn: 1.000
[separability] ciciomt2024: recon_vulscan vs tcp_ip_dos_tcp: 1.000
[separability] ciciomt2024: recon_vulscan vs tcp_ip_dos_udp: 1.000
[separability] ciciomt2024: tcp_ip_ddos_icmp vs tcp_ip_ddos_syn: 1.000
[separability] ciciomt2024: tcp_ip_ddos_icmp vs tcp_ip_ddos_tcp: 1.000
[separability] ciciomt2024: tcp_ip_ddos_icmp vs tcp_ip_ddos_udp: 1.000
[separability] ciciomt2024: tcp_ip_ddos_icmp vs tcp_ip_dos_icmp: 0.999
[separability] ciciomt2024: tcp_ip_ddos_icmp vs tcp_ip_dos_syn: 1.000
[separability] ciciomt2024: tcp_ip_ddos_icmp vs tcp_ip_dos_tcp: 1.000
[separability] ciciomt2024: tcp_ip_ddos_icmp vs tcp_ip_dos_udp: 1.000
[separability] ciciomt2024: tcp_ip_ddos_syn vs tcp_ip_ddos_tcp: 1.000
[separability] ciciomt2024: tcp_ip_ddos_syn vs tcp_ip_ddos_udp: 1.000
[separability] ciciomt2024: tcp_ip_ddos_syn vs tcp_ip_dos_icmp: 1.000
[separability] ciciomt2024: tcp_ip_ddos_syn vs tcp_ip_dos_syn: 1.000
[separability] ciciomt2024: tcp_ip_ddos_syn vs tcp_ip_dos_tcp: 1.000
[separability] ciciomt2024: tcp_ip_ddos_syn vs tcp_ip_dos_udp: 1.000
[separability] ciciomt2024: tcp_ip_ddos_tcp vs tcp_ip_ddos_udp: 0.999
[separability] ciciomt2024: tcp_ip_ddos_tcp vs tcp_ip_dos_icmp: 1.000
[separability] ciciomt2024: tcp_ip_ddos_tcp vs tcp_ip_dos_syn: 1.000
[separability] ciciomt2024: tcp_ip_ddos_tcp vs tcp_ip_dos_tcp: 1.000
[separability] ciciomt2024: tcp_ip_ddos_tcp vs tcp_ip_dos_udp: 1.000
[separability] ciciomt2024: tcp_ip_ddos_udp vs tcp_ip_dos_icmp: 1.000
[separability] ciciomt2024: tcp_ip_ddos_udp vs tcp_ip_dos_syn: 1.000
[separability] ciciomt2024: tcp_ip_ddos_udp vs tcp_ip_dos_tcp: 1.000
[separability] ciciomt2024: tcp_ip_ddos_udp vs tcp_ip_dos_udp: 1.000
[separability] ciciomt2024: tcp_ip_dos_icmp vs tcp_ip_dos_syn: 1.000
[separability] ciciomt2024: tcp_ip_dos_icmp vs tcp_ip_dos_tcp: 1.000
[separability] ciciomt2024: tcp_ip_dos_icmp vs tcp_ip_dos_udp: 1.000
[separability] ciciomt2024: tcp_ip_dos_syn vs tcp_ip_dos_tcp: 1.000
[separability] ciciomt2024: tcp_ip_dos_syn vs tcp_ip_dos_udp: 1.000
[separability] ciciomt2024: tcp_ip_dos_tcp vs tcp_ip_dos_udp: 1.000
[separability] ciciomt2024: groups []
[separability] nf_ton_iot_v3: backdoor vs benign: 0.999
[separability] nf_ton_iot_v3: backdoor vs ddos: 1.000
[separability] nf_ton_iot_v3: backdoor vs dos: 0.999
[separability] nf_ton_iot_v3: backdoor vs injection: 0.999
[separability] nf_ton_iot_v3: backdoor vs mitm: 0.999
[separability] nf_ton_iot_v3: backdoor vs password: 1.000
[separability] nf_ton_iot_v3: backdoor vs ransomware: 0.999
[separability] nf_ton_iot_v3: backdoor vs scanning: 0.999
[separability] nf_ton_iot_v3: backdoor vs xss: 0.999
[separability] nf_ton_iot_v3: benign vs ddos: 0.999
[separability] nf_ton_iot_v3: benign vs dos: 0.994
[separability] nf_ton_iot_v3: benign vs injection: 0.992
[separability] nf_ton_iot_v3: benign vs mitm: 0.993
[separability] nf_ton_iot_v3: benign vs password: 0.992
[separability] nf_ton_iot_v3: benign vs ransomware: 0.999
[separability] nf_ton_iot_v3: benign vs scanning: 0.811
[separability] nf_ton_iot_v3: benign vs xss: 0.989
[separability] nf_ton_iot_v3: ddos vs dos: 0.999
[separability] nf_ton_iot_v3: ddos vs injection: 1.000
[separability] nf_ton_iot_v3: ddos vs mitm: 1.000
[separability] nf_ton_iot_v3: ddos vs password: 1.000
[separability] nf_ton_iot_v3: ddos vs ransomware: 1.000
[separability] nf_ton_iot_v3: ddos vs scanning: 1.000
[separability] nf_ton_iot_v3: ddos vs xss: 1.000
[separability] nf_ton_iot_v3: dos vs injection: 0.980
[separability] nf_ton_iot_v3: dos vs mitm: 0.983
[separability] nf_ton_iot_v3: dos vs password: 0.999
[separability] nf_ton_iot_v3: dos vs ransomware: 0.999
[separability] nf_ton_iot_v3: dos vs scanning: 0.998
[separability] nf_ton_iot_v3: dos vs xss: 0.938
[separability] nf_ton_iot_v3: injection vs mitm: 0.991
[separability] nf_ton_iot_v3: injection vs password: 0.995
[separability] nf_ton_iot_v3: injection vs ransomware: 1.000
[separability] nf_ton_iot_v3: injection vs scanning: 0.997
[separability] nf_ton_iot_v3: injection vs xss: 0.970
[separability] nf_ton_iot_v3: mitm vs password: 0.999
[separability] nf_ton_iot_v3: mitm vs ransomware: 1.000
[separability] nf_ton_iot_v3: mitm vs scanning: 0.997
[separability] nf_ton_iot_v3: mitm vs xss: 0.996
[separability] nf_ton_iot_v3: password vs ransomware: 1.000
[separability] nf_ton_iot_v3: password vs scanning: 0.999
[separability] nf_ton_iot_v3: password vs xss: 0.997
[separability] nf_ton_iot_v3: ransomware vs scanning: 0.999
[separability] nf_ton_iot_v3: ransomware vs xss: 1.000
[separability] nf_ton_iot_v3: scanning vs xss: 0.998
[separability] nf_ton_iot_v3: groups []
[separability] nf_cse_cic_ids2018_v3: benign vs bot: 1.000
[separability] nf_cse_cic_ids2018_v3: benign vs brute_force_web: 0.992
[separability] nf_cse_cic_ids2018_v3: benign vs brute_force_xss: 0.958
[separability] nf_cse_cic_ids2018_v3: benign vs ddos_attack_hoic: 1.000
[separability] nf_cse_cic_ids2018_v3: benign vs ddos_attack_loic_udp: 1.000
[separability] nf_cse_cic_ids2018_v3: benign vs ddos_attacks_loic_http: 1.000
[separability] nf_cse_cic_ids2018_v3: benign vs dos_attacks_goldeneye: 1.000
[separability] nf_cse_cic_ids2018_v3: benign vs dos_attacks_hulk: 1.000
[separability] nf_cse_cic_ids2018_v3: benign vs dos_attacks_slowhttptest: 0.999
[separability] nf_cse_cic_ids2018_v3: benign vs dos_attacks_slowloris: 1.000
[separability] nf_cse_cic_ids2018_v3: benign vs ftp_bruteforce: 0.999
[separability] nf_cse_cic_ids2018_v3: benign vs infilteration: 0.727
[separability] nf_cse_cic_ids2018_v3: benign vs sql_injection: 0.986
[separability] nf_cse_cic_ids2018_v3: benign vs ssh_bruteforce: 1.000
[separability] nf_cse_cic_ids2018_v3: bot vs brute_force_web: 1.000
[separability] nf_cse_cic_ids2018_v3: bot vs brute_force_xss: 1.000
[separability] nf_cse_cic_ids2018_v3: bot vs ddos_attack_hoic: 1.000
[separability] nf_cse_cic_ids2018_v3: bot vs ddos_attack_loic_udp: 1.000
[separability] nf_cse_cic_ids2018_v3: bot vs ddos_attacks_loic_http: 1.000
[separability] nf_cse_cic_ids2018_v3: bot vs dos_attacks_goldeneye: 1.000
[separability] nf_cse_cic_ids2018_v3: bot vs dos_attacks_hulk: 1.000
[separability] nf_cse_cic_ids2018_v3: bot vs dos_attacks_slowhttptest: 1.000
[separability] nf_cse_cic_ids2018_v3: bot vs dos_attacks_slowloris: 1.000
[separability] nf_cse_cic_ids2018_v3: bot vs ftp_bruteforce: 1.000
[separability] nf_cse_cic_ids2018_v3: bot vs infilteration: 1.000
[separability] nf_cse_cic_ids2018_v3: bot vs sql_injection: 1.000
[separability] nf_cse_cic_ids2018_v3: bot vs ssh_bruteforce: 1.000
[separability] nf_cse_cic_ids2018_v3: brute_force_web vs brute_force_xss: 0.861
[separability] nf_cse_cic_ids2018_v3: brute_force_web vs ddos_attack_hoic: 1.000
[separability] nf_cse_cic_ids2018_v3: brute_force_web vs ddos_attack_loic_udp: 0.999
[separability] nf_cse_cic_ids2018_v3: brute_force_web vs ddos_attacks_loic_http: 0.999
[separability] nf_cse_cic_ids2018_v3: brute_force_web vs dos_attacks_goldeneye: 0.999
[separability] nf_cse_cic_ids2018_v3: brute_force_web vs dos_attacks_hulk: 0.999
[separability] nf_cse_cic_ids2018_v3: brute_force_web vs dos_attacks_slowhttptest: 0.999
[separability] nf_cse_cic_ids2018_v3: brute_force_web vs dos_attacks_slowloris: 0.997
[separability] nf_cse_cic_ids2018_v3: brute_force_web vs ftp_bruteforce: 0.999
[separability] nf_cse_cic_ids2018_v3: brute_force_web vs infilteration: 0.992
[separability] nf_cse_cic_ids2018_v3: brute_force_web vs sql_injection: 0.724  <-- inseparable
[separability] nf_cse_cic_ids2018_v3: brute_force_web vs ssh_bruteforce: 0.999
[separability] nf_cse_cic_ids2018_v3: brute_force_xss vs ddos_attack_hoic: 0.958
[separability] nf_cse_cic_ids2018_v3: brute_force_xss vs ddos_attack_loic_udp: 1.000
[separability] nf_cse_cic_ids2018_v3: brute_force_xss vs ddos_attacks_loic_http: 0.958
[separability] nf_cse_cic_ids2018_v3: brute_force_xss vs dos_attacks_goldeneye: 0.958
[separability] nf_cse_cic_ids2018_v3: brute_force_xss vs dos_attacks_hulk: 0.986
[separability] nf_cse_cic_ids2018_v3: brute_force_xss vs dos_attacks_slowhttptest: 1.000
[separability] nf_cse_cic_ids2018_v3: brute_force_xss vs dos_attacks_slowloris: 0.958
[separability] nf_cse_cic_ids2018_v3: brute_force_xss vs ftp_bruteforce: 1.000
[separability] nf_cse_cic_ids2018_v3: brute_force_xss vs infilteration: 0.958
[separability] nf_cse_cic_ids2018_v3: brute_force_xss vs sql_injection: 0.891
[separability] nf_cse_cic_ids2018_v3: brute_force_xss vs ssh_bruteforce: 1.000
[separability] nf_cse_cic_ids2018_v3: ddos_attack_hoic vs ddos_attack_loic_udp: 1.000
[separability] nf_cse_cic_ids2018_v3: ddos_attack_hoic vs ddos_attacks_loic_http: 1.000
[separability] nf_cse_cic_ids2018_v3: ddos_attack_hoic vs dos_attacks_goldeneye: 1.000
[separability] nf_cse_cic_ids2018_v3: ddos_attack_hoic vs dos_attacks_hulk: 1.000
[separability] nf_cse_cic_ids2018_v3: ddos_attack_hoic vs dos_attacks_slowhttptest: 1.000
[separability] nf_cse_cic_ids2018_v3: ddos_attack_hoic vs dos_attacks_slowloris: 1.000
[separability] nf_cse_cic_ids2018_v3: ddos_attack_hoic vs ftp_bruteforce: 1.000
[separability] nf_cse_cic_ids2018_v3: ddos_attack_hoic vs infilteration: 1.000
[separability] nf_cse_cic_ids2018_v3: ddos_attack_hoic vs sql_injection: 1.000
[separability] nf_cse_cic_ids2018_v3: ddos_attack_hoic vs ssh_bruteforce: 1.000
[separability] nf_cse_cic_ids2018_v3: ddos_attack_loic_udp vs ddos_attacks_loic_http: 0.999
[separability] nf_cse_cic_ids2018_v3: ddos_attack_loic_udp vs dos_attacks_goldeneye: 1.000
[separability] nf_cse_cic_ids2018_v3: ddos_attack_loic_udp vs dos_attacks_hulk: 1.000
[separability] nf_cse_cic_ids2018_v3: ddos_attack_loic_udp vs dos_attacks_slowhttptest: 1.000
[separability] nf_cse_cic_ids2018_v3: ddos_attack_loic_udp vs dos_attacks_slowloris: 1.000
[separability] nf_cse_cic_ids2018_v3: ddos_attack_loic_udp vs ftp_bruteforce: 1.000
[separability] nf_cse_cic_ids2018_v3: ddos_attack_loic_udp vs infilteration: 1.000
[separability] nf_cse_cic_ids2018_v3: ddos_attack_loic_udp vs sql_injection: 1.000
[separability] nf_cse_cic_ids2018_v3: ddos_attack_loic_udp vs ssh_bruteforce: 1.000
[separability] nf_cse_cic_ids2018_v3: ddos_attacks_loic_http vs dos_attacks_goldeneye: 1.000
[separability] nf_cse_cic_ids2018_v3: ddos_attacks_loic_http vs dos_attacks_hulk: 1.000
[separability] nf_cse_cic_ids2018_v3: ddos_attacks_loic_http vs dos_attacks_slowhttptest: 1.000
[separability] nf_cse_cic_ids2018_v3: ddos_attacks_loic_http vs dos_attacks_slowloris: 1.000
[separability] nf_cse_cic_ids2018_v3: ddos_attacks_loic_http vs ftp_bruteforce: 1.000
[separability] nf_cse_cic_ids2018_v3: ddos_attacks_loic_http vs infilteration: 1.000
[separability] nf_cse_cic_ids2018_v3: ddos_attacks_loic_http vs sql_injection: 1.000
[separability] nf_cse_cic_ids2018_v3: ddos_attacks_loic_http vs ssh_bruteforce: 1.000
[separability] nf_cse_cic_ids2018_v3: dos_attacks_goldeneye vs dos_attacks_hulk: 1.000
[separability] nf_cse_cic_ids2018_v3: dos_attacks_goldeneye vs dos_attacks_slowhttptest: 1.000
[separability] nf_cse_cic_ids2018_v3: dos_attacks_goldeneye vs dos_attacks_slowloris: 1.000
[separability] nf_cse_cic_ids2018_v3: dos_attacks_goldeneye vs ftp_bruteforce: 1.000
[separability] nf_cse_cic_ids2018_v3: dos_attacks_goldeneye vs infilteration: 1.000
[separability] nf_cse_cic_ids2018_v3: dos_attacks_goldeneye vs sql_injection: 1.000
[separability] nf_cse_cic_ids2018_v3: dos_attacks_goldeneye vs ssh_bruteforce: 1.000
[separability] nf_cse_cic_ids2018_v3: dos_attacks_hulk vs dos_attacks_slowhttptest: 1.000
[separability] nf_cse_cic_ids2018_v3: dos_attacks_hulk vs dos_attacks_slowloris: 1.000
[separability] nf_cse_cic_ids2018_v3: dos_attacks_hulk vs ftp_bruteforce: 1.000
[separability] nf_cse_cic_ids2018_v3: dos_attacks_hulk vs infilteration: 1.000
[separability] nf_cse_cic_ids2018_v3: dos_attacks_hulk vs sql_injection: 1.000
[separability] nf_cse_cic_ids2018_v3: dos_attacks_hulk vs ssh_bruteforce: 1.000
[separability] nf_cse_cic_ids2018_v3: dos_attacks_slowhttptest vs dos_attacks_slowloris: 1.000
[separability] nf_cse_cic_ids2018_v3: dos_attacks_slowhttptest vs ftp_bruteforce: 0.505  <-- inseparable
[separability] nf_cse_cic_ids2018_v3: dos_attacks_slowhttptest vs infilteration: 1.000
[separability] nf_cse_cic_ids2018_v3: dos_attacks_slowhttptest vs sql_injection: 1.000
[separability] nf_cse_cic_ids2018_v3: dos_attacks_slowhttptest vs ssh_bruteforce: 1.000
[separability] nf_cse_cic_ids2018_v3: dos_attacks_slowloris vs ftp_bruteforce: 1.000
[separability] nf_cse_cic_ids2018_v3: dos_attacks_slowloris vs infilteration: 1.000
[separability] nf_cse_cic_ids2018_v3: dos_attacks_slowloris vs sql_injection: 1.000
[separability] nf_cse_cic_ids2018_v3: dos_attacks_slowloris vs ssh_bruteforce: 1.000
[separability] nf_cse_cic_ids2018_v3: ftp_bruteforce vs infilteration: 1.000
[separability] nf_cse_cic_ids2018_v3: ftp_bruteforce vs sql_injection: 1.000
[separability] nf_cse_cic_ids2018_v3: ftp_bruteforce vs ssh_bruteforce: 1.000
[separability] nf_cse_cic_ids2018_v3: infilteration vs sql_injection: 1.000
[separability] nf_cse_cic_ids2018_v3: infilteration vs ssh_bruteforce: 1.000
[separability] nf_cse_cic_ids2018_v3: sql_injection vs ssh_bruteforce: 1.000
[separability] nf_cse_cic_ids2018_v3: groups [['brute_force_web', 'sql_injection'], ['dos_attacks_slowhttptest', 'ftp_bruteforce']]
