12 job(s) to run
[1/12] temporal/toniot_T2_panelA_s13 ...
      ok in 28.0 min
[2/12] temporal/toniot_T2_panelA_s37 ...
      ok in 28.0 min
[3/12] temporal/toniot_T2_panelA_s73 ...
      ok in 27.6 min
[4/12] temporal/toniot_T2_panelB_s13 ...
      ok in 5.4 min
[5/12] temporal/toniot_T2_panelB_s37 ...
      ok in 5.4 min
[6/12] temporal/toniot_T2_panelB_s73 ...
      ok in 5.5 min
[7/12] temporal/cse2018_T2_panelA_s13 ...
      ok in 32.8 min
[8/12] temporal/cse2018_T2_panelA_s37 ...
      ok in 31.4 min
[9/12] temporal/cse2018_T2_panelA_s73 ...
      ok in 31.0 min
[10/12] temporal/cse2018_T2_panelB_s13 ...
      ok in 4.7 min
[11/12] temporal/cse2018_T2_panelB_s37 ...
      ok in 4.8 min
[12/12] temporal/cse2018_T2_panelB_s73 ...
      ok in 4.7 min
30 job(s) to run
[1/30] temporal_draws/cse2018_T2_panelA_s13_operator ...
      ok in 0.7 min
[2/30] temporal_draws/cse2018_T2_panelA_s13_q0.1_L1 ...
      ok in 8.1 min
[3/30] temporal_draws/cse2018_T2_panelA_s13_q0.1_L5 ...
      ok in 5.0 min
[4/30] temporal_draws/cse2018_T2_panelA_s13_q0.2_L1 ...
      ok in 8.1 min
[5/30] temporal_draws/cse2018_T2_panelA_s13_q0.2_L5 ...
      ok in 5.0 min
[6/30] temporal_draws/cse2018_T2_panelA_s37_operator ...
      ok in 0.7 min
[7/30] temporal_draws/cse2018_T2_panelA_s37_q0.1_L1 ...
      ok in 8.2 min
[8/30] temporal_draws/cse2018_T2_panelA_s37_q0.1_L5 ...
      ok in 5.1 min
[9/30] temporal_draws/cse2018_T2_panelA_s37_q0.2_L1 ...
      ok in 8.3 min
[10/30] temporal_draws/cse2018_T2_panelA_s37_q0.2_L5 ...
      ok in 5.1 min
[11/30] temporal_draws/cse2018_T2_panelA_s73_operator ...
      ok in 0.7 min
[12/30] temporal_draws/cse2018_T2_panelA_s73_q0.1_L1 ...
      ok in 8.1 min
[13/30] temporal_draws/cse2018_T2_panelA_s73_q0.1_L5 ...
      ok in 5.2 min
[14/30] temporal_draws/cse2018_T2_panelA_s73_q0.2_L1 ...
      ok in 8.2 min
[15/30] temporal_draws/cse2018_T2_panelA_s73_q0.2_L5 ...
      ok in 5.1 min
[16/30] temporal_draws/toniot_T2_panelA_s13_operator ...
      ok in 0.7 min
[17/30] temporal_draws/toniot_T2_panelA_s13_q0.1_L1 ...
      ok in 8.2 min
[18/30] temporal_draws/toniot_T2_panelA_s13_q0.1_L5 ...
      ok in 5.3 min
[19/30] temporal_draws/toniot_T2_panelA_s13_q0.2_L1 ...
      ok in 8.3 min
[20/30] temporal_draws/toniot_T2_panelA_s13_q0.2_L5 ...
      ok in 5.1 min
[21/30] temporal_draws/toniot_T2_panelA_s37_operator ...
      ok in 0.6 min
[22/30] temporal_draws/toniot_T2_panelA_s37_q0.1_L1 ...
      ok in 8.0 min
[23/30] temporal_draws/toniot_T2_panelA_s37_q0.1_L5 ...
      ok in 5.0 min
[24/30] temporal_draws/toniot_T2_panelA_s37_q0.2_L1 ...
      ok in 8.3 min
[25/30] temporal_draws/toniot_T2_panelA_s37_q0.2_L5 ...
      ok in 5.1 min
[26/30] temporal_draws/toniot_T2_panelA_s73_operator ...
      ok in 0.7 min
[27/30] temporal_draws/toniot_T2_panelA_s73_q0.1_L1 ...
      ok in 348.2 min
[28/30] temporal_draws/toniot_T2_panelA_s73_q0.1_L5 ...
      ok in 5.7 min
[29/30] temporal_draws/toniot_T2_panelA_s73_q0.2_L1 ...
      ok in 8.7 min
[30/30] temporal_draws/toniot_T2_panelA_s73_q0.2_L5 ...
      ok in 5.5 min

progress:
       temporal: 12/12
  temporal_draws: 30/30
state: C:\Users\AnThiwn\Desktop\PACT\results\full_run_state.json
12 job(s) to run
[1/12] temporal_draws/cse2018_T2_panelA_s13_q0.1_L100 ...
      ok in 2.8 min
[2/12] temporal_draws/cse2018_T2_panelA_s13_q0.2_L100 ...
      ok in 5.9 min
[3/12] temporal_draws/cse2018_T2_panelA_s37_q0.1_L100 ...
      ok in 6.1 min
[4/12] temporal_draws/cse2018_T2_panelA_s37_q0.2_L100 ...
      ok in 6.0 min
[5/12] temporal_draws/cse2018_T2_panelA_s73_q0.1_L100 ...
      ok in 5.9 min
[6/12] temporal_draws/cse2018_T2_panelA_s73_q0.2_L100 ...
      ok in 6.0 min
[7/12] temporal_draws/toniot_T2_panelA_s13_q0.1_L100 ...
      ok in 6.0 min
[8/12] temporal_draws/toniot_T2_panelA_s13_q0.2_L100 ...
      ok in 6.1 min
[9/12] temporal_draws/toniot_T2_panelA_s37_q0.1_L100 ...
      ok in 6.1 min
[10/12] temporal_draws/toniot_T2_panelA_s37_q0.2_L100 ...
      ok in 6.8 min
[11/12] temporal_draws/toniot_T2_panelA_s73_q0.1_L100 ...
      ok in 6.4 min
[12/12] temporal_draws/toniot_T2_panelA_s73_q0.2_L100 ...
      ok in 6.0 min

progress:
  temporal_draws: 42/42
state: C:\Users\AnThiwn\Desktop\PACT\results\full_run_state.json
