20 job(s) to run
[1/20] window_draws/cicids2017_panelA_s101_q0.1_L1 ...
      ok in 3.6 min
[2/20] window_draws/cicids2017_panelA_s101_q0.1_L5 ...
      ok in 3.4 min
[3/20] window_draws/cicids2017_panelA_s101_q0.2_L1 ...
      ok in 10.2 min
[4/20] window_draws/cicids2017_panelA_s101_q0.2_L5 ...
      ok in 7.1 min
[5/20] window_draws/cicids2017_panelA_s137_q0.1_L1 ...
      ok in 10.0 min
[6/20] window_draws/cicids2017_panelA_s137_q0.1_L5 ...
      ok in 6.7 min
[7/20] window_draws/cicids2017_panelA_s137_q0.2_L1 ...
      ok in 9.9 min
[8/20] window_draws/cicids2017_panelA_s137_q0.2_L5 ...
      ok in 6.3 min
[9/20] window_draws/cicids2017_panelA_s13_q0.1_L1 ...
      ok in 9.6 min
[10/20] window_draws/cicids2017_panelA_s13_q0.1_L5 ...
      ok in 6.1 min
[11/20] window_draws/cicids2017_panelA_s13_q0.2_L1 ...
      ok in 9.7 min
[12/20] window_draws/cicids2017_panelA_s13_q0.2_L5 ...
9 job(s) to run
[1/9] window_draws/cicids2017_panelA_s13_q0.2_L5 ...
      ok in 7.2 min
[2/9] window_draws/cicids2017_panelA_s37_q0.1_L1 ...
      ok in 9.2 min
[3/9] window_draws/cicids2017_panelA_s37_q0.1_L5 ...
      ok in 5.5 min
[4/9] window_draws/cicids2017_panelA_s37_q0.2_L1 ...
      ok in 9.4 min
[5/9] window_draws/cicids2017_panelA_s37_q0.2_L5 ...
      ok in 5.7 min
[6/9] window_draws/cicids2017_panelA_s73_q0.1_L1 ...
      ok in 9.4 min
[7/9] window_draws/cicids2017_panelA_s73_q0.1_L5 ...
      ok in 6.0 min
[8/9] window_draws/cicids2017_panelA_s73_q0.2_L1 ...
      ok in 9.6 min
[9/9] window_draws/cicids2017_panelA_s73_q0.2_L5 ...
      ok in 5.3 min

progress:
   window_draws: 20/20
state: C:\Users\AnThiwn\Desktop\PACT\results\full_run_state.json
10 job(s) to run
[1/10] window_draws/cicids2017_panelA_s101_q0.1_L100 ...
      ok in 8.2 min
[2/10] window_draws/cicids2017_panelA_s101_q0.2_L100 ...
      ok in 9.5 min
[3/10] window_draws/cicids2017_panelA_s137_q0.1_L100 ...
      ok in 9.3 min
[4/10] window_draws/cicids2017_panelA_s137_q0.2_L100 ...
      ok in 9.5 min
[5/10] window_draws/cicids2017_panelA_s13_q0.1_L100 ...
      ok in 8.9 min
[6/10] window_draws/cicids2017_panelA_s13_q0.2_L100 ...
      ok in 8.5 min
[7/10] window_draws/cicids2017_panelA_s37_q0.1_L100 ...
      ok in 7.8 min
[8/10] window_draws/cicids2017_panelA_s37_q0.2_L100 ...
      ok in 7.4 min
[9/10] window_draws/cicids2017_panelA_s73_q0.1_L100 ...
      ok in 6.8 min
[10/10] window_draws/cicids2017_panelA_s73_q0.2_L100 ...
      ok in 7.8 min

progress:
   window_draws: 30/30
state: C:\Users\AnThiwn\Desktop\PACT\results\full_run_state.json
