{
  "dataset": "cicids2017",
  "elapsed_seconds": 22.296117399999275,
  "methods": {
    "closed_backbone": {
      "delta_f1": 0.0,
      "known_accuracy": 0.42857142857142855,
      "known_macro_f1": 0.3876996721413184,
      "known_weighted_f1": 0.38782965785988033
    },
    "hedl": {
      "aupr_out": 0.5393742869804755,
      "delta_f1": -0.26493572831961987,
      "fpr95": 0.3868131868131868,
      "known_accuracy": 0.2175824175824176,
      "known_macro_f1": 0.12276394382169853,
      "known_weighted_f1": 0.12320030531517294,
      "open_world_macro_f1": 0.14225437138645528,
      "oscr": 0.19106227106227108,
      "scorer_density_reference_size": 500.0,
      "scorer_density_selection_margin": 0.2,
      "scorer_proxy_density_auroc": 0.7806682,
      "scorer_proxy_evidential_auroc": 0.49465359999999997,
      "scorer_score_mode": "density",
      "tpr_at_0_1_fpr": 0.0,
      "tpr_at_1_fpr": 0.3111111111111111,
      "tpr_at_5_fpr": 0.7111111111111111,
      "unknown_auroc": 0.9108424908424908,
      "unknown_f1": 0.4375,
      "unknown_precision": 0.7368421052631579,
      "unknown_recall": 0.3111111111111111
    }
  },
  "protocol": "loao",
  "rq": "rq1",
  "scenario": "Z1",
  "seed": 13
}
C:\Users\AnThiwn\AppData\Local\Programs\Python\Python312\python.exe -m experiments.open_set.run --rq rq1 --protocol loao --dataset cicids2017 --scenario Z1 --methods hedl,closed_backbone --seed 13 --epochs 1 --batch-size 64 --output C:\Users\AnThiwn\Desktop\PACT\results\three_rq\rq1\ours\loao\cicids2017\Z1\seed_13.json --max-rows 500
