{
  "dataset": "cicids2017",
  "elapsed_seconds": 16.49397879999924,
  "methods": {
    "hedl": {
      "aupr_out": 0.4270709439951873,
      "fpr95": 0.389010989010989,
      "known_accuracy": 0.210989010989011,
      "known_macro_f1": 0.14330765440090443,
      "known_weighted_f1": 0.14266361620114917,
      "open_world_macro_f1": 0.1448896382541196,
      "oscr": 0.19374847374847373,
      "scorer_density_reference_size": 500.0,
      "scorer_density_selection_margin": 0.2,
      "scorer_proxy_density_auroc": 0.780913,
      "scorer_proxy_evidential_auroc": 0.5031828,
      "scorer_score_mode": "density",
      "tpr_at_0_1_fpr": 0.0,
      "tpr_at_1_fpr": 0.044444444444444446,
      "tpr_at_5_fpr": 0.4444444444444444,
      "unknown_auroc": 0.8980219780219779,
      "unknown_f1": 0.2033898305084746,
      "unknown_precision": 0.42857142857142855,
      "unknown_recall": 0.13333333333333333
    }
  },
  "protocol": "difficulty",
  "rq": "rq2",
  "scenario": "Z1",
  "seed": 13
}
{
  "dataset": "cicids2017",
  "elapsed_seconds": 22.470903800000087,
  "methods": {
    "hedl": {
      "aupr_out": 0.4270709439951873,
      "fpr95": 0.389010989010989,
      "known_accuracy": 0.210989010989011,
      "known_macro_f1": 0.14330765440090443,
      "known_weighted_f1": 0.14266361620114917,
      "open_world_macro_f1": 0.1448896382541196,
      "oscr": 0.19374847374847373,
      "scorer_density_reference_size": 500.0,
      "scorer_density_selection_margin": 0.2,
      "scorer_proxy_density_auroc": 0.780913,
      "scorer_proxy_evidential_auroc": 0.5031828,
      "scorer_score_mode": "density",
      "tpr_at_0_1_fpr": 0.0,
      "tpr_at_1_fpr": 0.044444444444444446,
      "tpr_at_5_fpr": 0.4444444444444444,
      "unknown_auroc": 0.8980219780219779,
      "unknown_f1": 0.2033898305084746,
      "unknown_precision": 0.42857142857142855,
      "unknown_recall": 0.13333333333333333
    }
  },
  "protocol": "difficulty",
  "rq": "rq2",
  "scenario": "Z1",
  "seed": 13
}
{
  "dataset": "cicids2017",
  "elapsed_seconds": 17.734731900000043,
  "methods": {
    "hedl": {
      "aupr_out": 0.16574761124110174,
      "fpr95": 0.4726477024070022,
      "known_accuracy": 0.2210065645514223,
      "known_macro_f1": 0.15523115735270596,
      "known_weighted_f1": 0.15378318356109125,
      "open_world_macro_f1": 0.12496786552295647,
      "oscr": 0.14874561091038624,
      "scorer_density_reference_size": 500.0,
      "scorer_density_selection_margin": 0.2,
      "scorer_proxy_density_auroc": 0.7905092,
      "scorer_proxy_evidential_auroc": 0.5021752,
      "scorer_score_mode": "density",
      "tpr_at_0_1_fpr": 0.0,
      "tpr_at_1_fpr": 0.0,
      "tpr_at_5_fpr": 0.0,
      "unknown_auroc": 0.7288687598595491,
      "unknown_f1": 0.0,
      "unknown_precision": 0.0,
      "unknown_recall": 0.0
    }
  },
  "protocol": "difficulty",
  "rq": "rq2",
  "scenario": "Z2",
  "seed": 13
}
C:\Users\AnThiwn\AppData\Local\Programs\Python\Python312\python.exe -m experiments.open_set.run --rq rq2 --protocol difficulty --dataset cicids2017 --scenario Z1 --methods hedl --seed 13 --epochs 1 --batch-size 64 --output C:\Users\AnThiwn\Desktop\PACT\results\three_rq\rq2\ours\difficulty\openness\cicids2017\O1\seed_13.json --max-rows 500
C:\Users\AnThiwn\AppData\Local\Programs\Python\Python312\python.exe -m experiments.open_set.run --rq rq2 --protocol difficulty --dataset cicids2017 --scenario Z1 --methods hedl --seed 13 --epochs 1 --batch-size 64 --output C:\Users\AnThiwn\Desktop\PACT\results\three_rq\rq2\ours\difficulty\near_far\near\cicids2017\Z1\seed_13.json --max-rows 500
C:\Users\AnThiwn\AppData\Local\Programs\Python\Python312\python.exe -m experiments.open_set.run --rq rq2 --protocol difficulty --dataset cicids2017 --scenario Z2 --methods hedl --seed 13 --epochs 1 --batch-size 64 --output C:\Users\AnThiwn\Desktop\PACT\results\three_rq\rq2\ours\difficulty\near_far\far\cicids2017\Z2\seed_13.json --max-rows 500
