{
  "dataset": "cicids2017",
  "elapsed_seconds": 46.15737839999929,
  "methods": {
    "closr": {
      "aupr_out": 0.4062534134623758,
      "fpr95": 0.5956043956043956,
      "known_accuracy": 0.6307692307692307,
      "known_macro_f1": 0.5822250030286733,
      "known_weighted_f1": 0.5813420547728827,
      "open_world_macro_f1": 0.556259064151812,
      "oscr": 0.5279120879120879,
      "tpr_at_0_1_fpr": 0.0,
      "tpr_at_1_fpr": 0.28888888888888886,
      "tpr_at_5_fpr": 0.35555555555555557,
      "unknown_auroc": 0.7894505494505494,
      "unknown_f1": 0.4507042253521127,
      "unknown_precision": 0.6153846153846154,
      "unknown_recall": 0.35555555555555557
    },
    "efc": {
      "aupr_out": 0.3644565379074199,
      "fpr95": 0.810989010989011,
      "known_accuracy": 0.756043956043956,
      "known_macro_f1": 0.7273036718893998,
      "known_weighted_f1": 0.7275580885502289,
      "open_world_macro_f1": 0.6567114729532406,
      "oscr": 0.49352869352869355,
      "tpr_at_0_1_fpr": 0.0,
      "tpr_at_1_fpr": 0.08888888888888889,
      "tpr_at_5_fpr": 0.5777777777777777,
      "unknown_auroc": 0.659023199023199,
      "unknown_f1": 0.12,
      "unknown_precision": 0.6,
      "unknown_recall": 0.06666666666666667
    },
    "renoir_dml": {
      "aupr_out": 0.6042332721348495,
      "fpr95": 0.5802197802197803,
      "known_accuracy": 0.654945054945055,
      "known_macro_f1": 0.6219907019196822,
      "known_weighted_f1": 0.6216781101453052,
      "open_world_macro_f1": 0.600999684209011,
      "oscr": 0.5926739926739927,
      "tpr_at_0_1_fpr": 0.0,
      "tpr_at_1_fpr": 0.4666666666666667,
      "tpr_at_5_fpr": 0.7111111111111111,
      "unknown_auroc": 0.8836630036630037,
      "unknown_f1": 0.6075949367088608,
      "unknown_precision": 0.7058823529411765,
      "unknown_recall": 0.5333333333333333
    }
  },
  "protocol": "difficulty",
  "rq": "rq2",
  "scenario": "Z1",
  "seed": 13
}
{
  "dataset": "cicids2017",
  "elapsed_seconds": 45.404256100000566,
  "methods": {
    "closr": {
      "aupr_out": 0.4062534134623758,
      "fpr95": 0.5956043956043956,
      "known_accuracy": 0.6307692307692307,
      "known_macro_f1": 0.5822250030286733,
      "known_weighted_f1": 0.5813420547728827,
      "open_world_macro_f1": 0.556259064151812,
      "oscr": 0.5279120879120879,
      "tpr_at_0_1_fpr": 0.0,
      "tpr_at_1_fpr": 0.28888888888888886,
      "tpr_at_5_fpr": 0.35555555555555557,
      "unknown_auroc": 0.7894505494505494,
      "unknown_f1": 0.4507042253521127,
      "unknown_precision": 0.6153846153846154,
      "unknown_recall": 0.35555555555555557
    },
    "efc": {
      "aupr_out": 0.3644565379074199,
      "fpr95": 0.810989010989011,
      "known_accuracy": 0.756043956043956,
      "known_macro_f1": 0.7273036718893998,
      "known_weighted_f1": 0.7275580885502289,
      "open_world_macro_f1": 0.6567114729532406,
      "oscr": 0.49352869352869355,
      "tpr_at_0_1_fpr": 0.0,
      "tpr_at_1_fpr": 0.08888888888888889,
      "tpr_at_5_fpr": 0.5777777777777777,
      "unknown_auroc": 0.659023199023199,
      "unknown_f1": 0.12,
      "unknown_precision": 0.6,
      "unknown_recall": 0.06666666666666667
    },
    "renoir_dml": {
      "aupr_out": 0.6042332721348495,
      "fpr95": 0.5802197802197803,
      "known_accuracy": 0.654945054945055,
      "known_macro_f1": 0.6219907019196822,
      "known_weighted_f1": 0.6216781101453052,
      "open_world_macro_f1": 0.600999684209011,
      "oscr": 0.5926739926739927,
      "tpr_at_0_1_fpr": 0.0,
      "tpr_at_1_fpr": 0.4666666666666667,
      "tpr_at_5_fpr": 0.7111111111111111,
      "unknown_auroc": 0.8836630036630037,
      "unknown_f1": 0.6075949367088608,
      "unknown_precision": 0.7058823529411765,
      "unknown_recall": 0.5333333333333333
    }
  },
  "protocol": "difficulty",
  "rq": "rq2",
  "scenario": "Z1",
  "seed": 13
}
{
  "dataset": "cicids2017",
  "elapsed_seconds": 49.33727759999965,
  "methods": {
    "closr": {
      "aupr_out": 0.14891126456549106,
      "fpr95": 0.33916849015317285,
      "known_accuracy": 0.6520787746170679,
      "known_macro_f1": 0.6005749184391295,
      "known_weighted_f1": 0.600671566311873,
      "open_world_macro_f1": 0.5260072966701683,
      "oscr": 0.5007378759350669,
      "tpr_at_0_1_fpr": 0.0,
      "tpr_at_1_fpr": 0.0,
      "tpr_at_5_fpr": 0.0,
      "unknown_auroc": 0.7513103658846878,
      "unknown_f1": 0.0,
      "unknown_precision": 0.0,
      "unknown_recall": 0.0
    },
    "efc": {
      "aupr_out": 0.4443574199802245,
      "fpr95": 0.16849015317286653,
      "known_accuracy": 0.7549234135667396,
      "known_macro_f1": 0.7347562757934749,
      "known_weighted_f1": 0.7318106995003971,
      "open_world_macro_f1": 0.6571910698085022,
      "oscr": 0.737061727138568,
      "tpr_at_0_1_fpr": 0.0,
      "tpr_at_1_fpr": 0.0,
      "tpr_at_5_fpr": 0.4883720930232558,
      "unknown_auroc": 0.911760215765101,
      "unknown_f1": 0.038461538461538464,
      "unknown_precision": 0.1111111111111111,
      "unknown_recall": 0.023255813953488372
    },
    "renoir_dml": {
      "aupr_out": 0.2964635841117822,
      "fpr95": 0.34573304157549234,
      "known_accuracy": 0.6411378555798687,
      "known_macro_f1": 0.6048356105100684,
      "known_weighted_f1": 0.60510162601887,
      "open_world_macro_f1": 0.5342206661169359,
      "oscr": 0.5393109765406341,
      "tpr_at_0_1_fpr": 0.0,
      "tpr_at_1_fpr": 0.0,
      "tpr_at_5_fpr": 0.46511627906976744,
      "unknown_auroc": 0.8095771207572133,
      "unknown_f1": 0.0,
      "unknown_precision": 0.0,
      "unknown_recall": 0.0
    }
  },
  "protocol": "difficulty",
  "rq": "rq2",
  "scenario": "Z2",
  "seed": 13
}
C:\Users\AnThiwn\AppData\Local\Programs\Python\Python312\python.exe -m experiments.open_set.run --rq rq2 --protocol difficulty --dataset cicids2017 --scenario Z1 --methods closr,efc,renoir_dml --seed 13 --epochs 1 --batch-size 64 --output C:\Users\AnThiwn\Desktop\PACT\results\three_rq\rq2\baselines\difficulty\openness\cicids2017\O1\seed_13.json --max-rows 500
C:\Users\AnThiwn\AppData\Local\Programs\Python\Python312\python.exe -m experiments.open_set.run --rq rq2 --protocol difficulty --dataset cicids2017 --scenario Z1 --methods closr,efc,renoir_dml --seed 13 --epochs 1 --batch-size 64 --output C:\Users\AnThiwn\Desktop\PACT\results\three_rq\rq2\baselines\difficulty\near_far\near\cicids2017\Z1\seed_13.json --max-rows 500
C:\Users\AnThiwn\AppData\Local\Programs\Python\Python312\python.exe -m experiments.open_set.run --rq rq2 --protocol difficulty --dataset cicids2017 --scenario Z2 --methods closr,efc,renoir_dml --seed 13 --epochs 1 --batch-size 64 --output C:\Users\AnThiwn\Desktop\PACT\results\three_rq\rq2\baselines\difficulty\near_far\far\cicids2017\Z2\seed_13.json --max-rows 500
