[frontier] ciciomt2024_panelA_s13::hedl: auroc=0.8896 floor=None shape=uninformative_top
[frontier] ciciomt2024_panelA_s13::closr: auroc=0.1847 floor=None shape=uninformative_top
[frontier] ciciomt2024_panelA_s13::efc: auroc=0.6820 floor=None shape=uninformative_top
[frontier] ciciomt2024_panelA_s13::renoir_dml: auroc=0.2897 floor=None shape=uninformative_top
[frontier] ciciomt2024_panelB_s13::ori: auroc=0.0682 floor=None shape=uninformative_top
[frontier] ciciomt2024_panelB_s13::docpp: auroc=0.0841 floor=None shape=uninformative_top
[frontier] ciciomt2024_panelB_s13::ais_nids: auroc=0.3694 floor=None shape=uninformative_top
[frontier] ciciomt2024_panelB_s13::usfad: auroc=0.6481 floor=None shape=uninformative_top
[frontier] ciciomt2024_panelA_s37::hedl: auroc=0.8837 floor=None shape=uninformative_top
[frontier] ciciomt2024_panelA_s37::closr: auroc=0.2121 floor=None shape=uninformative_top
[frontier] ciciomt2024_panelA_s37::efc: auroc=0.6791 floor=None shape=uninformative_top
[frontier] ciciomt2024_panelA_s37::renoir_dml: auroc=0.2769 floor=None shape=uninformative_top
[frontier] ciciomt2024_panelB_s37::ori: auroc=0.0657 floor=None shape=uninformative_top
[frontier] ciciomt2024_panelB_s37::docpp: auroc=0.1459 floor=None shape=uninformative_top
[frontier] ciciomt2024_panelB_s37::ais_nids: auroc=0.3717 floor=None shape=uninformative_top
[frontier] ciciomt2024_panelB_s37::usfad: auroc=0.5972 floor=None shape=uninformative_top
[frontier] ciciomt2024_panelA_s73::hedl: auroc=0.9271 floor=None shape=uninformative_top
[frontier] ciciomt2024_panelA_s73::closr: auroc=0.1927 floor=None shape=uninformative_top
[frontier] ciciomt2024_panelA_s73::efc: auroc=0.6822 floor=None shape=uninformative_top
[frontier] ciciomt2024_panelA_s73::renoir_dml: auroc=0.2716 floor=None shape=uninformative_top
[frontier] ciciomt2024_panelB_s73::ori: auroc=0.0666 floor=None shape=uninformative_top
[frontier] ciciomt2024_panelB_s73::docpp: auroc=0.0542 floor=None shape=uninformative_top
[frontier] ciciomt2024_panelB_s73::ais_nids: auroc=0.3914 floor=None shape=uninformative_top
[frontier] ciciomt2024_panelB_s73::usfad: auroc=0.6501 floor=None shape=uninformative_top
[frontier] ciciomt2024_panelA_s101::hedl: auroc=0.8341 floor=None shape=uninformative_top
[frontier] ciciomt2024_panelA_s101::closr: auroc=0.3067 floor=None shape=uninformative_top
[frontier] ciciomt2024_panelA_s101::efc: auroc=0.6784 floor=None shape=uninformative_top
[frontier] ciciomt2024_panelA_s101::renoir_dml: auroc=0.2889 floor=None shape=uninformative_top
[frontier] ciciomt2024_panelB_s101::ori: auroc=0.0671 floor=None shape=uninformative_top
[frontier] ciciomt2024_panelB_s101::docpp: auroc=0.2112 floor=None shape=uninformative_top
[frontier] ciciomt2024_panelB_s101::ais_nids: auroc=0.2299 floor=None shape=uninformative_top
[frontier] ciciomt2024_panelB_s101::usfad: auroc=0.6318 floor=None shape=uninformative_top
[frontier] ciciomt2024_panelA_s137::hedl: auroc=0.9535 floor=None shape=uninformative_top
[frontier] ciciomt2024_panelA_s137::closr: auroc=0.2434 floor=None shape=uninformative_top
[frontier] ciciomt2024_panelA_s137::efc: auroc=0.6829 floor=None shape=uninformative_top
[frontier] ciciomt2024_panelA_s137::renoir_dml: auroc=0.2363 floor=None shape=uninformative_top
[frontier] ciciomt2024_panelB_s137::ori: auroc=0.0659 floor=None shape=uninformative_top
[frontier] ciciomt2024_panelB_s137::docpp: auroc=0.1293 floor=None shape=uninformative_top
[frontier] ciciomt2024_panelB_s137::ais_nids: auroc=0.2575 floor=None shape=uninformative_top
[frontier] ciciomt2024_panelB_s137::usfad: auroc=0.6679 floor=None shape=uninformative_top
[frontier] cicids2017_panelA_s13::hedl: auroc=0.9985 floor=0.001 shape=usable_at_target
[frontier] cicids2017_panelA_s13::closr: auroc=0.6839 floor=None shape=uninformative_top
[frontier] cicids2017_panelA_s13::efc: auroc=0.7982 floor=None shape=uninformative_top
[frontier] cicids2017_panelA_s13::renoir_dml: auroc=0.9890 floor=0.001 shape=usable_at_target
[frontier] cicids2017_panelB_s13::ori: auroc=0.9831 floor=0.001 shape=usable_at_target
[frontier] cicids2017_panelB_s13::docpp: auroc=0.9537 floor=0.001 shape=usable_at_target
[frontier] cicids2017_panelB_s13::ais_nids: auroc=0.9291 floor=0.02 shape=budget_limited
[frontier] cicids2017_panelB_s13::usfad: auroc=0.9155 floor=None shape=uninformative_top
[frontier] cicids2017_panelA_s37::hedl: auroc=0.9967 floor=0.001 shape=usable_at_target
[frontier] cicids2017_panelA_s37::closr: auroc=0.7485 floor=None shape=uninformative_top
[frontier] cicids2017_panelA_s37::efc: auroc=0.7982 floor=None shape=uninformative_top
[frontier] cicids2017_panelA_s37::renoir_dml: auroc=0.9797 floor=0.05 shape=budget_limited
[frontier] cicids2017_panelB_s37::ori: auroc=0.9817 floor=0.001 shape=usable_at_target
[frontier] cicids2017_panelB_s37::docpp: auroc=0.9478 floor=0.001 shape=usable_at_target
[frontier] cicids2017_panelB_s37::ais_nids: auroc=0.9132 floor=0.05 shape=budget_limited
[frontier] cicids2017_panelB_s37::usfad: auroc=0.9126 floor=None shape=uninformative_top
[frontier] cicids2017_panelA_s73::hedl: auroc=0.9980 floor=0.001 shape=usable_at_target
[frontier] cicids2017_panelA_s73::closr: auroc=0.6646 floor=None shape=uninformative_top
[frontier] cicids2017_panelA_s73::efc: auroc=0.7982 floor=None shape=uninformative_top
[frontier] cicids2017_panelA_s73::renoir_dml: auroc=0.9776 floor=0.1 shape=budget_limited
[frontier] cicids2017_panelB_s73::ori: auroc=0.9834 floor=0.001 shape=usable_at_target
[frontier] cicids2017_panelB_s73::docpp: auroc=0.8535 floor=0.001 shape=usable_at_target
[frontier] cicids2017_panelB_s73::ais_nids: auroc=0.9451 floor=0.001 shape=usable_at_target
[frontier] cicids2017_panelB_s73::usfad: auroc=0.9169 floor=None shape=uninformative_top
[frontier] cicids2017_panelA_s101::hedl: auroc=0.9979 floor=0.001 shape=usable_at_target
[frontier] cicids2017_panelA_s101::closr: auroc=0.6328 floor=None shape=uninformative_top
[frontier] cicids2017_panelA_s101::efc: auroc=0.7982 floor=None shape=uninformative_top
[frontier] cicids2017_panelA_s101::renoir_dml: auroc=0.9896 floor=0.001 shape=usable_at_target
[frontier] cicids2017_panelB_s101::ori: auroc=0.9843 floor=0.001 shape=usable_at_target
[frontier] cicids2017_panelB_s101::docpp: auroc=0.9481 floor=0.001 shape=usable_at_target
[frontier] cicids2017_panelB_s101::ais_nids: auroc=0.9235 floor=0.02 shape=budget_limited
[frontier] cicids2017_panelB_s101::usfad: auroc=0.9157 floor=None shape=uninformative_top
[frontier] cicids2017_panelA_s137::hedl: auroc=0.9969 floor=0.001 shape=usable_at_target
[frontier] cicids2017_panelA_s137::closr: auroc=0.7738 floor=None shape=uninformative_top
[frontier] cicids2017_panelA_s137::efc: auroc=0.7982 floor=None shape=uninformative_top
[frontier] cicids2017_panelA_s137::renoir_dml: auroc=0.9830 floor=0.02 shape=budget_limited
[frontier] cicids2017_panelB_s137::ori: auroc=0.9823 floor=0.001 shape=usable_at_target
[frontier] cicids2017_panelB_s137::docpp: auroc=0.9416 floor=0.001 shape=usable_at_target
[frontier] cicids2017_panelB_s137::ais_nids: auroc=0.9135 floor=0.1 shape=budget_limited
[frontier] cicids2017_panelB_s137::usfad: auroc=0.9208 floor=None shape=uninformative_top
[frontier] toniot_panelA_s13::hedl: auroc=0.9268 floor=None shape=uninformative_top
[frontier] toniot_panelA_s13::closr: auroc=0.7197 floor=None shape=uninformative_top
[frontier] toniot_panelA_s13::efc: auroc=0.5878 floor=0.001 shape=budget_limited
[frontier] toniot_panelA_s13::renoir_dml: auroc=0.8135 floor=None shape=uninformative_top
[frontier] toniot_panelB_s13::ori: auroc=0.8048 floor=0.25 shape=budget_limited
[frontier] toniot_panelB_s13::docpp: auroc=0.7715 floor=None shape=uninformative_top
[frontier] toniot_panelB_s13::ais_nids: auroc=0.8365 floor=None shape=uninformative_top
[frontier] toniot_panelB_s13::usfad: auroc=0.8826 floor=None shape=uninformative_top
[frontier] toniot_panelA_s37::hedl: auroc=0.9395 floor=0.25 shape=budget_limited
[frontier] toniot_panelA_s37::closr: auroc=0.9248 floor=None shape=uninformative_top
[frontier] toniot_panelA_s37::efc: auroc=0.5878 floor=0.001 shape=budget_limited
[frontier] toniot_panelA_s37::renoir_dml: auroc=0.8629 floor=None shape=uninformative_top
[frontier] toniot_panelB_s37::ori: auroc=0.7921 floor=None shape=uninformative_top
[frontier] toniot_panelB_s37::docpp: auroc=0.7457 floor=None shape=uninformative_top
[frontier] toniot_panelB_s37::ais_nids: auroc=0.8463 floor=None shape=uninformative_top
[frontier] toniot_panelB_s37::usfad: auroc=0.8834 floor=None shape=uninformative_top
[frontier] toniot_panelA_s73::hedl: auroc=0.9544 floor=0.25 shape=budget_limited
[frontier] toniot_panelA_s73::closr: auroc=0.8466 floor=None shape=uninformative_top
[frontier] toniot_panelA_s73::efc: auroc=0.5878 floor=0.001 shape=budget_limited
[frontier] toniot_panelA_s73::renoir_dml: auroc=0.8952 floor=None shape=uninformative_top
[frontier] toniot_panelB_s73::ori: auroc=0.8048 floor=None shape=uninformative_top
[frontier] toniot_panelB_s73::docpp: auroc=0.7592 floor=None shape=uninformative_top
[frontier] toniot_panelB_s73::ais_nids: auroc=0.7711 floor=None shape=uninformative_top
[frontier] toniot_panelB_s73::usfad: auroc=0.8926 floor=None shape=uninformative_top
[frontier] toniot_panelA_s101::hedl: auroc=0.9542 floor=0.25 shape=budget_limited
[frontier] toniot_panelA_s101::closr: auroc=0.8275 floor=None shape=uninformative_top
[frontier] toniot_panelA_s101::efc: auroc=0.5878 floor=0.001 shape=budget_limited
[frontier] toniot_panelA_s101::renoir_dml: auroc=0.8086 floor=None shape=uninformative_top
[frontier] toniot_panelB_s101::ori: auroc=0.7912 floor=None shape=uninformative_top
[frontier] toniot_panelB_s101::docpp: auroc=0.7470 floor=None shape=uninformative_top
[frontier] toniot_panelB_s101::ais_nids: auroc=0.7489 floor=None shape=uninformative_top
[frontier] toniot_panelB_s101::usfad: auroc=0.8718 floor=None shape=uninformative_top
[frontier] toniot_panelA_s137::hedl: auroc=0.9612 floor=0.25 shape=budget_limited
[frontier] toniot_panelA_s137::closr: auroc=0.8282 floor=None shape=uninformative_top
[frontier] toniot_panelA_s137::efc: auroc=0.5878 floor=0.001 shape=budget_limited
[frontier] toniot_panelA_s137::renoir_dml: auroc=0.8040 floor=None shape=uninformative_top
[frontier] toniot_panelB_s137::ori: auroc=0.7871 floor=0.25 shape=budget_limited
[frontier] toniot_panelB_s137::docpp: auroc=0.7061 floor=None shape=uninformative_top
[frontier] toniot_panelB_s137::ais_nids: auroc=0.8357 floor=None shape=uninformative_top
[frontier] toniot_panelB_s137::usfad: auroc=0.8837 floor=None shape=uninformative_top
[frontier] cse2018_panelA_s13::hedl: auroc=0.9998 floor=0.001 shape=usable_at_target
[frontier] cse2018_panelA_s13::closr: auroc=0.9363 floor=0.001 shape=usable_at_target
[frontier] cse2018_panelA_s13::efc: auroc=0.9837 floor=0.1 shape=budget_limited
[frontier] cse2018_panelA_s13::renoir_dml: auroc=0.9290 floor=None shape=uninformative_top
[frontier] cse2018_panelB_s13::ori: auroc=0.9818 floor=0.1 shape=budget_limited
[frontier] cse2018_panelB_s13::docpp: auroc=0.7506 floor=None shape=uninformative_top
[frontier] cse2018_panelB_s13::ais_nids: auroc=0.9573 floor=None shape=uninformative_top
[frontier] cse2018_panelB_s13::usfad: auroc=0.9497 floor=None shape=uninformative_top
[frontier] cse2018_panelA_s37::hedl: auroc=0.9997 floor=0.001 shape=usable_at_target
[frontier] cse2018_panelA_s37::closr: auroc=0.9265 floor=0.02 shape=budget_limited
[frontier] cse2018_panelA_s37::efc: auroc=0.9837 floor=0.1 shape=budget_limited
[frontier] cse2018_panelA_s37::renoir_dml: auroc=0.9854 floor=0.25 shape=budget_limited
[frontier] cse2018_panelB_s37::ori: auroc=0.9955 floor=0.001 shape=usable_at_target
[frontier] cse2018_panelB_s37::docpp: auroc=0.7328 floor=None shape=uninformative_top
[frontier] cse2018_panelB_s37::ais_nids: auroc=0.9329 floor=None shape=uninformative_top
[frontier] cse2018_panelB_s37::usfad: auroc=0.9385 floor=0.25 shape=budget_limited
[frontier] cse2018_panelA_s73::hedl: auroc=0.9999 floor=0.001 shape=usable_at_target
[frontier] cse2018_panelA_s73::closr: auroc=0.9872 floor=0.001 shape=usable_at_target
[frontier] cse2018_panelA_s73::efc: auroc=0.9837 floor=0.1 shape=budget_limited
[frontier] cse2018_panelA_s73::renoir_dml: auroc=0.9441 floor=None shape=uninformative_top
[frontier] cse2018_panelB_s73::ori: auroc=0.9941 floor=0.001 shape=usable_at_target
[frontier] cse2018_panelB_s73::docpp: auroc=0.7259 floor=None shape=uninformative_top
[frontier] cse2018_panelB_s73::ais_nids: auroc=0.9762 floor=0.25 shape=budget_limited
[frontier] cse2018_panelB_s73::usfad: auroc=0.9339 floor=None shape=uninformative_top
[frontier] cse2018_panelA_s101::hedl: auroc=0.9999 floor=0.001 shape=usable_at_target
[frontier] cse2018_panelA_s101::closr: auroc=0.9730 floor=0.1 shape=budget_limited
[frontier] cse2018_panelA_s101::efc: auroc=0.9837 floor=0.1 shape=budget_limited
[frontier] cse2018_panelA_s101::renoir_dml: auroc=0.9413 floor=None shape=uninformative_top
[frontier] cse2018_panelB_s101::ori: auroc=0.9928 floor=0.001 shape=usable_at_target
[frontier] cse2018_panelB_s101::docpp: auroc=0.7546 floor=None shape=uninformative_top
[frontier] cse2018_panelB_s101::ais_nids: auroc=0.9518 floor=None shape=uninformative_top
[frontier] cse2018_panelB_s101::usfad: auroc=0.9329 floor=None shape=uninformative_top
[frontier] cse2018_panelA_s137::hedl: auroc=0.9998 floor=0.001 shape=usable_at_target
[frontier] cse2018_panelA_s137::closr: auroc=0.9472 floor=0.001 shape=usable_at_target
[frontier] cse2018_panelA_s137::efc: auroc=0.9837 floor=0.1 shape=budget_limited
[frontier] cse2018_panelA_s137::renoir_dml: auroc=0.9747 floor=0.25 shape=budget_limited
[frontier] cse2018_panelB_s137::ori: auroc=0.9920 floor=0.001 shape=usable_at_target
[frontier] cse2018_panelB_s137::docpp: auroc=0.8304 floor=None shape=uninformative_top
[frontier] cse2018_panelB_s137::ais_nids: auroc=0.9176 floor=None shape=uninformative_top
[frontier] cse2018_panelB_s137::usfad: auroc=0.9330 floor=0.25 shape=budget_limited
[frontier] ciciomt2024_Z2_panelA_s13::hedl: auroc=0.3651 floor=None shape=uninformative_top
[frontier] ciciomt2024_Z2_panelA_s13::closr: auroc=0.7145 floor=None shape=uninformative_top
[frontier] ciciomt2024_Z2_panelA_s13::efc: auroc=0.3141 floor=None shape=uninformative_top
[frontier] ciciomt2024_Z2_panelA_s13::renoir_dml: auroc=0.6353 floor=None shape=uninformative_top
[frontier] ciciomt2024_Z2_panelB_s13::ori: auroc=0.2795 floor=None shape=uninformative_top
[frontier] ciciomt2024_Z2_panelB_s13::docpp: auroc=0.4720 floor=None shape=uninformative_top
[frontier] ciciomt2024_Z2_panelB_s13::ais_nids: auroc=0.8209 floor=None shape=uninformative_top
[frontier] ciciomt2024_Z2_panelB_s13::usfad: auroc=0.8446 floor=None shape=uninformative_top
[frontier] cicids2017_Z2_panelA_s13::hedl: auroc=0.9989 floor=0.001 shape=usable_at_target
[frontier] cicids2017_Z2_panelA_s13::closr: auroc=0.7264 floor=None shape=uninformative_top
[frontier] cicids2017_Z2_panelA_s13::efc: auroc=0.9221 floor=0.1 shape=budget_limited
[frontier] cicids2017_Z2_panelA_s13::renoir_dml: auroc=0.8437 floor=None shape=uninformative_top
[frontier] cicids2017_Z2_panelB_s13::ori: auroc=0.9837 floor=0.05 shape=budget_limited
[frontier] cicids2017_Z2_panelB_s13::docpp: auroc=0.9953 floor=0.005 shape=usable_at_target
[frontier] cicids2017_Z2_panelB_s13::ais_nids: auroc=0.8540 floor=None shape=uninformative_top
[frontier] cicids2017_Z2_panelB_s13::usfad: auroc=0.8711 floor=None shape=uninformative_top
[frontier] cicids2017_Z3_panelA_s13::hedl: auroc=0.9941 floor=0.05 shape=budget_limited
[frontier] cicids2017_Z3_panelA_s13::closr: auroc=0.9792 floor=0.05 shape=budget_limited
[frontier] cicids2017_Z3_panelA_s13::efc: auroc=0.2064 floor=None shape=uninformative_top
[frontier] cicids2017_Z3_panelA_s13::renoir_dml: auroc=0.9120 floor=None shape=uninformative_top
[frontier] cicids2017_Z3_panelB_s13::ori: auroc=0.8236 floor=None shape=uninformative_top
[frontier] cicids2017_Z3_panelB_s13::docpp: auroc=0.9406 floor=0.25 shape=budget_limited
[frontier] cicids2017_Z3_panelB_s13::ais_nids: auroc=0.8270 floor=None shape=uninformative_top
[frontier] cicids2017_Z3_panelB_s13::usfad: auroc=0.8947 floor=None shape=uninformative_top
[frontier] toniot_Z2_panelA_s13::hedl: auroc=0.9507 floor=0.05 shape=budget_limited
[frontier] toniot_Z2_panelA_s13::closr: auroc=0.8138 floor=None shape=uninformative_top
[frontier] toniot_Z2_panelA_s13::efc: auroc=0.6776 floor=None shape=uninformative_top
[frontier] toniot_Z2_panelA_s13::renoir_dml: auroc=0.7190 floor=None shape=uninformative_top
[frontier] toniot_Z2_panelB_s13::ori: auroc=0.9440 floor=0.25 shape=budget_limited
[frontier] toniot_Z2_panelB_s13::docpp: auroc=0.7970 floor=None shape=uninformative_top
[frontier] toniot_Z2_panelB_s13::ais_nids: auroc=0.7814 floor=None shape=uninformative_top
[frontier] toniot_Z2_panelB_s13::usfad: auroc=0.7927 floor=None shape=uninformative_top
[frontier] toniot_Z3_panelA_s13::hedl: auroc=0.9948 floor=0.02 shape=budget_limited
[frontier] toniot_Z3_panelA_s13::closr: auroc=0.8464 floor=None shape=uninformative_top
[frontier] toniot_Z3_panelA_s13::efc: auroc=0.9409 floor=0.25 shape=budget_limited
[frontier] toniot_Z3_panelA_s13::renoir_dml: auroc=0.9197 floor=None shape=uninformative_top
[frontier] toniot_Z3_panelB_s13::ori: auroc=0.9860 floor=0.001 shape=usable_at_target
[frontier] toniot_Z3_panelB_s13::docpp: auroc=0.6585 floor=None shape=uninformative_top
[frontier] toniot_Z3_panelB_s13::ais_nids: auroc=0.9404 floor=None shape=uninformative_top
[frontier] toniot_Z3_panelB_s13::usfad: auroc=0.9523 floor=None shape=uninformative_top
[frontier] cse2018_Z2_panelA_s13::hedl: auroc=0.9988 floor=0.001 shape=usable_at_target
[frontier] cse2018_Z2_panelA_s13::closr: auroc=0.9090 floor=0.001 shape=usable_at_target
[frontier] cse2018_Z2_panelA_s13::efc: auroc=0.9809 floor=0.25 shape=budget_limited
[frontier] cse2018_Z2_panelA_s13::renoir_dml: auroc=0.9832 floor=0.001 shape=usable_at_target
[frontier] cse2018_Z2_panelB_s13::ori: auroc=0.9782 floor=0.001 shape=usable_at_target
[frontier] cse2018_Z2_panelB_s13::docpp: auroc=0.8092 floor=0.001 shape=usable_at_target
[frontier] cse2018_Z2_panelB_s13::ais_nids: auroc=0.9509 floor=0.01 shape=usable_at_target
[frontier] cse2018_Z2_panelB_s13::usfad: auroc=0.9784 floor=0.02 shape=budget_limited
[frontier] cse2018_Z3_panelA_s13::hedl: auroc=0.9665 floor=0.001 shape=usable_at_target
[frontier] cse2018_Z3_panelA_s13::closr: auroc=0.9061 floor=None shape=uninformative_top
[frontier] cse2018_Z3_panelA_s13::efc: auroc=0.8835 floor=None shape=uninformative_top
[frontier] cse2018_Z3_panelA_s13::renoir_dml: auroc=0.9239 floor=0.001 shape=usable_at_target
[frontier] cse2018_Z3_panelB_s13::ori: auroc=0.9250 floor=0.25 shape=budget_limited
[frontier] cse2018_Z3_panelB_s13::docpp: auroc=0.6597 floor=0.25 shape=budget_limited
[frontier] cse2018_Z3_panelB_s13::ais_nids: auroc=0.9204 floor=0.05 shape=budget_limited
[frontier] cse2018_Z3_panelB_s13::usfad: auroc=0.9343 floor=0.1 shape=budget_limited
[frontier] ciciomt2024_Z2_panelA_s37::hedl: auroc=0.4752 floor=None shape=uninformative_top
[frontier] ciciomt2024_Z2_panelA_s37::closr: auroc=0.6581 floor=None shape=uninformative_top
[frontier] ciciomt2024_Z2_panelA_s37::efc: auroc=0.3147 floor=None shape=uninformative_top
[frontier] ciciomt2024_Z2_panelA_s37::renoir_dml: auroc=0.6163 floor=None shape=uninformative_top
[frontier] ciciomt2024_Z2_panelB_s37::ori: auroc=0.2761 floor=None shape=uninformative_top
[frontier] ciciomt2024_Z2_panelB_s37::docpp: auroc=0.4667 floor=None shape=uninformative_top
[frontier] ciciomt2024_Z2_panelB_s37::ais_nids: auroc=0.8137 floor=None shape=uninformative_top
[frontier] ciciomt2024_Z2_panelB_s37::usfad: auroc=0.8537 floor=None shape=uninformative_top
[frontier] cicids2017_Z2_panelA_s37::hedl: auroc=0.9991 floor=0.001 shape=usable_at_target
[frontier] cicids2017_Z2_panelA_s37::closr: auroc=0.8774 floor=None shape=uninformative_top
[frontier] cicids2017_Z2_panelA_s37::efc: auroc=0.9221 floor=0.1 shape=budget_limited
[frontier] cicids2017_Z2_panelA_s37::renoir_dml: auroc=0.8808 floor=None shape=uninformative_top
[frontier] cicids2017_Z2_panelB_s37::ori: auroc=0.9831 floor=0.05 shape=budget_limited
[frontier] cicids2017_Z2_panelB_s37::docpp: auroc=0.9968 floor=0.001 shape=usable_at_target
[frontier] cicids2017_Z2_panelB_s37::ais_nids: auroc=0.8476 floor=None shape=uninformative_top
[frontier] cicids2017_Z2_panelB_s37::usfad: auroc=0.8658 floor=None shape=uninformative_top
[frontier] cicids2017_Z3_panelA_s37::hedl: auroc=0.9956 floor=0.02 shape=budget_limited
[frontier] cicids2017_Z3_panelA_s37::closr: auroc=0.9868 floor=0.05 shape=budget_limited
[frontier] cicids2017_Z3_panelA_s37::efc: auroc=0.2064 floor=None shape=uninformative_top
[frontier] cicids2017_Z3_panelA_s37::renoir_dml: auroc=0.9218 floor=None shape=uninformative_top
[frontier] cicids2017_Z3_panelB_s37::ori: auroc=0.7937 floor=None shape=uninformative_top
[frontier] cicids2017_Z3_panelB_s37::docpp: auroc=0.9214 floor=None shape=uninformative_top
[frontier] cicids2017_Z3_panelB_s37::ais_nids: auroc=0.8058 floor=None shape=uninformative_top
[frontier] cicids2017_Z3_panelB_s37::usfad: auroc=0.9050 floor=None shape=uninformative_top
[frontier] toniot_Z2_panelA_s37::hedl: auroc=0.9480 floor=0.25 shape=budget_limited
[frontier] toniot_Z2_panelA_s37::closr: auroc=0.7906 floor=None shape=uninformative_top
[frontier] toniot_Z2_panelA_s37::efc: auroc=0.6776 floor=None shape=uninformative_top
[frontier] toniot_Z2_panelA_s37::renoir_dml: auroc=0.6802 floor=None shape=uninformative_top
[frontier] toniot_Z2_panelB_s37::ori: auroc=0.9457 floor=0.25 shape=budget_limited
[frontier] toniot_Z2_panelB_s37::docpp: auroc=0.8293 floor=None shape=uninformative_top
[frontier] toniot_Z2_panelB_s37::ais_nids: auroc=0.8073 floor=None shape=uninformative_top
[frontier] toniot_Z2_panelB_s37::usfad: auroc=0.7903 floor=None shape=uninformative_top
[frontier] toniot_Z3_panelA_s37::hedl: auroc=0.9946 floor=0.001 shape=budget_limited
[frontier] toniot_Z3_panelA_s37::closr: auroc=0.8697 floor=None shape=uninformative_top
[frontier] toniot_Z3_panelA_s37::efc: auroc=0.9409 floor=0.25 shape=budget_limited
[frontier] toniot_Z3_panelA_s37::renoir_dml: auroc=0.8723 floor=None shape=uninformative_top
[frontier] toniot_Z3_panelB_s37::ori: auroc=0.9843 floor=0.02 shape=budget_limited
[frontier] toniot_Z3_panelB_s37::docpp: auroc=0.8313 floor=0.1 shape=budget_limited
[frontier] toniot_Z3_panelB_s37::ais_nids: auroc=0.9625 floor=0.25 shape=budget_limited
[frontier] toniot_Z3_panelB_s37::usfad: auroc=0.9469 floor=None shape=uninformative_top
[frontier] cse2018_Z2_panelA_s37::hedl: auroc=0.9847 floor=0.25 shape=budget_limited
[frontier] cse2018_Z2_panelA_s37::closr: auroc=0.9661 floor=0.001 shape=usable_at_target
[frontier] cse2018_Z2_panelA_s37::efc: auroc=0.9809 floor=0.25 shape=budget_limited
[frontier] cse2018_Z2_panelA_s37::renoir_dml: auroc=0.9798 floor=0.001 shape=usable_at_target
[frontier] cse2018_Z2_panelB_s37::ori: auroc=0.9736 floor=0.001 shape=usable_at_target
[frontier] cse2018_Z2_panelB_s37::docpp: auroc=0.8886 floor=0.001 shape=usable_at_target
[frontier] cse2018_Z2_panelB_s37::ais_nids: auroc=0.9535 floor=0.001 shape=usable_at_target
[frontier] cse2018_Z2_panelB_s37::usfad: auroc=0.9781 floor=0.05 shape=budget_limited
[frontier] cse2018_Z3_panelA_s37::hedl: auroc=0.9485 floor=0.001 shape=usable_at_target
[frontier] cse2018_Z3_panelA_s37::closr: auroc=0.8800 floor=0.05 shape=budget_limited
[frontier] cse2018_Z3_panelA_s37::efc: auroc=0.8835 floor=None shape=uninformative_top
[frontier] cse2018_Z3_panelA_s37::renoir_dml: auroc=0.9493 floor=0.25 shape=budget_limited
[frontier] cse2018_Z3_panelB_s37::ori: auroc=0.9359 floor=None shape=uninformative_top
[frontier] cse2018_Z3_panelB_s37::docpp: auroc=0.7768 floor=0.1 shape=budget_limited
[frontier] cse2018_Z3_panelB_s37::ais_nids: auroc=0.9220 floor=0.001 shape=usable_at_target
[frontier] cse2018_Z3_panelB_s37::usfad: auroc=0.9360 floor=0.05 shape=budget_limited
[frontier] ciciomt2024_Z2_panelA_s73::hedl: auroc=0.4931 floor=None shape=uninformative_top
[frontier] ciciomt2024_Z2_panelA_s73::closr: auroc=0.6774 floor=None shape=uninformative_top
[frontier] ciciomt2024_Z2_panelA_s73::efc: auroc=0.3143 floor=None shape=uninformative_top
[frontier] ciciomt2024_Z2_panelA_s73::renoir_dml: auroc=0.6117 floor=None shape=uninformative_top
[frontier] ciciomt2024_Z2_panelB_s73::ori: auroc=0.2839 floor=None shape=uninformative_top
[frontier] ciciomt2024_Z2_panelB_s73::docpp: auroc=0.4653 floor=None shape=uninformative_top
[frontier] ciciomt2024_Z2_panelB_s73::ais_nids: auroc=0.8071 floor=None shape=uninformative_top
[frontier] ciciomt2024_Z2_panelB_s73::usfad: auroc=0.8455 floor=None shape=uninformative_top
[frontier] cicids2017_Z2_panelA_s73::hedl: auroc=0.9989 floor=0.001 shape=usable_at_target
[frontier] cicids2017_Z2_panelA_s73::closr: auroc=0.8045 floor=None shape=uninformative_top
[frontier] cicids2017_Z2_panelA_s73::efc: auroc=0.9221 floor=0.1 shape=budget_limited
[frontier] cicids2017_Z2_panelA_s73::renoir_dml: auroc=0.8500 floor=None shape=uninformative_top
[frontier] cicids2017_Z2_panelB_s73::ori: auroc=0.9830 floor=0.1 shape=budget_limited
[frontier] cicids2017_Z2_panelB_s73::docpp: auroc=0.9958 floor=0.001 shape=usable_at_target
[frontier] cicids2017_Z2_panelB_s73::ais_nids: auroc=0.8571 floor=None shape=uninformative_top
[frontier] cicids2017_Z2_panelB_s73::usfad: auroc=0.8559 floor=None shape=uninformative_top
[frontier] cicids2017_Z3_panelA_s73::hedl: auroc=0.9939 floor=0.05 shape=budget_limited
[frontier] cicids2017_Z3_panelA_s73::closr: auroc=0.9829 floor=0.02 shape=budget_limited
[frontier] cicids2017_Z3_panelA_s73::efc: auroc=0.2064 floor=None shape=uninformative_top
[frontier] cicids2017_Z3_panelA_s73::renoir_dml: auroc=0.8761 floor=None shape=uninformative_top
[frontier] cicids2017_Z3_panelB_s73::ori: auroc=0.7544 floor=None shape=uninformative_top
[frontier] cicids2017_Z3_panelB_s73::docpp: auroc=0.9455 floor=0.25 shape=budget_limited
[frontier] cicids2017_Z3_panelB_s73::ais_nids: auroc=0.8246 floor=None shape=uninformative_top
[frontier] cicids2017_Z3_panelB_s73::usfad: auroc=0.8912 floor=None shape=uninformative_top
[frontier] toniot_Z2_panelA_s73::hedl: auroc=0.9533 floor=0.25 shape=budget_limited
[frontier] toniot_Z2_panelA_s73::closr: auroc=0.8250 floor=None shape=uninformative_top
[frontier] toniot_Z2_panelA_s73::efc: auroc=0.6776 floor=None shape=uninformative_top
[frontier] toniot_Z2_panelA_s73::renoir_dml: auroc=0.6926 floor=None shape=uninformative_top
[frontier] toniot_Z2_panelB_s73::ori: auroc=0.9446 floor=0.25 shape=budget_limited
[frontier] toniot_Z2_panelB_s73::docpp: auroc=0.8604 floor=0.25 shape=budget_limited
[frontier] toniot_Z2_panelB_s73::ais_nids: auroc=0.7760 floor=None shape=uninformative_top
[frontier] toniot_Z2_panelB_s73::usfad: auroc=0.7900 floor=None shape=uninformative_top
[frontier] toniot_Z3_panelA_s73::hedl: auroc=0.9893 floor=0.05 shape=budget_limited
[frontier] toniot_Z3_panelA_s73::closr: auroc=0.8403 floor=None shape=uninformative_top
[frontier] toniot_Z3_panelA_s73::efc: auroc=0.9409 floor=0.25 shape=budget_limited
[frontier] toniot_Z3_panelA_s73::renoir_dml: auroc=0.8942 floor=None shape=uninformative_top
[frontier] toniot_Z3_panelB_s73::ori: auroc=0.9844 floor=0.02 shape=budget_limited
[frontier] toniot_Z3_panelB_s73::docpp: auroc=0.7607 floor=None shape=uninformative_top
[frontier] toniot_Z3_panelB_s73::ais_nids: auroc=0.9410 floor=None shape=uninformative_top
[frontier] toniot_Z3_panelB_s73::usfad: auroc=0.9431 floor=None shape=uninformative_top
[frontier] cse2018_Z2_panelA_s73::hedl: auroc=0.9971 floor=0.001 shape=usable_at_target
[frontier] cse2018_Z2_panelA_s73::closr: auroc=0.9451 floor=0.25 shape=budget_limited
[frontier] cse2018_Z2_panelA_s73::efc: auroc=0.9809 floor=0.25 shape=budget_limited
[frontier] cse2018_Z2_panelA_s73::renoir_dml: auroc=0.9864 floor=0.001 shape=usable_at_target
[frontier] cse2018_Z2_panelB_s73::ori: auroc=0.9789 floor=0.001 shape=usable_at_target
[frontier] cse2018_Z2_panelB_s73::docpp: auroc=0.8340 floor=0.001 shape=usable_at_target
[frontier] cse2018_Z2_panelB_s73::ais_nids: auroc=0.9476 floor=0.001 shape=usable_at_target
[frontier] cse2018_Z2_panelB_s73::usfad: auroc=0.9769 floor=0.05 shape=budget_limited
[frontier] cse2018_Z3_panelA_s73::hedl: auroc=0.9754 floor=0.001 shape=usable_at_target
[frontier] cse2018_Z3_panelA_s73::closr: auroc=0.8768 floor=0.05 shape=budget_limited
[frontier] cse2018_Z3_panelA_s73::efc: auroc=0.8835 floor=None shape=uninformative_top
[frontier] cse2018_Z3_panelA_s73::renoir_dml: auroc=0.9476 floor=0.05 shape=budget_limited
[frontier] cse2018_Z3_panelB_s73::ori: auroc=0.9353 floor=0.25 shape=budget_limited
[frontier] cse2018_Z3_panelB_s73::docpp: auroc=0.7203 floor=0.1 shape=budget_limited
[frontier] cse2018_Z3_panelB_s73::ais_nids: auroc=0.9217 floor=0.005 shape=usable_at_target
[frontier] cse2018_Z3_panelB_s73::usfad: auroc=0.9328 floor=0.25 shape=budget_limited
[frontier] ciciomt2024_Z2_panelA_s101::hedl: auroc=0.4140 floor=None shape=uninformative_top
[frontier] ciciomt2024_Z2_panelA_s101::closr: auroc=0.6771 floor=None shape=uninformative_top
[frontier] ciciomt2024_Z2_panelA_s101::efc: auroc=0.3155 floor=None shape=uninformative_top
[frontier] ciciomt2024_Z2_panelA_s101::renoir_dml: auroc=0.5966 floor=None shape=uninformative_top
[frontier] ciciomt2024_Z2_panelB_s101::ori: auroc=0.2780 floor=None shape=uninformative_top
[frontier] ciciomt2024_Z2_panelB_s101::docpp: auroc=0.4317 floor=None shape=uninformative_top
[frontier] ciciomt2024_Z2_panelB_s101::ais_nids: auroc=0.8074 floor=None shape=uninformative_top
[frontier] ciciomt2024_Z2_panelB_s101::usfad: auroc=0.8503 floor=None shape=uninformative_top
[frontier] cicids2017_Z2_panelA_s101::hedl: auroc=0.9990 floor=0.001 shape=usable_at_target
[frontier] cicids2017_Z2_panelA_s101::closr: auroc=0.7575 floor=None shape=uninformative_top
[frontier] cicids2017_Z2_panelA_s101::efc: auroc=0.9221 floor=0.1 shape=budget_limited
[frontier] cicids2017_Z2_panelA_s101::renoir_dml: auroc=0.8783 floor=None shape=uninformative_top
[frontier] cicids2017_Z2_panelB_s101::ori: auroc=0.9847 floor=0.05 shape=budget_limited
[frontier] cicids2017_Z2_panelB_s101::docpp: auroc=0.9959 floor=0.001 shape=usable_at_target
[frontier] cicids2017_Z2_panelB_s101::ais_nids: auroc=0.7989 floor=None shape=uninformative_top
[frontier] cicids2017_Z2_panelB_s101::usfad: auroc=0.8591 floor=None shape=uninformative_top
[frontier] cicids2017_Z3_panelA_s101::hedl: auroc=0.9926 floor=0.05 shape=budget_limited
[frontier] cicids2017_Z3_panelA_s101::closr: auroc=0.9815 floor=0.05 shape=budget_limited
[frontier] cicids2017_Z3_panelA_s101::efc: auroc=0.2064 floor=None shape=uninformative_top
[frontier] cicids2017_Z3_panelA_s101::renoir_dml: auroc=0.9354 floor=0.25 shape=budget_limited
[frontier] cicids2017_Z3_panelB_s101::ori: auroc=0.8221 floor=None shape=uninformative_top
[frontier] cicids2017_Z3_panelB_s101::docpp: auroc=0.9439 floor=None shape=uninformative_top
[frontier] cicids2017_Z3_panelB_s101::ais_nids: auroc=0.8861 floor=None shape=uninformative_top
[frontier] cicids2017_Z3_panelB_s101::usfad: auroc=0.8843 floor=None shape=uninformative_top
[frontier] toniot_Z2_panelA_s101::hedl: auroc=0.9546 floor=0.25 shape=budget_limited
[frontier] toniot_Z2_panelA_s101::closr: auroc=0.8585 floor=None shape=uninformative_top
[frontier] toniot_Z2_panelA_s101::efc: auroc=0.6776 floor=None shape=uninformative_top
[frontier] toniot_Z2_panelA_s101::renoir_dml: auroc=0.6991 floor=None shape=uninformative_top
[frontier] toniot_Z2_panelB_s101::ori: auroc=0.9451 floor=0.25 shape=budget_limited
[frontier] toniot_Z2_panelB_s101::docpp: auroc=0.7949 floor=None shape=uninformative_top
[frontier] toniot_Z2_panelB_s101::ais_nids: auroc=0.8133 floor=None shape=uninformative_top
[frontier] toniot_Z2_panelB_s101::usfad: auroc=0.7915 floor=None shape=uninformative_top
[frontier] toniot_Z3_panelA_s101::hedl: auroc=0.9926 floor=0.001 shape=usable_at_target
[frontier] toniot_Z3_panelA_s101::closr: auroc=0.8935 floor=None shape=uninformative_top
[frontier] toniot_Z3_panelA_s101::efc: auroc=0.9409 floor=0.25 shape=budget_limited
[frontier] toniot_Z3_panelA_s101::renoir_dml: auroc=0.9418 floor=None shape=uninformative_top
[frontier] toniot_Z3_panelB_s101::ori: auroc=0.9811 floor=0.02 shape=budget_limited
[frontier] toniot_Z3_panelB_s101::docpp: auroc=0.8516 floor=0.25 shape=budget_limited
[frontier] toniot_Z3_panelB_s101::ais_nids: auroc=0.9476 floor=None shape=uninformative_top
[frontier] toniot_Z3_panelB_s101::usfad: auroc=0.9493 floor=None shape=uninformative_top
[frontier] cse2018_Z2_panelA_s101::hedl: auroc=0.9978 floor=0.001 shape=usable_at_target
[frontier] cse2018_Z2_panelA_s101::closr: auroc=0.9150 floor=0.25 shape=budget_limited
[frontier] cse2018_Z2_panelA_s101::efc: auroc=0.9809 floor=0.25 shape=budget_limited
[frontier] cse2018_Z2_panelA_s101::renoir_dml: auroc=0.9755 floor=0.05 shape=budget_limited
[frontier] cse2018_Z2_panelB_s101::ori: auroc=0.9841 floor=0.001 shape=usable_at_target
[frontier] cse2018_Z2_panelB_s101::docpp: auroc=0.9146 floor=0.001 shape=usable_at_target
[frontier] cse2018_Z2_panelB_s101::ais_nids: auroc=0.9519 floor=0.05 shape=budget_limited
[frontier] cse2018_Z2_panelB_s101::usfad: auroc=0.9758 floor=0.05 shape=budget_limited
[frontier] cse2018_Z3_panelA_s101::hedl: auroc=0.9616 floor=0.001 shape=usable_at_target
[frontier] cse2018_Z3_panelA_s101::closr: auroc=0.8973 floor=None shape=uninformative_top
[frontier] cse2018_Z3_panelA_s101::efc: auroc=0.8835 floor=None shape=uninformative_top
[frontier] cse2018_Z3_panelA_s101::renoir_dml: auroc=0.9143 floor=0.1 shape=budget_limited
[frontier] cse2018_Z3_panelB_s101::ori: auroc=0.9293 floor=None shape=uninformative_top
[frontier] cse2018_Z3_panelB_s101::docpp: auroc=0.8751 floor=0.001 shape=usable_at_target
[frontier] cse2018_Z3_panelB_s101::ais_nids: auroc=0.9234 floor=0.02 shape=budget_limited
[frontier] cse2018_Z3_panelB_s101::usfad: auroc=0.9341 floor=0.1 shape=budget_limited
[frontier] ciciomt2024_Z2_panelA_s137::hedl: auroc=0.4907 floor=None shape=uninformative_top
[frontier] ciciomt2024_Z2_panelA_s137::closr: auroc=0.7604 floor=None shape=uninformative_top
[frontier] ciciomt2024_Z2_panelA_s137::efc: auroc=0.3110 floor=None shape=uninformative_top
[frontier] ciciomt2024_Z2_panelA_s137::renoir_dml: auroc=0.6487 floor=None shape=uninformative_top
[frontier] ciciomt2024_Z2_panelB_s137::ori: auroc=0.2843 floor=None shape=uninformative_top
[frontier] ciciomt2024_Z2_panelB_s137::docpp: auroc=0.4422 floor=None shape=uninformative_top
[frontier] ciciomt2024_Z2_panelB_s137::ais_nids: auroc=0.8095 floor=None shape=uninformative_top
[frontier] ciciomt2024_Z2_panelB_s137::usfad: auroc=0.8478 floor=None shape=uninformative_top
[frontier] cicids2017_Z2_panelA_s137::hedl: auroc=0.9988 floor=0.001 shape=usable_at_target
[frontier] cicids2017_Z2_panelA_s137::closr: auroc=0.9516 floor=None shape=uninformative_top
[frontier] cicids2017_Z2_panelA_s137::efc: auroc=0.9221 floor=0.1 shape=budget_limited
[frontier] cicids2017_Z2_panelA_s137::renoir_dml: auroc=0.8566 floor=None shape=uninformative_top
[frontier] cicids2017_Z2_panelB_s137::ori: auroc=0.9841 floor=0.05 shape=budget_limited
[frontier] cicids2017_Z2_panelB_s137::docpp: auroc=0.9942 floor=0.005 shape=usable_at_target
[frontier] cicids2017_Z2_panelB_s137::ais_nids: auroc=0.8237 floor=None shape=uninformative_top
[frontier] cicids2017_Z2_panelB_s137::usfad: auroc=0.8724 floor=None shape=uninformative_top
[frontier] cicids2017_Z3_panelA_s137::hedl: auroc=0.9959 floor=0.02 shape=budget_limited
[frontier] cicids2017_Z3_panelA_s137::closr: auroc=0.9481 floor=None shape=uninformative_top
[frontier] cicids2017_Z3_panelA_s137::efc: auroc=0.2064 floor=None shape=uninformative_top
[frontier] cicids2017_Z3_panelA_s137::renoir_dml: auroc=0.9053 floor=None shape=uninformative_top
[frontier] cicids2017_Z3_panelB_s137::ori: auroc=0.7898 floor=None shape=uninformative_top
[frontier] cicids2017_Z3_panelB_s137::docpp: auroc=0.6369 floor=None shape=uninformative_top
[frontier] cicids2017_Z3_panelB_s137::ais_nids: auroc=0.8659 floor=None shape=uninformative_top
[frontier] cicids2017_Z3_panelB_s137::usfad: auroc=0.9041 floor=None shape=uninformative_top
[frontier] toniot_Z2_panelA_s137::hedl: auroc=0.9537 floor=0.25 shape=budget_limited
[frontier] toniot_Z2_panelA_s137::closr: auroc=0.8536 floor=None shape=uninformative_top
[frontier] toniot_Z2_panelA_s137::efc: auroc=0.6776 floor=None shape=uninformative_top
[frontier] toniot_Z2_panelA_s137::renoir_dml: auroc=0.6994 floor=None shape=uninformative_top
[frontier] toniot_Z2_panelB_s137::ori: auroc=0.9438 floor=0.25 shape=budget_limited
[frontier] toniot_Z2_panelB_s137::docpp: auroc=0.7656 floor=None shape=uninformative_top
[frontier] toniot_Z2_panelB_s137::ais_nids: auroc=0.7849 floor=None shape=uninformative_top
[frontier] toniot_Z2_panelB_s137::usfad: auroc=0.7975 floor=None shape=uninformative_top
[frontier] toniot_Z3_panelA_s137::hedl: auroc=0.9905 floor=0.02 shape=budget_limited
[frontier] toniot_Z3_panelA_s137::closr: auroc=0.8922 floor=None shape=uninformative_top
[frontier] toniot_Z3_panelA_s137::efc: auroc=0.9409 floor=0.25 shape=budget_limited
[frontier] toniot_Z3_panelA_s137::renoir_dml: auroc=0.9179 floor=None shape=uninformative_top
[frontier] toniot_Z3_panelB_s137::ori: auroc=0.9808 floor=0.05 shape=budget_limited
[frontier] toniot_Z3_panelB_s137::docpp: auroc=0.8194 floor=0.001 shape=budget_limited
[frontier] toniot_Z3_panelB_s137::ais_nids: auroc=0.9449 floor=None shape=uninformative_top
[frontier] toniot_Z3_panelB_s137::usfad: auroc=0.9510 floor=None shape=uninformative_top
[frontier] cse2018_Z2_panelA_s137::hedl: auroc=0.9912 floor=0.05 shape=budget_limited
[frontier] cse2018_Z2_panelA_s137::closr: auroc=0.9047 floor=0.25 shape=budget_limited
[frontier] cse2018_Z2_panelA_s137::efc: auroc=0.9809 floor=0.25 shape=budget_limited
[frontier] cse2018_Z2_panelA_s137::renoir_dml: auroc=0.9699 floor=0.001 shape=usable_at_target
[frontier] cse2018_Z2_panelB_s137::ori: auroc=0.9795 floor=0.001 shape=usable_at_target
[frontier] cse2018_Z2_panelB_s137::docpp: auroc=0.8995 floor=0.001 shape=usable_at_target
[frontier] cse2018_Z2_panelB_s137::ais_nids: auroc=0.9462 floor=0.01 shape=usable_at_target
[frontier] cse2018_Z2_panelB_s137::usfad: auroc=0.9799 floor=0.01 shape=usable_at_target
[frontier] cse2018_Z3_panelA_s137::hedl: auroc=0.9717 floor=0.001 shape=usable_at_target
[frontier] cse2018_Z3_panelA_s137::closr: auroc=0.8999 floor=None shape=uninformative_top
[frontier] cse2018_Z3_panelA_s137::efc: auroc=0.8835 floor=None shape=uninformative_top
[frontier] cse2018_Z3_panelA_s137::renoir_dml: auroc=0.9209 floor=0.05 shape=budget_limited
[frontier] cse2018_Z3_panelB_s137::ori: auroc=0.9311 floor=None shape=uninformative_top
[frontier] cse2018_Z3_panelB_s137::docpp: auroc=0.7505 floor=0.005 shape=usable_at_target
[frontier] cse2018_Z3_panelB_s137::ais_nids: auroc=0.9139 floor=0.001 shape=usable_at_target
[frontier] cse2018_Z3_panelB_s137::usfad: auroc=0.9342 floor=0.1 shape=budget_limited
wrote results\frontier\full_panel_frontier.json in 521.7s
