{
  "dataset": "cicids2017",
  "elapsed_seconds": 1013.5927716000006,
  "methods": {
    "closr": {
      "aupr_out": 0.7524049413980207,
      "closed_reference_macro_f1": 0.8683569746523907,
      "delta_f1": -0.04619188040266653,
      "far": 0.00763807285546416,
      "fpr95": 0.35229142185663925,
      "frr": 0.91736,
      "known_accuracy": 0.9558166862514689,
      "known_macro_f1": 0.8221650942497242,
      "known_weighted_f1": 0.9548783474558504,
      "open_world_macro_f1": 0.6425668991118555,
      "oscr": 0.7431001092831964,
      "tpr_at_0_1_fpr": 0.00104,
      "tpr_at_1_fpr": 0.08688,
      "tpr_at_5_fpr": 0.13272,
      "unknown_auroc": 0.7522974371327851,
      "unknown_f1": 0.1519341079570525,
      "unknown_precision": 0.9408014571948998,
      "unknown_recall": 0.08264
    },
    "docpp": {
      "adapter_provenance": "source_derived_v7_adapter",
      "adapter_source_algorithm": "DOC++ one-vs-rest sigmoid with known-only synthetic exposure",
      "aupr_out": 0.9798026181010094,
      "closed_reference_macro_f1": 0.8683569746523907,
      "delta_f1": 0.006140889899932556,
      "far": 0.009048178613396005,
      "fpr95": 0.11321974148061105,
      "frr": 0.43592,
      "known_accuracy": 0.9797884841363103,
      "known_macro_f1": 0.8744978645523233,
      "known_weighted_f1": 0.9781859272054,
      "open_world_macro_f1": 0.7895903324610858,
      "oscr": 0.9561711997649822,
      "tpr_at_0_1_fpr": 0.3248,
      "tpr_at_1_fpr": 0.57168,
      "tpr_at_5_fpr": 0.83056,
      "unknown_auroc": 0.9726112467685075,
      "unknown_f1": 0.7184634196046464,
      "unknown_precision": 0.9891975308641975,
      "unknown_recall": 0.56408
    },
    "efc": {
      "aupr_out": 0.7707265990610067,
      "closed_reference_macro_f1": 0.8683569746523907,
      "delta_f1": -0.23280120577929375,
      "far": 0.008930669800235018,
      "fpr95": 0.6106933019976498,
      "frr": 1.0,
      "known_accuracy": 0.7579905992949472,
      "known_macro_f1": 0.635555768873097,
      "known_weighted_f1": 0.740196045539679,
      "open_world_macro_f1": 0.4540645903097555,
      "oscr": 0.6810367638072856,
      "tpr_at_0_1_fpr": 0.0,
      "tpr_at_1_fpr": 0.0,
      "tpr_at_5_fpr": 0.0002,
      "unknown_auroc": 0.7958992432432432,
      "unknown_f1": 0.0,
      "unknown_precision": 0.0,
      "unknown_recall": 0.0
    },
    "hedl": {
      "aupr_out": 0.9969192657425866,
      "closed_reference_macro_f1": 0.8683569746523907,
      "delta_f1": 0.027389812401177438,
      "far": 0.00863689776733255,
      "fpr95": 0.016686251468860165,
      "frr": 0.08716,
      "known_accuracy": 0.9917743830787309,
      "known_macro_f1": 0.8957467870535681,
      "known_weighted_f1": 0.9900637440546908,
      "open_world_macro_f1": 0.872739379932178,
      "oscr": 0.9881976227967098,
      "scorer_density_reference_size": 65536.0,
      "scorer_fusion_weight_knn": 0.9935618845720551,
      "scorer_fusion_weight_md": 0.9998539085482859,
      "scorer_fusion_weight_rmd": 1.0065842068796589,
      "scorer_neighbors": 1.0,
      "scorer_proxy_auroc_knn": 0.9013960957527161,
      "scorer_proxy_auroc_md": 0.9039380550384523,
      "scorer_proxy_auroc_rmd": 0.9066570758819579,
      "scorer_proxy_density_auroc": 0.9013960957527161,
      "scorer_proxy_evidential_auroc": 0.9039380550384523,
      "scorer_score_mode": "conformal_fisher_md_rmd_knn",
      "tpr_at_0_1_fpr": 0.68628,
      "tpr_at_1_fpr": 0.91496,
      "tpr_at_5_fpr": 0.9786,
      "unknown_auroc": 0.996054152761457,
      "unknown_f1": 0.9515093395597065,
      "unknown_precision": 0.9935997910135841,
      "unknown_recall": 0.91284
    },
    "ori": {
      "adapter_provenance": "paper_reimplementation",
      "adapter_source_algorithm": "open recognition plus local-density inspection",
      "aupr_out": 0.9854479994000112,
      "closed_reference_macro_f1": 0.8683569746523907,
      "delta_f1": 0.02459422554433688,
      "far": 0.009811985898942421,
      "fpr95": 0.1589894242068155,
      "frr": 0.2464,
      "known_accuracy": 0.9810223266745006,
      "known_macro_f1": 0.8929512001967276,
      "known_weighted_f1": 0.9812684721439026,
      "open_world_macro_f1": 0.8233362305541124,
      "oscr": 0.9623784700352527,
      "tpr_at_0_1_fpr": 0.25772,
      "tpr_at_1_fpr": 0.75364,
      "tpr_at_5_fpr": 0.8792,
      "unknown_auroc": 0.9801559177438308,
      "unknown_f1": 0.8562274183652601,
      "unknown_precision": 0.9912137633503446,
      "unknown_recall": 0.7536
    },
    "renoir_dml": {
      "aupr_out": 0.9510521270434793,
      "closed_reference_macro_f1": 0.8683569746523907,
      "delta_f1": -0.10664359505063348,
      "far": 0.0099882491186839,
      "fpr95": 0.20023501762632198,
      "frr": 0.77408,
      "known_accuracy": 0.9166274970622796,
      "known_macro_f1": 0.7617133796017572,
      "known_weighted_f1": 0.9196155224666537,
      "open_world_macro_f1": 0.6260648901331503,
      "oscr": 0.8773674923619271,
      "tpr_at_0_1_fpr": 0.00864,
      "tpr_at_1_fpr": 0.22652,
      "tpr_at_5_fpr": 0.69888,
      "unknown_auroc": 0.9503768378378378,
      "unknown_f1": 0.3665390356285288,
      "unknown_precision": 0.9707803368855277,
      "unknown_recall": 0.22592
    }
  },
  "profile": "balanced",
  "protocol": "loao",
  "rq": "rq1",
  "scenario": "Z1",
  "seed": 13
}
{
  "dataset": "cicids2017",
  "elapsed_seconds": 1012.0423594000004,
  "methods": {
    "closr": {
      "aupr_out": 0.8489762252518899,
      "closed_reference_macro_f1": 0.8657464347861269,
      "delta_f1": -0.025721746239802168,
      "far": 0.00846063454759107,
      "fpr95": 0.3834900117508813,
      "frr": 0.90404,
      "known_accuracy": 0.9660987074030553,
      "known_macro_f1": 0.8400246885463247,
      "known_weighted_f1": 0.9647725670014127,
      "open_world_macro_f1": 0.6844516000546209,
      "oscr": 0.8153395428907168,
      "tpr_at_0_1_fpr": 0.00564,
      "tpr_at_1_fpr": 0.1012,
      "tpr_at_5_fpr": 0.3616,
      "unknown_auroc": 0.8304829412455934,
      "unknown_f1": 0.1742003412845369,
      "unknown_precision": 0.9433739677546206,
      "unknown_recall": 0.09596
    },
    "docpp": {
      "adapter_provenance": "source_derived_v7_adapter",
      "adapter_source_algorithm": "DOC++ one-vs-rest sigmoid with known-only synthetic exposure",
      "aupr_out": 0.9285883648934372,
      "closed_reference_macro_f1": 0.8657464347861269,
      "delta_f1": 0.011817636379452878,
      "far": 0.009283196239717979,
      "fpr95": 0.5915981198589895,
      "frr": 0.60928,
      "known_accuracy": 0.9803172737955347,
      "known_macro_f1": 0.8775640711655798,
      "known_weighted_f1": 0.9787005450693256,
      "open_world_macro_f1": 0.7643480449686391,
      "oscr": 0.8823253184488836,
      "tpr_at_0_1_fpr": 0.3254,
      "tpr_at_1_fpr": 0.3974,
      "tpr_at_5_fpr": 0.5132,
      "unknown_auroc": 0.8932802279670975,
      "unknown_f1": 0.5593540628757946,
      "unknown_precision": 0.9840822083417288,
      "unknown_recall": 0.39072
    },
    "efc": {
      "aupr_out": 0.7707265990610067,
      "closed_reference_macro_f1": 0.8657464347861269,
      "delta_f1": -0.23019066591302995,
      "far": 0.008930669800235018,
      "fpr95": 0.6106933019976498,
      "frr": 1.0,
      "known_accuracy": 0.7579905992949472,
      "known_macro_f1": 0.635555768873097,
      "known_weighted_f1": 0.740196045539679,
      "open_world_macro_f1": 0.4540645903097555,
      "oscr": 0.6810367638072856,
      "tpr_at_0_1_fpr": 0.0,
      "tpr_at_1_fpr": 0.0,
      "tpr_at_5_fpr": 0.0002,
      "unknown_auroc": 0.7958992432432432,
      "unknown_f1": 0.0,
      "unknown_precision": 0.0,
      "unknown_recall": 0.0
    },
    "hedl": {
      "aupr_out": 0.9969764610373474,
      "closed_reference_macro_f1": 0.8657464347861269,
      "delta_f1": 0.02995411570507378,
      "far": 0.009929494712103408,
      "fpr95": 0.009224441833137486,
      "frr": 0.049,
      "known_accuracy": 0.9915981198589894,
      "known_macro_f1": 0.8957005504912007,
      "known_weighted_f1": 0.9898629243456079,
      "open_world_macro_f1": 0.8881273884768665,
      "oscr": 0.9882986545240893,
      "scorer_density_reference_size": 65536.0,
      "scorer_fusion_weight_knn": 0.9985883051562034,
      "scorer_fusion_weight_md": 1.0110295617650045,
      "scorer_fusion_weight_rmd": 0.9903821330787921,
      "scorer_neighbors": 1.0,
      "scorer_proxy_auroc_knn": 0.8956354856491089,
      "scorer_proxy_auroc_md": 0.9005646467208863,
      "scorer_proxy_auroc_rmd": 0.8923842430114746,
      "scorer_proxy_density_auroc": 0.8956354856491089,
      "scorer_proxy_evidential_auroc": 0.9005646467208863,
      "scorer_score_mode": "conformal_fisher_md_rmd_knn",
      "tpr_at_0_1_fpr": 0.70156,
      "tpr_at_1_fpr": 0.95112,
      "tpr_at_5_fpr": 0.97628,
      "unknown_auroc": 0.9964120376028203,
      "unknown_f1": 0.9715184700882641,
      "unknown_precision": 0.9929418643501503,
      "unknown_recall": 0.951
    },
    "ori": {
      "adapter_provenance": "paper_reimplementation",
      "adapter_source_algorithm": "open recognition plus local-density inspection",
      "aupr_out": 0.985036969171952,
      "closed_reference_macro_f1": 0.8657464347861269,
      "delta_f1": 0.02357182233214805,
      "far": 0.009224441833137486,
      "fpr95": 0.16956521739130434,
      "frr": 0.19828,
      "known_accuracy": 0.981081081081081,
      "known_macro_f1": 0.889318257118275,
      "known_weighted_f1": 0.981232002845348,
      "open_world_macro_f1": 0.8268805489233394,
      "oscr": 0.9616645746180963,
      "tpr_at_0_1_fpr": 0.31496,
      "tpr_at_1_fpr": 0.80212,
      "tpr_at_5_fpr": 0.879,
      "unknown_auroc": 0.9795171715628672,
      "unknown_f1": 0.886858407079646,
      "unknown_precision": 0.9922277227722772,
      "unknown_recall": 0.80172
    },
    "renoir_dml": {
      "aupr_out": 0.9783983201640962,
      "closed_reference_macro_f1": 0.8657464347861269,
      "delta_f1": -0.0974325211869067,
      "far": 0.011692126909518213,
      "fpr95": 0.06386603995299647,
      "frr": 0.51564,
      "known_accuracy": 0.9168037602820212,
      "known_macro_f1": 0.7683139135992202,
      "known_weighted_f1": 0.9207254599464141,
      "open_world_macro_f1": 0.6942572398846484,
      "oscr": 0.8968110164512338,
      "tpr_at_0_1_fpr": 0.25916,
      "tpr_at_1_fpr": 0.47612,
      "tpr_at_5_fpr": 0.83264,
      "unknown_auroc": 0.9750841186839014,
      "unknown_f1": 0.6491369143347271,
      "unknown_precision": 0.9838316542086448,
      "unknown_recall": 0.48436
    }
  },
  "profile": "balanced",
  "protocol": "loao",
  "rq": "rq1",
  "scenario": "Z1",
  "seed": 37
}
{
  "dataset": "cicids2017",
  "elapsed_seconds": 1012.5016489000009,
  "methods": {
    "closr": {
      "aupr_out": 0.7189277962886242,
      "closed_reference_macro_f1": 0.8703444015599614,
      "delta_f1": -0.03381934753309712,
      "far": 0.00881316098707403,
      "fpr95": 0.822972972972973,
      "frr": 0.90076,
      "known_accuracy": 0.9650411280846063,
      "known_macro_f1": 0.8365250540268643,
      "known_weighted_f1": 0.9641973957552867,
      "open_world_macro_f1": 0.6614655467577978,
      "oscr": 0.6098109400705052,
      "tpr_at_0_1_fpr": 0.00176,
      "tpr_at_1_fpr": 0.10376,
      "tpr_at_5_fpr": 0.13712,
      "unknown_auroc": 0.6211752620446533,
      "unknown_f1": 0.17958090550468678,
      "unknown_precision": 0.942987457240593,
      "unknown_recall": 0.09924
    },
    "docpp": {
      "adapter_provenance": "source_derived_v7_adapter",
      "adapter_source_algorithm": "DOC++ one-vs-rest sigmoid with known-only synthetic exposure",
      "aupr_out": 0.9838817518487236,
      "closed_reference_macro_f1": 0.8703444015599614,
      "delta_f1": 0.0004011135859059989,
      "far": 0.007461809635722679,
      "fpr95": 0.0891304347826087,
      "frr": 0.28148,
      "known_accuracy": 0.9761457109283196,
      "known_macro_f1": 0.8707455151458674,
      "known_weighted_f1": 0.9743565571972292,
      "open_world_macro_f1": 0.8161504678427769,
      "oscr": 0.953599686251469,
      "tpr_at_0_1_fpr": 0.42276,
      "tpr_at_1_fpr": 0.72248,
      "tpr_at_5_fpr": 0.91956,
      "unknown_auroc": 0.9740314042303172,
      "unknown_f1": 0.8337433279183105,
      "unknown_precision": 0.99297954671089,
      "unknown_recall": 0.71852
    },
    "efc": {
      "aupr_out": 0.7707265990610067,
      "closed_reference_macro_f1": 0.8703444015599614,
      "delta_f1": -0.23478863268686445,
      "far": 0.008930669800235018,
      "fpr95": 0.6106933019976498,
      "frr": 1.0,
      "known_accuracy": 0.7579905992949472,
      "known_macro_f1": 0.635555768873097,
      "known_weighted_f1": 0.740196045539679,
      "open_world_macro_f1": 0.4540645903097555,
      "oscr": 0.6810367638072856,
      "tpr_at_0_1_fpr": 0.0,
      "tpr_at_1_fpr": 0.0,
      "tpr_at_5_fpr": 0.0002,
      "unknown_auroc": 0.7958992432432432,
      "unknown_f1": 0.0,
      "unknown_precision": 0.0,
      "unknown_recall": 0.0
    },
    "hedl": {
      "aupr_out": 0.9942956186482627,
      "closed_reference_macro_f1": 0.8703444015599614,
      "delta_f1": 0.02496635917782275,
      "far": 0.009929494712103408,
      "fpr95": 0.024794359576968274,
      "frr": 0.16908,
      "known_accuracy": 0.9915981198589894,
      "known_macro_f1": 0.8953107607377842,
      "known_weighted_f1": 0.9898829182154514,
      "open_world_macro_f1": 0.863082178486844,
      "oscr": 0.9850892514688602,
      "scorer_density_reference_size": 65536.0,
      "scorer_fusion_weight_knn": 0.998912014427656,
      "scorer_fusion_weight_md": 1.0140341986570816,
      "scorer_fusion_weight_rmd": 0.9870537869152627,
      "scorer_neighbors": 1.0,
      "scorer_proxy_auroc_knn": 0.8953611612319947,
      "scorer_proxy_auroc_md": 0.9013463973999023,
      "scorer_proxy_auroc_rmd": 0.8906677722930908,
      "scorer_proxy_density_auroc": 0.8953611612319947,
      "scorer_proxy_evidential_auroc": 0.9013463973999023,
      "scorer_score_mode": "conformal_fisher_md_rmd_knn",
      "tpr_at_0_1_fpr": 0.4586,
      "tpr_at_1_fpr": 0.83144,
      "tpr_at_5_fpr": 0.97004,
      "unknown_auroc": 0.9930411457109284,
      "unknown_f1": 0.9043141352139654,
      "unknown_precision": 0.9919300926368064,
      "unknown_recall": 0.83092
    },
    "ori": {
      "adapter_provenance": "paper_reimplementation",
      "adapter_source_algorithm": "open recognition plus local-density inspection",
      "aupr_out": 0.9858222132214908,
      "closed_reference_macro_f1": 0.8703444015599614,
      "delta_f1": 0.02172350902728415,
      "far": 0.00881316098707403,
      "fpr95": 0.15211515863689776,
      "frr": 0.25488,
      "known_accuracy": 0.9809048178613397,
      "known_macro_f1": 0.8920679105872455,
      "known_weighted_f1": 0.981095020741593,
      "open_world_macro_f1": 0.8203345488834968,
      "oscr": 0.9626580893066978,
      "tpr_at_0_1_fpr": 0.3056,
      "tpr_at_1_fpr": 0.75132,
      "tpr_at_5_fpr": 0.8792,
      "unknown_auroc": 0.9805185522914218,
      "unknown_f1": 0.851021060806798,
      "unknown_precision": 0.992011928852913,
      "unknown_recall": 0.74512
    },
    "renoir_dml": {
      "aupr_out": 0.9869424408861645,
      "closed_reference_macro_f1": 0.8703444015599614,
      "delta_f1": -0.10236801133046391,
      "far": 0.011868390129259694,
      "fpr95": 0.03777908343125735,
      "frr": 0.48956,
      "known_accuracy": 0.9198002350176263,
      "known_macro_f1": 0.7679763902294975,
      "known_weighted_f1": 0.9228808365024921,
      "open_world_macro_f1": 0.7040289232863702,
      "oscr": 0.9076294406580495,
      "tpr_at_0_1_fpr": 0.38456,
      "tpr_at_1_fpr": 0.50352,
      "tpr_at_5_fpr": 0.9866,
      "unknown_auroc": 0.9852363783783784,
      "unknown_f1": 0.672286173379343,
      "unknown_precision": 0.9844171873794646,
      "unknown_recall": 0.51044
    }
  },
  "profile": "balanced",
  "protocol": "loao",
  "rq": "rq1",
  "scenario": "Z1",
  "seed": 73
}
