[fdr] scoring hedl...
[fdr] finished hedl in 29.0s
{
  "alert_batch_size_effective": 2000,
  "alert_batch_size_requested": 2000,
  "dataset": "cicids2017",
  "deduplicate_source_ids": false,
  "device": "cuda",
  "elapsed_seconds": 29.427525000006426,
  "epochs": 3,
  "fdr_calibration": "marginal_primary_with_predicted_class_mondrian_sensitivity",
  "fdr_calibration_size": 8388,
  "fusion_strategy": "worst_family_cvar",
  "methods": {
    "hedl": {
      "deployment_assessment": {
        "marginal": {
          "blockers": [
            "held_out_known_superuniformity_rejected",
            "zero_unknown_detection_power",
            "mostly_abstains"
          ],
          "empirical_fdr": 0.0,
          "empirical_fdr_ci95_high": 0.0,
          "mean_alerts": 0.0,
          "mean_power": 0.0,
          "prevalence": 0.001,
          "probability_any_alert": 0.0,
          "q": 0.1,
          "status": "not_deployable"
        },
        "mondrian": {
          "blockers": [
            "held_out_known_superuniformity_rejected",
            "zero_unknown_detection_power",
            "mostly_abstains"
          ],
          "empirical_fdr": 0.0,
          "empirical_fdr_ci95_high": 0.0,
          "mean_alerts": 0.0,
          "mean_power": 0.0,
          "prevalence": 0.001,
          "probability_any_alert": 0.0,
          "q": 0.1,
          "status": "not_deployable"
        }
      },
      "diagnostics": {
        "inference_seconds": 1.2564339999953518,
        "milliseconds_per_scored_flow": 0.04425933493008848,
        "scorer_density_reference_size": 20000.0,
        "scorer_fusion_strategy": "worst_family_cvar",
        "scorer_fusion_weight_knn": 0.0,
        "scorer_fusion_weight_md": 3.0,
        "scorer_fusion_weight_rmd": 0.0,
        "scorer_neighbors": 1.0,
        "scorer_proxy_auroc_knn": 0.9367827296257019,
        "scorer_proxy_auroc_md": 0.9504093647003173,
        "scorer_proxy_auroc_rmd": 0.8963377714157105,
        "scorer_proxy_density_auroc": 0.9367827296257019,
        "scorer_proxy_evidential_auroc": 0.9504093647003173,
        "scorer_proxy_family_cvar_auroc": 0.8002591215255266,
        "scorer_proxy_mean_family_auroc": 0.8897193563758432,
        "scorer_proxy_worst_family_auroc": 0.41633032605254827,
        "scorer_score_mode": "conformal_fisher_md_rmd_knn",
        "test_unknown_auroc": 0.9577283894589731
      },
      "fdr": {
        "batch_size": 2000,
        "calibration_mode": "marginal",
        "calibration_size": 8388,
        "maximum_minimum_attainable_p": 0.00011920371915603766,
        "minimum_attainable_p": 0.00011920371915603766,
        "procedures": {
          "bh": {
            "0.001": {
              "0.05": {
                "empirical_fdr": 0.0,
                "empirical_fdr_ci95_high": 0.0,
                "empirical_fdr_ci95_low": 0.0,
                "empirical_fdr_se": 0.0,
                "fdp_p90": 0.0,
                "fraction_fdp_above_q": 0.0,
                "mean_alert_rate": 0.0,
                "mean_alerts": 0.0,
                "mean_false_alarm_rate": 0.0,
                "mean_false_discoveries": 0.0,
                "mean_false_discovery_proportion": 0.0,
                "mean_power": 0.0,
                "mean_true_discoveries": 0.0,
                "minimum_bh_rejections_at_pmin": 5.0,
                "nominal_q": 0.05,
                "probability_any_alert": 0.0,
                "std_alert_rate": 0.0,
                "std_alerts": 0.0,
                "std_false_alarm_rate": 0.0,
                "std_false_discoveries": 0.0,
                "std_false_discovery_proportion": 0.0,
                "std_power": 0.0,
                "std_true_discoveries": 0.0
              },
              "0.1": {
                "empirical_fdr": 0.0,
                "empirical_fdr_ci95_high": 0.0,
                "empirical_fdr_ci95_low": 0.0,
                "empirical_fdr_se": 0.0,
                "fdp_p90": 0.0,
                "fraction_fdp_above_q": 0.0,
                "mean_alert_rate": 0.0,
                "mean_alerts": 0.0,
                "mean_false_alarm_rate": 0.0,
                "mean_false_discoveries": 0.0,
                "mean_false_discovery_proportion": 0.0,
                "mean_power": 0.0,
                "mean_true_discoveries": 0.0,
                "minimum_bh_rejections_at_pmin": 3.0,
                "nominal_q": 0.1,
                "probability_any_alert": 0.0,
                "std_alert_rate": 0.0,
                "std_alerts": 0.0,
                "std_false_alarm_rate": 0.0,
                "std_false_discoveries": 0.0,
                "std_false_discovery_proportion": 0.0,
                "std_power": 0.0,
                "std_true_discoveries": 0.0
              },
              "0.2": {
                "empirical_fdr": 0.045,
                "empirical_fdr_ci95_high": 0.07380298351380431,
                "empirical_fdr_ci95_low": 0.01619701648619569,
                "empirical_fdr_se": 0.014695399751940974,
                "fdp_p90": 0.0,
                "fraction_fdp_above_q": 0.045,
                "mean_alert_rate": 5.4999999999999995e-05,
                "mean_alerts": 0.11,
                "mean_false_alarm_rate": 5.505505505505505e-05,
                "mean_false_discoveries": 0.11,
                "mean_false_discovery_proportion": 0.045,
                "mean_power": 0.0,
                "mean_true_discoveries": 0.0,
                "minimum_bh_rejections_at_pmin": 2.0,
                "nominal_q": 0.2,
                "probability_any_alert": 0.045,
                "std_alert_rate": 0.00025944471046630477,
                "std_alerts": 0.5188894209326096,
                "std_false_alarm_rate": 0.00025970441488118597,
                "std_false_discoveries": 0.5188894209326096,
                "std_false_discovery_proportion": 0.20782433633689143,
                "std_power": 0.0,
                "std_true_discoveries": 0.0
              }
            },
            "0.01": {
              "0.05": {
                "empirical_fdr": 0.0,
                "empirical_fdr_ci95_high": 0.0,
                "empirical_fdr_ci95_low": 0.0,
                "empirical_fdr_se": 0.0,
                "fdp_p90": 0.0,
                "fraction_fdp_above_q": 0.0,
                "mean_alert_rate": 0.0,
                "mean_alerts": 0.0,
                "mean_false_alarm_rate": 0.0,
                "mean_false_discoveries": 0.0,
                "mean_false_discovery_proportion": 0.0,
                "mean_power": 0.0,
                "mean_true_discoveries": 0.0,
                "minimum_bh_rejections_at_pmin": 5.0,
                "nominal_q": 0.05,
                "probability_any_alert": 0.0,
                "std_alert_rate": 0.0,
                "std_alerts": 0.0,
                "std_false_alarm_rate": 0.0,
                "std_false_discoveries": 0.0,
                "std_false_discovery_proportion": 0.0,
                "std_power": 0.0,
                "std_true_discoveries": 0.0
              },
              "0.1": {
                "empirical_fdr": 0.0,
                "empirical_fdr_ci95_high": 0.0,
                "empirical_fdr_ci95_low": 0.0,
                "empirical_fdr_se": 0.0,
                "fdp_p90": 0.0,
                "fraction_fdp_above_q": 0.0,
                "mean_alert_rate": 0.0,
                "mean_alerts": 0.0,
                "mean_false_alarm_rate": 0.0,
                "mean_false_discoveries": 0.0,
                "mean_false_discovery_proportion": 0.0,
                "mean_power": 0.0,
                "mean_true_discoveries": 0.0,
                "minimum_bh_rejections_at_pmin": 3.0,
                "nominal_q": 0.1,
                "probability_any_alert": 0.0,
                "std_alert_rate": 0.0,
                "std_alerts": 0.0,
                "std_false_alarm_rate": 0.0,
                "std_false_discoveries": 0.0,
                "std_false_discovery_proportion": 0.0,
                "std_power": 0.0,
                "std_true_discoveries": 0.0
              },
              "0.2": {
                "empirical_fdr": 0.03666666666666667,
                "empirical_fdr_ci95_high": 0.06194471442539325,
                "empirical_fdr_ci95_low": 0.01138861890794008,
                "empirical_fdr_se": 0.012896963142207443,
                "fdp_p90": 0.0,
                "fraction_fdp_above_q": 0.04,
                "mean_alert_rate": 4.750000000000001e-05,
                "mean_alerts": 0.095,
                "mean_false_alarm_rate": 4.2929292929292925e-05,
                "mean_false_discoveries": 0.085,
                "mean_false_discovery_proportion": 0.03666666666666667,
                "mean_power": 0.0005,
                "mean_true_discoveries": 0.01,
                "minimum_bh_rejections_at_pmin": 2.0,
                "nominal_q": 0.2,
                "probability_any_alert": 0.04,
                "std_alert_rate": 0.00023828058710468792,
                "std_alerts": 0.47656117420937577,
                "std_false_alarm_rate": 0.00021348069746494422,
                "std_false_discoveries": 0.4226917809805896,
                "std_false_discovery_proportion": 0.18239060189135695,
                "std_power": 0.004987421363720582,
                "std_true_discoveries": 0.09974842727441166
              }
            },
            "0.05": {
              "0.05": {
                "empirical_fdr": 0.0,
                "empirical_fdr_ci95_high": 0.0,
                "empirical_fdr_ci95_low": 0.0,
                "empirical_fdr_se": 0.0,
                "fdp_p90": 0.0,
                "fraction_fdp_above_q": 0.0,
                "mean_alert_rate": 0.0,
                "mean_alerts": 0.0,
                "mean_false_alarm_rate": 0.0,
                "mean_false_discoveries": 0.0,
                "mean_false_discovery_proportion": 0.0,
                "mean_power": 0.0,
                "mean_true_discoveries": 0.0,
                "minimum_bh_rejections_at_pmin": 5.0,
                "nominal_q": 0.05,
                "probability_any_alert": 0.0,
                "std_alert_rate": 0.0,
                "std_alerts": 0.0,
                "std_false_alarm_rate": 0.0,
                "std_false_discoveries": 0.0,
                "std_false_discovery_proportion": 0.0,
                "std_power": 0.0,
                "std_true_discoveries": 0.0
              },
              "0.1": {
                "empirical_fdr": 0.0,
                "empirical_fdr_ci95_high": 0.0,
                "empirical_fdr_ci95_low": 0.0,
                "empirical_fdr_se": 0.0,
                "fdp_p90": 0.0,
                "fraction_fdp_above_q": 0.0,
                "mean_alert_rate": 0.0,
                "mean_alerts": 0.0,
                "mean_false_alarm_rate": 0.0,
                "mean_false_discoveries": 0.0,
                "mean_false_discovery_proportion": 0.0,
                "mean_power": 0.0,
                "mean_true_discoveries": 0.0,
                "minimum_bh_rejections_at_pmin": 3.0,
                "nominal_q": 0.1,
                "probability_any_alert": 0.0,
                "std_alert_rate": 0.0,
                "std_alerts": 0.0,
                "std_false_alarm_rate": 0.0,
                "std_false_discoveries": 0.0,
                "std_false_discovery_proportion": 0.0,
                "std_power": 0.0,
                "std_true_discoveries": 0.0
              },
              "0.2": {
                "empirical_fdr": 0.06541666666666666,
                "empirical_fdr_ci95_high": 0.09887156123662111,
                "empirical_fdr_ci95_low": 0.03196177209671222,
                "empirical_fdr_se": 0.01706882376018084,
                "fdp_p90": 0.0,
                "fraction_fdp_above_q": 0.07,
                "mean_alert_rate": 9.250000000000001e-05,
                "mean_alerts": 0.185,
                "mean_false_alarm_rate": 8.94736842105263e-05,
                "mean_false_discoveries": 0.17,
                "mean_false_discovery_proportion": 0.06541666666666666,
                "mean_power": 0.00015,
                "mean_true_discoveries": 0.015,
                "minimum_bh_rejections_at_pmin": 2.0,
                "nominal_q": 0.2,
                "probability_any_alert": 0.07,
                "std_alert_rate": 0.00034755969083521087,
                "std_alerts": 0.6951193816704215,
                "std_false_alarm_rate": 0.0003341651763220232,
                "std_false_discoveries": 0.6349138350118442,
                "std_false_discovery_proportion": 0.2413896205540387,
                "std_power": 0.0012185748327926266,
                "std_true_discoveries": 0.12185748327926266
              }
            },
            "0.1": {
              "0.05": {
                "empirical_fdr": 0.0,
                "empirical_fdr_ci95_high": 0.0,
                "empirical_fdr_ci95_low": 0.0,
                "empirical_fdr_se": 0.0,
                "fdp_p90": 0.0,
                "fraction_fdp_above_q": 0.0,
                "mean_alert_rate": 0.0,
                "mean_alerts": 0.0,
                "mean_false_alarm_rate": 0.0,
                "mean_false_discoveries": 0.0,
                "mean_false_discovery_proportion": 0.0,
                "mean_power": 0.0,
                "mean_true_discoveries": 0.0,
                "minimum_bh_rejections_at_pmin": 5.0,
                "nominal_q": 0.05,
                "probability_any_alert": 0.0,
                "std_alert_rate": 0.0,
                "std_alerts": 0.0,
                "std_false_alarm_rate": 0.0,
                "std_false_discoveries": 0.0,
                "std_false_discovery_proportion": 0.0,
                "std_power": 0.0,
                "std_true_discoveries": 0.0
              },
              "0.1": {
                "empirical_fdr": 0.0,
                "empirical_fdr_ci95_high": 0.0,
                "empirical_fdr_ci95_low": 0.0,
                "empirical_fdr_se": 0.0,
                "fdp_p90": 0.0,
                "fraction_fdp_above_q": 0.0,
                "mean_alert_rate": 0.0,
                "mean_alerts": 0.0,
                "mean_false_alarm_rate": 0.0,
                "mean_false_discoveries": 0.0,
                "mean_false_discovery_proportion": 0.0,
                "mean_power": 0.0,
                "mean_true_discoveries": 0.0,
                "minimum_bh_rejections_at_pmin": 3.0,
                "nominal_q": 0.1,
                "probability_any_alert": 0.0,
                "std_alert_rate": 0.0,
                "std_alerts": 0.0,
                "std_false_alarm_rate": 0.0,
                "std_false_discoveries": 0.0,
                "std_false_discovery_proportion": 0.0,
                "std_power": 0.0,
                "std_true_discoveries": 0.0
              },
              "0.2": {
                "empirical_fdr": 0.04375757575757575,
                "empirical_fdr_ci95_high": 0.06961735599140047,
                "empirical_fdr_ci95_low": 0.017897795523751037,
                "empirical_fdr_se": 0.013193765425420773,
                "fdp_p90": 0.0,
                "fraction_fdp_above_q": 0.055,
                "mean_alert_rate": 0.00034250000000000003,
                "mean_alerts": 0.685,
                "mean_false_alarm_rate": 0.000125,
                "mean_false_discoveries": 0.225,
                "mean_false_discovery_proportion": 0.04375757575757575,
                "mean_power": 0.0023,
                "mean_true_discoveries": 0.46,
                "minimum_bh_rejections_at_pmin": 2.0,
                "nominal_q": 0.2,
                "probability_any_alert": 0.06,
                "std_alert_rate": 0.0027526038380862646,
                "std_alerts": 5.505207676172529,
                "std_false_alarm_rate": 0.0006921374297969397,
                "std_false_discoveries": 1.2458473736344913,
                "std_false_discovery_proportion": 0.18658802003399286,
                "std_power": 0.021709826874357446,
                "std_true_discoveries": 4.3419653748714895
              }
            },
            "0.25": {
              "0.05": {
                "empirical_fdr": 0.0,
                "empirical_fdr_ci95_high": 0.0,
                "empirical_fdr_ci95_low": 0.0,
                "empirical_fdr_se": 0.0,
                "fdp_p90": 0.0,
                "fraction_fdp_above_q": 0.0,
                "mean_alert_rate": 0.0,
                "mean_alerts": 0.0,
                "mean_false_alarm_rate": 0.0,
                "mean_false_discoveries": 0.0,
                "mean_false_discovery_proportion": 0.0,
                "mean_power": 0.0,
                "mean_true_discoveries": 0.0,
                "minimum_bh_rejections_at_pmin": 5.0,
                "nominal_q": 0.05,
                "probability_any_alert": 0.0,
                "std_alert_rate": 0.0,
                "std_alerts": 0.0,
                "std_false_alarm_rate": 0.0,
                "std_false_discoveries": 0.0,
                "std_false_discovery_proportion": 0.0,
                "std_power": 0.0,
                "std_true_discoveries": 0.0
              },
              "0.1": {
                "empirical_fdr": 0.0022231669433172225,
                "empirical_fdr_ci95_high": 0.004015350196774506,
                "empirical_fdr_ci95_low": 0.0004309836898599387,
                "empirical_fdr_se": 0.0009143792109475938,
                "fdp_p90": 0.0,
                "fraction_fdp_above_q": 0.005,
                "mean_alert_rate": 0.0019299999999999999,
                "mean_alerts": 3.86,
                "mean_false_alarm_rate": 0.00016,
                "mean_false_discoveries": 0.24,
                "mean_false_discovery_proportion": 0.0022231669433172225,
                "mean_power": 0.00724,
                "mean_true_discoveries": 3.62,
                "minimum_bh_rejections_at_pmin": 3.0,
                "nominal_q": 0.1,
                "probability_any_alert": 0.035,
                "std_alert_rate": 0.010319036416391507,
                "std_alerts": 20.638072832783017,
                "std_false_alarm_rate": 0.0009266571465955915,
                "std_false_discoveries": 1.389985719893387,
                "std_false_discovery_proportion": 0.012931274812740964,
                "std_power": 0.03879416627127611,
                "std_true_discoveries": 19.397083135638056
              },
              "0.2": {
                "empirical_fdr": 0.11422246124895546,
                "empirical_fdr_ci95_high": 0.11880955438374344,
                "empirical_fdr_ci95_low": 0.10963536811416749,
                "empirical_fdr_se": 0.0023403536401979427,
                "fdp_p90": 0.15436735096723253,
                "fraction_fdp_above_q": 0.005,
                "mean_alert_rate": 0.07934500000000001,
                "mean_alerts": 158.69,
                "mean_false_alarm_rate": 0.01299,
                "mean_false_discoveries": 19.485,
                "mean_false_discovery_proportion": 0.11422246124895546,
                "mean_power": 0.27841,
                "mean_true_discoveries": 139.205,
                "minimum_bh_rejections_at_pmin": 2.0,
                "nominal_q": 0.2,
                "probability_any_alert": 1.0,
                "std_alert_rate": 0.04104056058419922,
                "std_alerts": 82.08112116839844,
                "std_false_alarm_rate": 0.010055341561280478,
                "std_false_discoveries": 15.083012341920718,
                "std_false_discovery_proportion": 0.033097598587171734,
                "std_power": 0.135538575420932,
                "std_true_discoveries": 67.76928771046602
              }
            },
            "0.5": {
              "0.05": {
                "empirical_fdr": 0.0,
                "empirical_fdr_ci95_high": 0.0,
                "empirical_fdr_ci95_low": 0.0,
                "empirical_fdr_se": 0.0,
                "fdp_p90": 0.0,
                "fraction_fdp_above_q": 0.0,
                "mean_alert_rate": 0.0,
                "mean_alerts": 0.0,
                "mean_false_alarm_rate": 0.0,
                "mean_false_discoveries": 0.0,
                "mean_false_discovery_proportion": 0.0,
                "mean_power": 0.0,
                "mean_true_discoveries": 0.0,
                "minimum_bh_rejections_at_pmin": 5.0,
                "nominal_q": 0.05,
                "probability_any_alert": 0.0,
                "std_alert_rate": 0.0,
                "std_alerts": 0.0,
                "std_false_alarm_rate": 0.0,
                "std_false_discoveries": 0.0,
                "std_false_discovery_proportion": 0.0,
                "std_power": 0.0,
                "std_true_discoveries": 0.0
              },
              "0.1": {
                "empirical_fdr": 0.03343832652661413,
                "empirical_fdr_ci95_high": 0.035068063474391065,
                "empirical_fdr_ci95_low": 0.0318085895788372,
                "empirical_fdr_se": 0.000831498442743333,
                "fdp_p90": 0.049068976183111665,
                "fraction_fdp_above_q": 0.0,
                "mean_alert_rate": 0.11801249999999999,
                "mean_alerts": 236.025,
                "mean_false_alarm_rate": 0.00795,
                "mean_false_discoveries": 7.95,
                "mean_false_discovery_proportion": 0.03343832652661413,
                "mean_power": 0.228075,
                "mean_true_discoveries": 228.075,
                "minimum_bh_rejections_at_pmin": 3.0,
                "nominal_q": 0.1,
                "probability_any_alert": 1.0,
                "std_alert_rate": 0.006832055228349379,
                "std_alerts": 13.664110456698758,
                "std_false_alarm_rate": 0.003012119572926686,
                "std_false_discoveries": 3.012119572926686,
                "std_false_discovery_proportion": 0.011759163748197299,
                "std_power": 0.01244846159089144,
                "std_true_discoveries": 12.44846159089144
              },
              "0.2": {
                "empirical_fdr": 0.0967830486953662,
                "empirical_fdr_ci95_high": 0.09798481286398314,
                "empirical_fdr_ci95_low": 0.09558128452674927,
                "empirical_fdr_se": 0.0006131449839882318,
                "fdp_p90": 0.10821953184719955,
                "fraction_fdp_above_q": 0.0,
                "mean_alert_rate": 0.497185,
                "mean_alerts": 994.37,
                "mean_false_alarm_rate": 0.09634499999999999,
                "mean_false_discoveries": 96.345,
                "mean_false_discovery_proportion": 0.0967830486953662,
                "mean_power": 0.898025,
                "mean_true_discoveries": 898.025,
                "minimum_bh_rejections_at_pmin": 2.0,
                "nominal_q": 0.2,
                "probability_any_alert": 1.0,
                "std_alert_rate": 0.008830951450301825,
                "std_alerts": 17.661902900603653,
                "std_false_alarm_rate": 0.009897259912159739,
                "std_false_discoveries": 9.89725991215974,
                "std_false_discovery_proportion": 0.008671179520571917,
                "std_power": 0.01167888508308562,
                "std_true_discoveries": 11.67888508308561
              }
            }
          },
          "by": {
            "0.001": {
              "0.05": {
                "empirical_fdr": 0.0,
                "empirical_fdr_ci95_high": 0.0,
                "empirical_fdr_ci95_low": 0.0,
                "empirical_fdr_se": 0.0,
                "fdp_p90": 0.0,
                "fraction_fdp_above_q": 0.0,
                "mean_alert_rate": 0.0,
                "mean_alerts": 0.0,
                "mean_false_alarm_rate": 0.0,
                "mean_false_discoveries": 0.0,
                "mean_false_discovery_proportion": 0.0,
                "mean_power": 0.0,
                "mean_true_discoveries": 0.0,
                "minimum_bh_rejections_at_pmin": 39.0,
                "nominal_q": 0.05,
                "probability_any_alert": 0.0,
                "std_alert_rate": 0.0,
                "std_alerts": 0.0,
                "std_false_alarm_rate": 0.0,
                "std_false_discoveries": 0.0,
                "std_false_discovery_proportion": 0.0,
                "std_power": 0.0,
                "std_true_discoveries": 0.0
              },
              "0.1": {
                "empirical_fdr": 0.0,
                "empirical_fdr_ci95_high": 0.0,
                "empirical_fdr_ci95_low": 0.0,
                "empirical_fdr_se": 0.0,
                "fdp_p90": 0.0,
                "fraction_fdp_above_q": 0.0,
                "mean_alert_rate": 0.0,
                "mean_alerts": 0.0,
                "mean_false_alarm_rate": 0.0,
                "mean_false_discoveries": 0.0,
                "mean_false_discovery_proportion": 0.0,
                "mean_power": 0.0,
                "mean_true_discoveries": 0.0,
                "minimum_bh_rejections_at_pmin": 20.0,
                "nominal_q": 0.1,
                "probability_any_alert": 0.0,
                "std_alert_rate": 0.0,
                "std_alerts": 0.0,
                "std_false_alarm_rate": 0.0,
                "std_false_discoveries": 0.0,
                "std_false_discovery_proportion": 0.0,
                "std_power": 0.0,
                "std_true_discoveries": 0.0
              },
              "0.2": {
                "empirical_fdr": 0.0,
                "empirical_fdr_ci95_high": 0.0,
                "empirical_fdr_ci95_low": 0.0,
                "empirical_fdr_se": 0.0,
                "fdp_p90": 0.0,
                "fraction_fdp_above_q": 0.0,
                "mean_alert_rate": 0.0,
                "mean_alerts": 0.0,
                "mean_false_alarm_rate": 0.0,
                "mean_false_discoveries": 0.0,
                "mean_false_discovery_proportion": 0.0,
                "mean_power": 0.0,
                "mean_true_discoveries": 0.0,
                "minimum_bh_rejections_at_pmin": 10.0,
                "nominal_q": 0.2,
                "probability_any_alert": 0.0,
                "std_alert_rate": 0.0,
                "std_alerts": 0.0,
                "std_false_alarm_rate": 0.0,
                "std_false_discoveries": 0.0,
                "std_false_discovery_proportion": 0.0,
                "std_power": 0.0,
                "std_true_discoveries": 0.0
              }
            },
            "0.01": {
              "0.05": {
                "empirical_fdr": 0.0,
                "empirical_fdr_ci95_high": 0.0,
                "empirical_fdr_ci95_low": 0.0,
                "empirical_fdr_se": 0.0,
                "fdp_p90": 0.0,
                "fraction_fdp_above_q": 0.0,
                "mean_alert_rate": 0.0,
                "mean_alerts": 0.0,
                "mean_false_alarm_rate": 0.0,
                "mean_false_discoveries": 0.0,
                "mean_false_discovery_proportion": 0.0,
                "mean_power": 0.0,
                "mean_true_discoveries": 0.0,
                "minimum_bh_rejections_at_pmin": 39.0,
                "nominal_q": 0.05,
                "probability_any_alert": 0.0,
                "std_alert_rate": 0.0,
                "std_alerts": 0.0,
                "std_false_alarm_rate": 0.0,
                "std_false_discoveries": 0.0,
                "std_false_discovery_proportion": 0.0,
                "std_power": 0.0,
                "std_true_discoveries": 0.0
              },
              "0.1": {
                "empirical_fdr": 0.0,
                "empirical_fdr_ci95_high": 0.0,
                "empirical_fdr_ci95_low": 0.0,
                "empirical_fdr_se": 0.0,
                "fdp_p90": 0.0,
                "fraction_fdp_above_q": 0.0,
                "mean_alert_rate": 0.0,
                "mean_alerts": 0.0,
                "mean_false_alarm_rate": 0.0,
                "mean_false_discoveries": 0.0,
                "mean_false_discovery_proportion": 0.0,
                "mean_power": 0.0,
                "mean_true_discoveries": 0.0,
                "minimum_bh_rejections_at_pmin": 20.0,
                "nominal_q": 0.1,
                "probability_any_alert": 0.0,
                "std_alert_rate": 0.0,
                "std_alerts": 0.0,
                "std_false_alarm_rate": 0.0,
                "std_false_discoveries": 0.0,
                "std_false_discovery_proportion": 0.0,
                "std_power": 0.0,
                "std_true_discoveries": 0.0
              },
              "0.2": {
                "empirical_fdr": 0.0,
                "empirical_fdr_ci95_high": 0.0,
                "empirical_fdr_ci95_low": 0.0,
                "empirical_fdr_se": 0.0,
                "fdp_p90": 0.0,
                "fraction_fdp_above_q": 0.0,
                "mean_alert_rate": 0.0,
                "mean_alerts": 0.0,
                "mean_false_alarm_rate": 0.0,
                "mean_false_discoveries": 0.0,
                "mean_false_discovery_proportion": 0.0,
                "mean_power": 0.0,
                "mean_true_discoveries": 0.0,
                "minimum_bh_rejections_at_pmin": 10.0,
                "nominal_q": 0.2,
                "probability_any_alert": 0.0,
                "std_alert_rate": 0.0,
                "std_alerts": 0.0,
                "std_false_alarm_rate": 0.0,
                "std_false_discoveries": 0.0,
                "std_false_discovery_proportion": 0.0,
                "std_power": 0.0,
                "std_true_discoveries": 0.0
              }
            },
            "0.05": {
              "0.05": {
                "empirical_fdr": 0.0,
                "empirical_fdr_ci95_high": 0.0,
                "empirical_fdr_ci95_low": 0.0,
                "empirical_fdr_se": 0.0,
                "fdp_p90": 0.0,
                "fraction_fdp_above_q": 0.0,
                "mean_alert_rate": 0.0,
                "mean_alerts": 0.0,
                "mean_false_alarm_rate": 0.0,
                "mean_false_discoveries": 0.0,
                "mean_false_discovery_proportion": 0.0,
                "mean_power": 0.0,
                "mean_true_discoveries": 0.0,
                "minimum_bh_rejections_at_pmin": 39.0,
                "nominal_q": 0.05,
                "probability_any_alert": 0.0,
                "std_alert_rate": 0.0,
                "std_alerts": 0.0,
                "std_false_alarm_rate": 0.0,
                "std_false_discoveries": 0.0,
                "std_false_discovery_proportion": 0.0,
                "std_power": 0.0,
                "std_true_discoveries": 0.0
              },
              "0.1": {
                "empirical_fdr": 0.0,
                "empirical_fdr_ci95_high": 0.0,
                "empirical_fdr_ci95_low": 0.0,
                "empirical_fdr_se": 0.0,
                "fdp_p90": 0.0,
                "fraction_fdp_above_q": 0.0,
                "mean_alert_rate": 0.0,
                "mean_alerts": 0.0,
                "mean_false_alarm_rate": 0.0,
                "mean_false_discoveries": 0.0,
                "mean_false_discovery_proportion": 0.0,
                "mean_power": 0.0,
                "mean_true_discoveries": 0.0,
                "minimum_bh_rejections_at_pmin": 20.0,
                "nominal_q": 0.1,
                "probability_any_alert": 0.0,
                "std_alert_rate": 0.0,
                "std_alerts": 0.0,
                "std_false_alarm_rate": 0.0,
                "std_false_discoveries": 0.0,
                "std_false_discovery_proportion": 0.0,
                "std_power": 0.0,
                "std_true_discoveries": 0.0
              },
              "0.2": {
                "empirical_fdr": 0.0,
                "empirical_fdr_ci95_high": 0.0,
                "empirical_fdr_ci95_low": 0.0,
                "empirical_fdr_se": 0.0,
                "fdp_p90": 0.0,
                "fraction_fdp_above_q": 0.0,
                "mean_alert_rate": 0.0,
                "mean_alerts": 0.0,
                "mean_false_alarm_rate": 0.0,
                "mean_false_discoveries": 0.0,
                "mean_false_discovery_proportion": 0.0,
                "mean_power": 0.0,
                "mean_true_discoveries": 0.0,
                "minimum_bh_rejections_at_pmin": 10.0,
                "nominal_q": 0.2,
                "probability_any_alert": 0.0,
                "std_alert_rate": 0.0,
                "std_alerts": 0.0,
                "std_false_alarm_rate": 0.0,
                "std_false_discoveries": 0.0,
                "std_false_discovery_proportion": 0.0,
                "std_power": 0.0,
                "std_true_discoveries": 0.0
              }
            },
            "0.1": {
              "0.05": {
                "empirical_fdr": 0.0,
                "empirical_fdr_ci95_high": 0.0,
                "empirical_fdr_ci95_low": 0.0,
                "empirical_fdr_se": 0.0,
                "fdp_p90": 0.0,
                "fraction_fdp_above_q": 0.0,
                "mean_alert_rate": 0.0,
                "mean_alerts": 0.0,
                "mean_false_alarm_rate": 0.0,
                "mean_false_discoveries": 0.0,
                "mean_false_discovery_proportion": 0.0,
                "mean_power": 0.0,
                "mean_true_discoveries": 0.0,
                "minimum_bh_rejections_at_pmin": 39.0,
                "nominal_q": 0.05,
                "probability_any_alert": 0.0,
                "std_alert_rate": 0.0,
                "std_alerts": 0.0,
                "std_false_alarm_rate": 0.0,
                "std_false_discoveries": 0.0,
                "std_false_discovery_proportion": 0.0,
                "std_power": 0.0,
                "std_true_discoveries": 0.0
              },
              "0.1": {
                "empirical_fdr": 0.0,
                "empirical_fdr_ci95_high": 0.0,
                "empirical_fdr_ci95_low": 0.0,
                "empirical_fdr_se": 0.0,
                "fdp_p90": 0.0,
                "fraction_fdp_above_q": 0.0,
                "mean_alert_rate": 0.0,
                "mean_alerts": 0.0,
                "mean_false_alarm_rate": 0.0,
                "mean_false_discoveries": 0.0,
                "mean_false_discovery_proportion": 0.0,
                "mean_power": 0.0,
                "mean_true_discoveries": 0.0,
                "minimum_bh_rejections_at_pmin": 20.0,
                "nominal_q": 0.1,
                "probability_any_alert": 0.0,
                "std_alert_rate": 0.0,
                "std_alerts": 0.0,
                "std_false_alarm_rate": 0.0,
                "std_false_discoveries": 0.0,
                "std_false_discovery_proportion": 0.0,
                "std_power": 0.0,
                "std_true_discoveries": 0.0
              },
              "0.2": {
                "empirical_fdr": 0.0,
                "empirical_fdr_ci95_high": 0.0,
                "empirical_fdr_ci95_low": 0.0,
                "empirical_fdr_se": 0.0,
                "fdp_p90": 0.0,
                "fraction_fdp_above_q": 0.0,
                "mean_alert_rate": 0.0,
                "mean_alerts": 0.0,
                "mean_false_alarm_rate": 0.0,
                "mean_false_discoveries": 0.0,
                "mean_false_discovery_proportion": 0.0,
                "mean_power": 0.0,
                "mean_true_discoveries": 0.0,
                "minimum_bh_rejections_at_pmin": 10.0,
                "nominal_q": 0.2,
                "probability_any_alert": 0.0,
                "std_alert_rate": 0.0,
                "std_alerts": 0.0,
                "std_false_alarm_rate": 0.0,
                "std_false_discoveries": 0.0,
                "std_false_discovery_proportion": 0.0,
                "std_power": 0.0,
                "std_true_discoveries": 0.0
              }
            },
            "0.25": {
              "0.05": {
                "empirical_fdr": 0.0,
                "empirical_fdr_ci95_high": 0.0,
                "empirical_fdr_ci95_low": 0.0,
                "empirical_fdr_se": 0.0,
                "fdp_p90": 0.0,
                "fraction_fdp_above_q": 0.0,
                "mean_alert_rate": 0.0,
                "mean_alerts": 0.0,
                "mean_false_alarm_rate": 0.0,
                "mean_false_discoveries": 0.0,
                "mean_false_discovery_proportion": 0.0,
                "mean_power": 0.0,
                "mean_true_discoveries": 0.0,
                "minimum_bh_rejections_at_pmin": 39.0,
                "nominal_q": 0.05,
                "probability_any_alert": 0.0,
                "std_alert_rate": 0.0,
                "std_alerts": 0.0,
                "std_false_alarm_rate": 0.0,
                "std_false_discoveries": 0.0,
                "std_false_discovery_proportion": 0.0,
                "std_power": 0.0,
                "std_true_discoveries": 0.0
              },
              "0.1": {
                "empirical_fdr": 0.0,
                "empirical_fdr_ci95_high": 0.0,
                "empirical_fdr_ci95_low": 0.0,
                "empirical_fdr_se": 0.0,
                "fdp_p90": 0.0,
                "fraction_fdp_above_q": 0.0,
                "mean_alert_rate": 0.0,
                "mean_alerts": 0.0,
                "mean_false_alarm_rate": 0.0,
                "mean_false_discoveries": 0.0,
                "mean_false_discovery_proportion": 0.0,
                "mean_power": 0.0,
                "mean_true_discoveries": 0.0,
                "minimum_bh_rejections_at_pmin": 20.0,
                "nominal_q": 0.1,
                "probability_any_alert": 0.0,
                "std_alert_rate": 0.0,
                "std_alerts": 0.0,
                "std_false_alarm_rate": 0.0,
                "std_false_discoveries": 0.0,
                "std_false_discovery_proportion": 0.0,
                "std_power": 0.0,
                "std_true_discoveries": 0.0
              },
              "0.2": {
                "empirical_fdr": 0.0,
                "empirical_fdr_ci95_high": 0.0,
                "empirical_fdr_ci95_low": 0.0,
                "empirical_fdr_se": 0.0,
                "fdp_p90": 0.0,
                "fraction_fdp_above_q": 0.0,
                "mean_alert_rate": 0.0,
                "mean_alerts": 0.0,
                "mean_false_alarm_rate": 0.0,
                "mean_false_discoveries": 0.0,
                "mean_false_discovery_proportion": 0.0,
                "mean_power": 0.0,
                "mean_true_discoveries": 0.0,
                "minimum_bh_rejections_at_pmin": 10.0,
                "nominal_q": 0.2,
                "probability_any_alert": 0.0,
                "std_alert_rate": 0.0,
                "std_alerts": 0.0,
                "std_false_alarm_rate": 0.0,
                "std_false_discoveries": 0.0,
                "std_false_discovery_proportion": 0.0,
                "std_power": 0.0,
                "std_true_discoveries": 0.0
              }
            },
            "0.5": {
              "0.05": {
                "empirical_fdr": 0.0,
                "empirical_fdr_ci95_high": 0.0,
                "empirical_fdr_ci95_low": 0.0,
                "empirical_fdr_se": 0.0,
                "fdp_p90": 0.0,
                "fraction_fdp_above_q": 0.0,
                "mean_alert_rate": 0.0,
                "mean_alerts": 0.0,
                "mean_false_alarm_rate": 0.0,
                "mean_false_discoveries": 0.0,
                "mean_false_discovery_proportion": 0.0,
                "mean_power": 0.0,
                "mean_true_discoveries": 0.0,
                "minimum_bh_rejections_at_pmin": 39.0,
                "nominal_q": 0.05,
                "probability_any_alert": 0.0,
                "std_alert_rate": 0.0,
                "std_alerts": 0.0,
                "std_false_alarm_rate": 0.0,
                "std_false_discoveries": 0.0,
                "std_false_discovery_proportion": 0.0,
                "std_power": 0.0,
                "std_true_discoveries": 0.0
              },
              "0.1": {
                "empirical_fdr": 0.0,
                "empirical_fdr_ci95_high": 0.0,
                "empirical_fdr_ci95_low": 0.0,
                "empirical_fdr_se": 0.0,
                "fdp_p90": 0.0,
                "fraction_fdp_above_q": 0.0,
                "mean_alert_rate": 0.0,
                "mean_alerts": 0.0,
                "mean_false_alarm_rate": 0.0,
                "mean_false_discoveries": 0.0,
                "mean_false_discovery_proportion": 0.0,
                "mean_power": 0.0,
                "mean_true_discoveries": 0.0,
                "minimum_bh_rejections_at_pmin": 20.0,
                "nominal_q": 0.1,
                "probability_any_alert": 0.0,
                "std_alert_rate": 0.0,
                "std_alerts": 0.0,
                "std_false_alarm_rate": 0.0,
                "std_false_discoveries": 0.0,
                "std_false_discovery_proportion": 0.0,
                "std_power": 0.0,
                "std_true_discoveries": 0.0
              },
              "0.2": {
                "empirical_fdr": 0.0,
                "empirical_fdr_ci95_high": 0.0,
                "empirical_fdr_ci95_low": 0.0,
                "empirical_fdr_se": 0.0,
                "fdp_p90": 0.0,
                "fraction_fdp_above_q": 0.0,
                "mean_alert_rate": 0.0,
                "mean_alerts": 0.0,
                "mean_false_alarm_rate": 0.0,
                "mean_false_discoveries": 0.0,
                "mean_false_discovery_proportion": 0.0,
                "mean_power": 0.0,
                "mean_true_discoveries": 0.0,
                "minimum_bh_rejections_at_pmin": 10.0,
                "nominal_q": 0.2,
                "probability_any_alert": 0.0,
                "std_alert_rate": 0.0,
                "std_alerts": 0.0,
                "std_false_alarm_rate": 0.0,
                "std_false_discoveries": 0.0,
                "std_false_discovery_proportion": 0.0,
                "std_power": 0.0,
                "std_true_discoveries": 0.0
              }
            }
          }
        },
        "repeats": 200
      },
      "fdr_mondrian_sensitivity": {
        "batch_size": 2000,
        "calibration_mode": "predicted_group_mondrian",
        "calibration_size": 8388,
        "maximum_minimum_attainable_p": 0.00641025641025641,
        "minimum_attainable_p": 0.00011920371915603766,
        "procedures": {
          "bh": {
            "0.001": {
              "0.05": {
                "empirical_fdr": 0.0,
                "empirical_fdr_ci95_high": 0.0,
                "empirical_fdr_ci95_low": 0.0,
                "empirical_fdr_se": 0.0,
                "fdp_p90": 0.0,
                "fraction_fdp_above_q": 0.0,
                "mean_alert_rate": 0.0,
                "mean_alerts": 0.0,
                "mean_false_alarm_rate": 0.0,
                "mean_false_discoveries": 0.0,
                "mean_false_discovery_proportion": 0.0,
                "mean_power": 0.0,
                "mean_true_discoveries": 0.0,
                "minimum_bh_rejections_at_pmin": 5.0,
                "nominal_q": 0.05,
                "probability_any_alert": 0.0,
                "std_alert_rate": 0.0,
                "std_alerts": 0.0,
                "std_false_alarm_rate": 0.0,
                "std_false_discoveries": 0.0,
                "std_false_discovery_proportion": 0.0,
                "std_power": 0.0,
                "std_true_discoveries": 0.0
              },
              "0.1": {
                "empirical_fdr": 0.0,
                "empirical_fdr_ci95_high": 0.0,
                "empirical_fdr_ci95_low": 0.0,
                "empirical_fdr_se": 0.0,
                "fdp_p90": 0.0,
                "fraction_fdp_above_q": 0.0,
                "mean_alert_rate": 0.0,
                "mean_alerts": 0.0,
                "mean_false_alarm_rate": 0.0,
                "mean_false_discoveries": 0.0,
                "mean_false_discovery_proportion": 0.0,
                "mean_power": 0.0,
                "mean_true_discoveries": 0.0,
                "minimum_bh_rejections_at_pmin": 3.0,
                "nominal_q": 0.1,
                "probability_any_alert": 0.0,
                "std_alert_rate": 0.0,
                "std_alerts": 0.0,
                "std_false_alarm_rate": 0.0,
                "std_false_discoveries": 0.0,
                "std_false_discovery_proportion": 0.0,
                "std_power": 0.0,
                "std_true_discoveries": 0.0
              },
              "0.2": {
                "empirical_fdr": 0.0,
                "empirical_fdr_ci95_high": 0.0,
                "empirical_fdr_ci95_low": 0.0,
                "empirical_fdr_se": 0.0,
                "fdp_p90": 0.0,
                "fraction_fdp_above_q": 0.0,
                "mean_alert_rate": 0.0,
                "mean_alerts": 0.0,
                "mean_false_alarm_rate": 0.0,
                "mean_false_discoveries": 0.0,
                "mean_false_discovery_proportion": 0.0,
                "mean_power": 0.0,
                "mean_true_discoveries": 0.0,
                "minimum_bh_rejections_at_pmin": 2.0,
                "nominal_q": 0.2,
                "probability_any_alert": 0.0,
                "std_alert_rate": 0.0,
                "std_alerts": 0.0,
                "std_false_alarm_rate": 0.0,
                "std_false_discoveries": 0.0,
                "std_false_discovery_proportion": 0.0,
                "std_power": 0.0,
                "std_true_discoveries": 0.0
              }
            },
            "0.01": {
              "0.05": {
                "empirical_fdr": 0.0,
                "empirical_fdr_ci95_high": 0.0,
                "empirical_fdr_ci95_low": 0.0,
                "empirical_fdr_se": 0.0,
                "fdp_p90": 0.0,
                "fraction_fdp_above_q": 0.0,
                "mean_alert_rate": 0.0,
                "mean_alerts": 0.0,
                "mean_false_alarm_rate": 0.0,
                "mean_false_discoveries": 0.0,
                "mean_false_discovery_proportion": 0.0,
                "mean_power": 0.0,
                "mean_true_discoveries": 0.0,
                "minimum_bh_rejections_at_pmin": 5.0,
                "nominal_q": 0.05,
                "probability_any_alert": 0.0,
                "std_alert_rate": 0.0,
                "std_alerts": 0.0,
                "std_false_alarm_rate": 0.0,
                "std_false_discoveries": 0.0,
                "std_false_discovery_proportion": 0.0,
                "std_power": 0.0,
                "std_true_discoveries": 0.0
              },
              "0.1": {
                "empirical_fdr": 0.0,
                "empirical_fdr_ci95_high": 0.0,
                "empirical_fdr_ci95_low": 0.0,
                "empirical_fdr_se": 0.0,
                "fdp_p90": 0.0,
                "fraction_fdp_above_q": 0.0,
                "mean_alert_rate": 0.0,
                "mean_alerts": 0.0,
                "mean_false_alarm_rate": 0.0,
                "mean_false_discoveries": 0.0,
                "mean_false_discovery_proportion": 0.0,
                "mean_power": 0.0,
                "mean_true_discoveries": 0.0,
                "minimum_bh_rejections_at_pmin": 3.0,
                "nominal_q": 0.1,
                "probability_any_alert": 0.0,
                "std_alert_rate": 0.0,
                "std_alerts": 0.0,
                "std_false_alarm_rate": 0.0,
                "std_false_discoveries": 0.0,
                "std_false_discovery_proportion": 0.0,
                "std_power": 0.0,
                "std_true_discoveries": 0.0
              },
              "0.2": {
                "empirical_fdr": 0.01,
                "empirical_fdr_ci95_high": 0.019997726151307516,
                "empirical_fdr_ci95_low": 2.2738486924848977e-06,
                "empirical_fdr_se": 0.00510088068944261,
                "fdp_p90": 0.0,
                "fraction_fdp_above_q": 0.02,
                "mean_alert_rate": 6e-05,
                "mean_alerts": 0.12,
                "mean_false_alarm_rate": 3.0303030303030302e-05,
                "mean_false_discoveries": 0.06,
                "mean_false_discovery_proportion": 0.01,
                "mean_power": 0.0030000000000000005,
                "mean_true_discoveries": 0.06,
                "minimum_bh_rejections_at_pmin": 2.0,
                "nominal_q": 0.2,
                "probability_any_alert": 0.02,
                "std_alert_rate": 0.0004210539539783518,
                "std_alerts": 0.8421079079567036,
                "std_false_alarm_rate": 0.0002185980197289929,
                "std_false_discoveries": 0.43282407906340586,
                "std_false_discovery_proportion": 0.07213734651056763,
                "std_power": 0.021641203953170294,
                "std_true_discoveries": 0.43282407906340586
              }
            },
            "0.05": {
              "0.05": {
                "empirical_fdr": 0.0,
                "empirical_fdr_ci95_high": 0.0,
                "empirical_fdr_ci95_low": 0.0,
                "empirical_fdr_se": 0.0,
                "fdp_p90": 0.0,
                "fraction_fdp_above_q": 0.0,
                "mean_alert_rate": 0.0,
                "mean_alerts": 0.0,
                "mean_false_alarm_rate": 0.0,
                "mean_false_discoveries": 0.0,
                "mean_false_discovery_proportion": 0.0,
                "mean_power": 0.0,
                "mean_true_discoveries": 0.0,
                "minimum_bh_rejections_at_pmin": 5.0,
                "nominal_q": 0.05,
                "probability_any_alert": 0.0,
                "std_alert_rate": 0.0,
                "std_alerts": 0.0,
                "std_false_alarm_rate": 0.0,
                "std_false_discoveries": 0.0,
                "std_false_discovery_proportion": 0.0,
                "std_power": 0.0,
                "std_true_discoveries": 0.0
              },
              "0.1": {
                "empirical_fdr": 0.004422027972027972,
                "empirical_fdr_ci95_high": 0.007807218727851589,
                "empirical_fdr_ci95_low": 0.0010368372162043553,
                "empirical_fdr_se": 0.0017271381407263351,
                "fdp_p90": 0.0,
                "fraction_fdp_above_q": 0.01,
                "mean_alert_rate": 0.0006675,
                "mean_alerts": 1.335,
                "mean_false_alarm_rate": 3.9473684210526316e-05,
                "mean_false_discoveries": 0.075,
                "mean_false_discovery_proportion": 0.004422027972027972,
                "mean_power": 0.0126,
                "mean_true_discoveries": 1.26,
                "minimum_bh_rejections_at_pmin": 3.0,
                "nominal_q": 0.1,
                "probability_any_alert": 0.065,
                "std_alert_rate": 0.002610992177459322,
                "std_alerts": 5.221984354918643,
                "std_false_alarm_rate": 0.000203926571530961,
                "std_false_discoveries": 0.387460485908826,
                "std_false_discovery_proportion": 0.024425421827070345,
                "std_power": 0.04981614438318195,
                "std_true_discoveries": 4.981614438318194
              },
              "0.2": {
                "empirical_fdr": 0.11610501244623027,
                "empirical_fdr_ci95_high": 0.13051082048969312,
                "empirical_fdr_ci95_low": 0.10169920440276742,
                "empirical_fdr_se": 0.007349902062991251,
                "fdp_p90": 0.26958041958041956,
                "fraction_fdp_above_q": 0.22,
                "mean_alert_rate": 0.008645,
                "mean_alerts": 17.29,
                "mean_false_alarm_rate": 0.00135,
                "mean_false_discoveries": 2.565,
                "mean_false_discovery_proportion": 0.11610501244623027,
                "mean_power": 0.14725,
                "mean_true_discoveries": 14.725,
                "minimum_bh_rejections_at_pmin": 2.0,
                "nominal_q": 0.2,
                "probability_any_alert": 0.915,
                "std_alert_rate": 0.0051846773667206065,
                "std_alerts": 10.369354733441213,
                "std_false_alarm_rate": 0.0015851746195015876,
                "std_false_discoveries": 3.0118317770530165,
                "std_false_discovery_proportion": 0.10394331179596218,
                "std_power": 0.08088665374317845,
                "std_true_discoveries": 8.088665374317845
              }
            },
            "0.1": {
              "0.05": {
                "empirical_fdr": 0.0002325581395348837,
                "empirical_fdr_ci95_high": 0.0006883720930232558,
                "empirical_fdr_ci95_low": 0.0,
                "empirical_fdr_se": 0.00023255813953488376,
                "fdp_p90": 0.0,
                "fraction_fdp_above_q": 0.0,
                "mean_alert_rate": 0.0001075,
                "mean_alerts": 0.215,
                "mean_false_alarm_rate": 5.555555555555556e-06,
                "mean_false_discoveries": 0.01,
                "mean_false_discovery_proportion": 0.0002325581395348837,
                "mean_power": 0.0010249999999999999,
                "mean_true_discoveries": 0.205,
                "minimum_bh_rejections_at_pmin": 5.0,
                "nominal_q": 0.05,
                "probability_any_alert": 0.005,
                "std_alert_rate": 0.0015202795795510773,
                "std_alerts": 3.0405591591021546,
                "std_false_alarm_rate": 7.856742013183859e-05,
                "std_false_discoveries": 0.14142135623730953,
                "std_false_discovery_proportion": 0.0032888687497048727,
                "std_power": 0.01449568901432422,
                "std_true_discoveries": 2.899137802864845
              },
              "0.1": {
                "empirical_fdr": 0.0482291431517649,
                "empirical_fdr_ci95_high": 0.05403308681413133,
                "empirical_fdr_ci95_low": 0.04242519948939847,
                "empirical_fdr_se": 0.002961195746105322,
                "fdp_p90": 0.10554765291607394,
                "fraction_fdp_above_q": 0.115,
                "mean_alert_rate": 0.014632500000000001,
                "mean_alerts": 29.265,
                "mean_false_alarm_rate": 0.0008888888888888889,
                "mean_false_discoveries": 1.6,
                "mean_false_discovery_proportion": 0.0482291431517649,
                "mean_power": 0.138325,
                "mean_true_discoveries": 27.665,
                "minimum_bh_rejections_at_pmin": 3.0,
                "nominal_q": 0.1,
                "probability_any_alert": 0.94,
                "std_alert_rate": 0.004732141116634065,
                "std_alerts": 9.46428223326813,
                "std_false_alarm_rate": 0.0008335659455732673,
                "std_false_discoveries": 1.5004187020318813,
                "std_false_discovery_proportion": 0.04187763184983662,
                "std_power": 0.04344544751234286,
                "std_true_discoveries": 8.689089502468573
              },
              "0.2": {
                "empirical_fdr": 0.1495352637956457,
                "empirical_fdr_ci95_high": 0.15432110875361435,
                "empirical_fdr_ci95_low": 0.14474941883767703,
                "empirical_fdr_se": 0.0024417576316166614,
                "fdp_p90": 0.1942180774748924,
                "fraction_fdp_above_q": 0.065,
                "mean_alert_rate": 0.0702325,
                "mean_alerts": 140.465,
                "mean_false_alarm_rate": 0.011969444444444446,
                "mean_false_discoveries": 21.545,
                "mean_false_discovery_proportion": 0.1495352637956457,
                "mean_power": 0.5946,
                "mean_true_discoveries": 118.92,
                "minimum_bh_rejections_at_pmin": 2.0,
                "nominal_q": 0.2,
                "probability_any_alert": 1.0,
                "std_alert_rate": 0.012356195676988943,
                "std_alerts": 24.712391353977882,
                "std_false_alarm_rate": 0.004227610325301627,
                "std_false_discoveries": 7.60969858554293,
                "std_false_discovery_proportion": 0.03453166758660291,
                "std_power": 0.09263772851122049,
                "std_true_discoveries": 18.527545702244097
              }
            },
            "0.25": {
              "0.05": {
                "empirical_fdr": 0.02603710576618755,
                "empirical_fdr_ci95_high": 0.02849521063712713,
                "empirical_fdr_ci95_low": 0.02357900089524797,
                "empirical_fdr_se": 0.0012541351382344796,
                "fdp_p90": 0.04896573016363074,
                "fraction_fdp_above_q": 0.1,
                "mean_alert_rate": 0.03971499999999999,
                "mean_alerts": 79.43,
                "mean_false_alarm_rate": 0.00144,
                "mean_false_discoveries": 2.16,
                "mean_false_discovery_proportion": 0.02603710576618755,
                "mean_power": 0.15453999999999998,
                "mean_true_discoveries": 77.27,
                "minimum_bh_rejections_at_pmin": 5.0,
                "nominal_q": 0.05,
                "probability_any_alert": 1.0,
                "std_alert_rate": 0.011832638406470952,
                "std_alerts": 23.665276812941904,
                "std_false_alarm_rate": 0.0011526484929487572,
                "std_false_discoveries": 1.7289727394231356,
                "std_false_discovery_proportion": 0.017736149215398574,
                "std_power": 0.0451947032961845,
                "std_true_discoveries": 22.597351648092253
              },
              "0.1": {
                "empirical_fdr": 0.06695351372495408,
                "empirical_fdr_ci95_high": 0.06865578527260775,
                "empirical_fdr_ci95_low": 0.0652512421773004,
                "empirical_fdr_se": 0.0008685058916600378,
                "fdp_p90": 0.08425508214981899,
                "fraction_fdp_above_q": 0.005,
                "mean_alert_rate": 0.18092249999999999,
                "mean_alerts": 361.845,
                "mean_false_alarm_rate": 0.01621,
                "mean_false_discoveries": 24.315,
                "mean_false_discovery_proportion": 0.06695351372495408,
                "mean_power": 0.6750599999999999,
                "mean_true_discoveries": 337.53,
                "minimum_bh_rejections_at_pmin": 3.0,
                "nominal_q": 0.1,
                "probability_any_alert": 1.0,
                "std_alert_rate": 0.009395430502196695,
                "std_alerts": 18.790861004393392,
                "std_false_alarm_rate": 0.0033773161913887204,
                "std_false_discoveries": 5.0659742870830815,
                "std_false_discovery_proportion": 0.012282528109865635,
                "std_power": 0.03270265613972302,
                "std_true_discoveries": 16.35132806986152
              },
              "0.2": {
                "empirical_fdr": 0.15028854327660507,
                "empirical_fdr_ci95_high": 0.15248559020266136,
                "empirical_fdr_ci95_low": 0.14809149635054877,
                "empirical_fdr_se": 0.0011209423092124011,
                "fdp_p90": 0.16766600021045985,
                "fraction_fdp_above_q": 0.005,
                "mean_alert_rate": 0.22040749999999998,
                "mean_alerts": 440.815,
                "mean_false_alarm_rate": 0.04425,
                "mean_false_discoveries": 66.375,
                "mean_false_discovery_proportion": 0.15028854327660507,
                "mean_power": 0.7488799999999999,
                "mean_true_discoveries": 374.44,
                "minimum_bh_rejections_at_pmin": 2.0,
                "nominal_q": 0.2,
                "probability_any_alert": 1.0,
                "std_alert_rate": 0.006715518198424221,
                "std_alerts": 13.431036396848432,
                "std_false_alarm_rate": 0.0055763068614710105,
                "std_false_discoveries": 8.364460292206514,
                "std_false_discovery_proportion": 0.015852518163259933,
                "std_power": 0.018402141015921216,
                "std_true_discoveries": 9.2010705079606
              }
            },
            "0.5": {
              "0.05": {
                "empirical_fdr": 0.02217821036538862,
                "empirical_fdr_ci95_high": 0.022914947621918706,
                "empirical_fdr_ci95_low": 0.021441473108858532,
                "empirical_fdr_se": 0.00037588635537249383,
                "fdp_p90": 0.028341494571002768,
                "fraction_fdp_above_q": 0.0,
                "mean_alert_rate": 0.3348675,
                "mean_alerts": 669.735,
                "mean_false_alarm_rate": 0.014865000000000001,
                "mean_false_discoveries": 14.865,
                "mean_false_discovery_proportion": 0.02217821036538862,
                "mean_power": 0.65487,
                "mean_true_discoveries": 654.87,
                "minimum_bh_rejections_at_pmin": 5.0,
                "nominal_q": 0.05,
                "probability_any_alert": 1.0,
                "std_alert_rate": 0.009664533604835514,
                "std_alerts": 19.32906720967103,
                "std_false_alarm_rate": 0.0036294129264875293,
                "std_false_discoveries": 3.6294129264875297,
                "std_false_discovery_proportion": 0.005315835816787737,
                "std_power": 0.01885259136047417,
                "std_true_discoveries": 18.852591360474165
              },
              "0.1": {
                "empirical_fdr": 0.05028536661018947,
                "empirical_fdr_ci95_high": 0.05133378695864946,
                "empirical_fdr_ci95_low": 0.04923694626172949,
                "empirical_fdr_se": 0.0005349083410510113,
                "fdp_p90": 0.06011771263689422,
                "fraction_fdp_above_q": 0.0,
                "mean_alert_rate": 0.3933900000000001,
                "mean_alerts": 786.78,
                "mean_false_alarm_rate": 0.039595,
                "mean_false_discoveries": 39.595,
                "mean_false_discovery_proportion": 0.05028536661018947,
                "mean_power": 0.7471850000000001,
                "mean_true_discoveries": 747.185,
                "minimum_bh_rejections_at_pmin": 3.0,
                "nominal_q": 0.1,
                "probability_any_alert": 1.0,
                "std_alert_rate": 0.00734097059292783,
                "std_alerts": 14.681941185855658,
                "std_false_alarm_rate": 0.006208356744528834,
                "std_false_discoveries": 6.208356744528835,
                "std_false_discovery_proportion": 0.007564746305408332,
                "std_power": 0.013518674037741046,
                "std_true_discoveries": 13.518674037741032
              },
              "0.2": {
                "empirical_fdr": 0.10541851986515564,
                "empirical_fdr_ci95_high": 0.10684579661497066,
                "empirical_fdr_ci95_low": 0.10399124311534062,
                "empirical_fdr_se": 0.0007282024233750111,
                "fdp_p90": 0.11666297279779203,
                "fraction_fdp_above_q": 0.0,
                "mean_alert_rate": 0.42151749999999993,
                "mean_alerts": 843.035,
                "mean_false_alarm_rate": 0.08893999999999998,
                "mean_false_discoveries": 88.94,
                "mean_false_discovery_proportion": 0.10541851986515564,
                "mean_power": 0.7540950000000001,
                "mean_true_discoveries": 754.095,
                "minimum_bh_rejections_at_pmin": 2.0,
                "nominal_q": 0.2,
                "probability_any_alert": 1.0,
                "std_alert_rate": 0.008202735402928239,
                "std_alerts": 16.405470805856474,
                "std_false_alarm_rate": 0.00951467525594703,
                "std_false_discoveries": 9.514675255947028,
                "std_false_discovery_proportion": 0.010298337432898952,
                "std_power": 0.013669316959184668,
                "std_true_discoveries": 13.669316959184656
              }
            }
          },
          "by": {
            "0.001": {
              "0.05": {
                "empirical_fdr": 0.0,
                "empirical_fdr_ci95_high": 0.0,
                "empirical_fdr_ci95_low": 0.0,
                "empirical_fdr_se": 0.0,
                "fdp_p90": 0.0,
                "fraction_fdp_above_q": 0.0,
                "mean_alert_rate": 0.0,
                "mean_alerts": 0.0,
                "mean_false_alarm_rate": 0.0,
                "mean_false_discoveries": 0.0,
                "mean_false_discovery_proportion": 0.0,
                "mean_power": 0.0,
                "mean_true_discoveries": 0.0,
                "minimum_bh_rejections_at_pmin": 39.0,
                "nominal_q": 0.05,
                "probability_any_alert": 0.0,
                "std_alert_rate": 0.0,
                "std_alerts": 0.0,
                "std_false_alarm_rate": 0.0,
                "std_false_discoveries": 0.0,
                "std_false_discovery_proportion": 0.0,
                "std_power": 0.0,
                "std_true_discoveries": 0.0
              },
              "0.1": {
                "empirical_fdr": 0.0,
                "empirical_fdr_ci95_high": 0.0,
                "empirical_fdr_ci95_low": 0.0,
                "empirical_fdr_se": 0.0,
                "fdp_p90": 0.0,
                "fraction_fdp_above_q": 0.0,
                "mean_alert_rate": 0.0,
                "mean_alerts": 0.0,
                "mean_false_alarm_rate": 0.0,
                "mean_false_discoveries": 0.0,
                "mean_false_discovery_proportion": 0.0,
                "mean_power": 0.0,
                "mean_true_discoveries": 0.0,
                "minimum_bh_rejections_at_pmin": 20.0,
                "nominal_q": 0.1,
                "probability_any_alert": 0.0,
                "std_alert_rate": 0.0,
                "std_alerts": 0.0,
                "std_false_alarm_rate": 0.0,
                "std_false_discoveries": 0.0,
                "std_false_discovery_proportion": 0.0,
                "std_power": 0.0,
                "std_true_discoveries": 0.0
              },
              "0.2": {
                "empirical_fdr": 0.0,
                "empirical_fdr_ci95_high": 0.0,
                "empirical_fdr_ci95_low": 0.0,
                "empirical_fdr_se": 0.0,
                "fdp_p90": 0.0,
                "fraction_fdp_above_q": 0.0,
                "mean_alert_rate": 0.0,
                "mean_alerts": 0.0,
                "mean_false_alarm_rate": 0.0,
                "mean_false_discoveries": 0.0,
                "mean_false_discovery_proportion": 0.0,
                "mean_power": 0.0,
                "mean_true_discoveries": 0.0,
                "minimum_bh_rejections_at_pmin": 10.0,
                "nominal_q": 0.2,
                "probability_any_alert": 0.0,
                "std_alert_rate": 0.0,
                "std_alerts": 0.0,
                "std_false_alarm_rate": 0.0,
                "std_false_discoveries": 0.0,
                "std_false_discovery_proportion": 0.0,
                "std_power": 0.0,
                "std_true_discoveries": 0.0
              }
            },
            "0.01": {
              "0.05": {
                "empirical_fdr": 0.0,
                "empirical_fdr_ci95_high": 0.0,
                "empirical_fdr_ci95_low": 0.0,
                "empirical_fdr_se": 0.0,
                "fdp_p90": 0.0,
                "fraction_fdp_above_q": 0.0,
                "mean_alert_rate": 0.0,
                "mean_alerts": 0.0,
                "mean_false_alarm_rate": 0.0,
                "mean_false_discoveries": 0.0,
                "mean_false_discovery_proportion": 0.0,
                "mean_power": 0.0,
                "mean_true_discoveries": 0.0,
                "minimum_bh_rejections_at_pmin": 39.0,
                "nominal_q": 0.05,
                "probability_any_alert": 0.0,
                "std_alert_rate": 0.0,
                "std_alerts": 0.0,
                "std_false_alarm_rate": 0.0,
                "std_false_discoveries": 0.0,
                "std_false_discovery_proportion": 0.0,
                "std_power": 0.0,
                "std_true_discoveries": 0.0
              },
              "0.1": {
                "empirical_fdr": 0.0,
                "empirical_fdr_ci95_high": 0.0,
                "empirical_fdr_ci95_low": 0.0,
                "empirical_fdr_se": 0.0,
                "fdp_p90": 0.0,
                "fraction_fdp_above_q": 0.0,
                "mean_alert_rate": 0.0,
                "mean_alerts": 0.0,
                "mean_false_alarm_rate": 0.0,
                "mean_false_discoveries": 0.0,
                "mean_false_discovery_proportion": 0.0,
                "mean_power": 0.0,
                "mean_true_discoveries": 0.0,
                "minimum_bh_rejections_at_pmin": 20.0,
                "nominal_q": 0.1,
                "probability_any_alert": 0.0,
                "std_alert_rate": 0.0,
                "std_alerts": 0.0,
                "std_false_alarm_rate": 0.0,
                "std_false_discoveries": 0.0,
                "std_false_discovery_proportion": 0.0,
                "std_power": 0.0,
                "std_true_discoveries": 0.0
              },
              "0.2": {
                "empirical_fdr": 0.0,
                "empirical_fdr_ci95_high": 0.0,
                "empirical_fdr_ci95_low": 0.0,
                "empirical_fdr_se": 0.0,
                "fdp_p90": 0.0,
                "fraction_fdp_above_q": 0.0,
                "mean_alert_rate": 0.0,
                "mean_alerts": 0.0,
                "mean_false_alarm_rate": 0.0,
                "mean_false_discoveries": 0.0,
                "mean_false_discovery_proportion": 0.0,
                "mean_power": 0.0,
                "mean_true_discoveries": 0.0,
                "minimum_bh_rejections_at_pmin": 10.0,
                "nominal_q": 0.2,
                "probability_any_alert": 0.0,
                "std_alert_rate": 0.0,
                "std_alerts": 0.0,
                "std_false_alarm_rate": 0.0,
                "std_false_discoveries": 0.0,
                "std_false_discovery_proportion": 0.0,
                "std_power": 0.0,
                "std_true_discoveries": 0.0
              }
            },
            "0.05": {
              "0.05": {
                "empirical_fdr": 0.0,
                "empirical_fdr_ci95_high": 0.0,
                "empirical_fdr_ci95_low": 0.0,
                "empirical_fdr_se": 0.0,
                "fdp_p90": 0.0,
                "fraction_fdp_above_q": 0.0,
                "mean_alert_rate": 0.0,
                "mean_alerts": 0.0,
                "mean_false_alarm_rate": 0.0,
                "mean_false_discoveries": 0.0,
                "mean_false_discovery_proportion": 0.0,
                "mean_power": 0.0,
                "mean_true_discoveries": 0.0,
                "minimum_bh_rejections_at_pmin": 39.0,
                "nominal_q": 0.05,
                "probability_any_alert": 0.0,
                "std_alert_rate": 0.0,
                "std_alerts": 0.0,
                "std_false_alarm_rate": 0.0,
                "std_false_discoveries": 0.0,
                "std_false_discovery_proportion": 0.0,
                "std_power": 0.0,
                "std_true_discoveries": 0.0
              },
              "0.1": {
                "empirical_fdr": 0.0,
                "empirical_fdr_ci95_high": 0.0,
                "empirical_fdr_ci95_low": 0.0,
                "empirical_fdr_se": 0.0,
                "fdp_p90": 0.0,
                "fraction_fdp_above_q": 0.0,
                "mean_alert_rate": 0.0,
                "mean_alerts": 0.0,
                "mean_false_alarm_rate": 0.0,
                "mean_false_discoveries": 0.0,
                "mean_false_discovery_proportion": 0.0,
                "mean_power": 0.0,
                "mean_true_discoveries": 0.0,
                "minimum_bh_rejections_at_pmin": 20.0,
                "nominal_q": 0.1,
                "probability_any_alert": 0.0,
                "std_alert_rate": 0.0,
                "std_alerts": 0.0,
                "std_false_alarm_rate": 0.0,
                "std_false_discoveries": 0.0,
                "std_false_discovery_proportion": 0.0,
                "std_power": 0.0,
                "std_true_discoveries": 0.0
              },
              "0.2": {
                "empirical_fdr": 0.0,
                "empirical_fdr_ci95_high": 0.0,
                "empirical_fdr_ci95_low": 0.0,
                "empirical_fdr_se": 0.0,
                "fdp_p90": 0.0,
                "fraction_fdp_above_q": 0.0,
                "mean_alert_rate": 0.0,
                "mean_alerts": 0.0,
                "mean_false_alarm_rate": 0.0,
                "mean_false_discoveries": 0.0,
                "mean_false_discovery_proportion": 0.0,
                "mean_power": 0.0,
                "mean_true_discoveries": 0.0,
                "minimum_bh_rejections_at_pmin": 10.0,
                "nominal_q": 0.2,
                "probability_any_alert": 0.0,
                "std_alert_rate": 0.0,
                "std_alerts": 0.0,
                "std_false_alarm_rate": 0.0,
                "std_false_discoveries": 0.0,
                "std_false_discovery_proportion": 0.0,
                "std_power": 0.0,
                "std_true_discoveries": 0.0
              }
            },
            "0.1": {
              "0.05": {
                "empirical_fdr": 0.0,
                "empirical_fdr_ci95_high": 0.0,
                "empirical_fdr_ci95_low": 0.0,
                "empirical_fdr_se": 0.0,
                "fdp_p90": 0.0,
                "fraction_fdp_above_q": 0.0,
                "mean_alert_rate": 0.0,
                "mean_alerts": 0.0,
                "mean_false_alarm_rate": 0.0,
                "mean_false_discoveries": 0.0,
                "mean_false_discovery_proportion": 0.0,
                "mean_power": 0.0,
                "mean_true_discoveries": 0.0,
                "minimum_bh_rejections_at_pmin": 39.0,
                "nominal_q": 0.05,
                "probability_any_alert": 0.0,
                "std_alert_rate": 0.0,
                "std_alerts": 0.0,
                "std_false_alarm_rate": 0.0,
                "std_false_discoveries": 0.0,
                "std_false_discovery_proportion": 0.0,
                "std_power": 0.0,
                "std_true_discoveries": 0.0
              },
              "0.1": {
                "empirical_fdr": 0.0,
                "empirical_fdr_ci95_high": 0.0,
                "empirical_fdr_ci95_low": 0.0,
                "empirical_fdr_se": 0.0,
                "fdp_p90": 0.0,
                "fraction_fdp_above_q": 0.0,
                "mean_alert_rate": 0.0,
                "mean_alerts": 0.0,
                "mean_false_alarm_rate": 0.0,
                "mean_false_discoveries": 0.0,
                "mean_false_discovery_proportion": 0.0,
                "mean_power": 0.0,
                "mean_true_discoveries": 0.0,
                "minimum_bh_rejections_at_pmin": 20.0,
                "nominal_q": 0.1,
                "probability_any_alert": 0.0,
                "std_alert_rate": 0.0,
                "std_alerts": 0.0,
                "std_false_alarm_rate": 0.0,
                "std_false_discoveries": 0.0,
                "std_false_discovery_proportion": 0.0,
                "std_power": 0.0,
                "std_true_discoveries": 0.0
              },
              "0.2": {
                "empirical_fdr": 0.0,
                "empirical_fdr_ci95_high": 0.0,
                "empirical_fdr_ci95_low": 0.0,
                "empirical_fdr_se": 0.0,
                "fdp_p90": 0.0,
                "fraction_fdp_above_q": 0.0,
                "mean_alert_rate": 0.0,
                "mean_alerts": 0.0,
                "mean_false_alarm_rate": 0.0,
                "mean_false_discoveries": 0.0,
                "mean_false_discovery_proportion": 0.0,
                "mean_power": 0.0,
                "mean_true_discoveries": 0.0,
                "minimum_bh_rejections_at_pmin": 10.0,
                "nominal_q": 0.2,
                "probability_any_alert": 0.0,
                "std_alert_rate": 0.0,
                "std_alerts": 0.0,
                "std_false_alarm_rate": 0.0,
                "std_false_discoveries": 0.0,
                "std_false_discovery_proportion": 0.0,
                "std_power": 0.0,
                "std_true_discoveries": 0.0
              }
            },
            "0.25": {
              "0.05": {
                "empirical_fdr": 0.0,
                "empirical_fdr_ci95_high": 0.0,
                "empirical_fdr_ci95_low": 0.0,
                "empirical_fdr_se": 0.0,
                "fdp_p90": 0.0,
                "fraction_fdp_above_q": 0.0,
                "mean_alert_rate": 0.0,
                "mean_alerts": 0.0,
                "mean_false_alarm_rate": 0.0,
                "mean_false_discoveries": 0.0,
                "mean_false_discovery_proportion": 0.0,
                "mean_power": 0.0,
                "mean_true_discoveries": 0.0,
                "minimum_bh_rejections_at_pmin": 39.0,
                "nominal_q": 0.05,
                "probability_any_alert": 0.0,
                "std_alert_rate": 0.0,
                "std_alerts": 0.0,
                "std_false_alarm_rate": 0.0,
                "std_false_discoveries": 0.0,
                "std_false_discovery_proportion": 0.0,
                "std_power": 0.0,
                "std_true_discoveries": 0.0
              },
              "0.1": {
                "empirical_fdr": 0.0,
                "empirical_fdr_ci95_high": 0.0,
                "empirical_fdr_ci95_low": 0.0,
                "empirical_fdr_se": 0.0,
                "fdp_p90": 0.0,
                "fraction_fdp_above_q": 0.0,
                "mean_alert_rate": 0.0,
                "mean_alerts": 0.0,
                "mean_false_alarm_rate": 0.0,
                "mean_false_discoveries": 0.0,
                "mean_false_discovery_proportion": 0.0,
                "mean_power": 0.0,
                "mean_true_discoveries": 0.0,
                "minimum_bh_rejections_at_pmin": 20.0,
                "nominal_q": 0.1,
                "probability_any_alert": 0.0,
                "std_alert_rate": 0.0,
                "std_alerts": 0.0,
                "std_false_alarm_rate": 0.0,
                "std_false_discoveries": 0.0,
                "std_false_discovery_proportion": 0.0,
                "std_power": 0.0,
                "std_true_discoveries": 0.0
              },
              "0.2": {
                "empirical_fdr": 0.00016612299142201284,
                "empirical_fdr_ci95_high": 0.0004097823230384735,
                "empirical_fdr_ci95_low": 0.0,
                "empirical_fdr_se": 0.00012431598551860236,
                "fdp_p90": 0.0,
                "fraction_fdp_above_q": 0.0,
                "mean_alert_rate": 0.0006725,
                "mean_alerts": 1.345,
                "mean_false_alarm_rate": 1e-05,
                "mean_false_discoveries": 0.015,
                "mean_false_discovery_proportion": 0.00016612299142201284,
                "mean_power": 0.00266,
                "mean_true_discoveries": 1.33,
                "minimum_bh_rejections_at_pmin": 10.0,
                "nominal_q": 0.2,
                "probability_any_alert": 0.015,
                "std_alert_rate": 0.00546542294703253,
                "std_alerts": 10.93084589406506,
                "std_false_alarm_rate": 0.00010519716406705011,
                "std_false_discoveries": 0.15779574610057515,
                "std_false_discovery_proportion": 0.0017580935274018473,
                "std_power": 0.02161714376421208,
                "std_true_discoveries": 10.808571882106037
              }
            },
            "0.5": {
              "0.05": {
                "empirical_fdr": 0.0,
                "empirical_fdr_ci95_high": 0.0,
                "empirical_fdr_ci95_low": 0.0,
                "empirical_fdr_se": 0.0,
                "fdp_p90": 0.0,
                "fraction_fdp_above_q": 0.0,
                "mean_alert_rate": 0.0,
                "mean_alerts": 0.0,
                "mean_false_alarm_rate": 0.0,
                "mean_false_discoveries": 0.0,
                "mean_false_discovery_proportion": 0.0,
                "mean_power": 0.0,
                "mean_true_discoveries": 0.0,
                "minimum_bh_rejections_at_pmin": 39.0,
                "nominal_q": 0.05,
                "probability_any_alert": 0.0,
                "std_alert_rate": 0.0,
                "std_alerts": 0.0,
                "std_false_alarm_rate": 0.0,
                "std_false_discoveries": 0.0,
                "std_false_discovery_proportion": 0.0,
                "std_power": 0.0,
                "std_true_discoveries": 0.0
              },
              "0.1": {
                "empirical_fdr": 0.0,
                "empirical_fdr_ci95_high": 0.0,
                "empirical_fdr_ci95_low": 0.0,
                "empirical_fdr_se": 0.0,
                "fdp_p90": 0.0,
                "fraction_fdp_above_q": 0.0,
                "mean_alert_rate": 0.0,
                "mean_alerts": 0.0,
                "mean_false_alarm_rate": 0.0,
                "mean_false_discoveries": 0.0,
                "mean_false_discovery_proportion": 0.0,
                "mean_power": 0.0,
                "mean_true_discoveries": 0.0,
                "minimum_bh_rejections_at_pmin": 20.0,
                "nominal_q": 0.1,
                "probability_any_alert": 0.0,
                "std_alert_rate": 0.0,
                "std_alerts": 0.0,
                "std_false_alarm_rate": 0.0,
                "std_false_discoveries": 0.0,
                "std_false_discovery_proportion": 0.0,
                "std_power": 0.0,
                "std_true_discoveries": 0.0
              },
              "0.2": {
                "empirical_fdr": 0.008659567471619296,
                "empirical_fdr_ci95_high": 0.00966937680417824,
                "empirical_fdr_ci95_low": 0.007649758139060351,
                "empirical_fdr_se": 0.0005152088431423185,
                "fdp_p90": 0.019367406786761625,
                "fraction_fdp_above_q": 0.0,
                "mean_alert_rate": 0.075165,
                "mean_alerts": 150.33,
                "mean_false_alarm_rate": 0.00131,
                "mean_false_discoveries": 1.31,
                "mean_false_discovery_proportion": 0.008659567471619296,
                "mean_power": 0.14901999999999999,
                "mean_true_discoveries": 149.02,
                "minimum_bh_rejections_at_pmin": 10.0,
                "nominal_q": 0.2,
                "probability_any_alert": 1.0,
                "std_alert_rate": 0.006078653232882111,
                "std_alerts": 12.157306465764222,
                "std_false_alarm_rate": 0.00111810140585228,
                "std_false_discoveries": 1.1181014058522796,
                "std_false_discovery_proportion": 0.0072861533342641945,
                "std_power": 0.01200291421900297,
                "std_true_discoveries": 12.002914219002971
              }
            }
          }
        },
        "repeats": 200
      },
      "fixed_far": {
        "false_alarm_budget": 0.01,
        "prevalence": {
          "0.001": {
            "empirical_fdr": 0.9683836324220293,
            "empirical_fdr_ci95_high": 0.97479300996576,
            "empirical_fdr_ci95_low": 0.9619742548782986,
            "empirical_fdr_se": 0.003270090583536097,
            "fdp_p90": 1.0,
            "mean_alert_rate": 0.0072925,
            "mean_alerts": 14.585,
            "mean_false_alarm_rate": 0.007074574574574575,
            "mean_false_discoveries": 14.135,
            "mean_false_discovery_proportion": 0.9683836324220293,
            "mean_power": 0.225,
            "mean_true_discoveries": 0.45,
            "probability_any_alert": 1.0,
            "std_alert_rate": 0.0017438171467232537,
            "std_alerts": 3.487634293446508,
            "std_false_alarm_rate": 0.0017422423004047724,
            "std_false_discoveries": 3.4810001162087345,
            "std_false_discovery_proportion": 0.04624606453425297,
            "std_power": 0.32388191904988645,
            "std_true_discoveries": 0.6477638380997729
          },
          "0.01": {
            "empirical_fdr": 0.7540711620164987,
            "empirical_fdr_ci95_high": 0.7677245749223551,
            "empirical_fdr_ci95_low": 0.7404177491106423,
            "empirical_fdr_se": 0.006966026992783882,
            "fdp_p90": 0.875,
            "mean_alert_rate": 0.009025,
            "mean_alerts": 18.05,
            "mean_false_alarm_rate": 0.006901515151515151,
            "mean_false_discoveries": 13.665,
            "mean_false_discovery_proportion": 0.7540711620164987,
            "mean_power": 0.21925,
            "mean_true_discoveries": 4.385,
            "probability_any_alert": 1.0,
            "std_alert_rate": 0.0019366538515448541,
            "std_alerts": 3.8733077030897083,
            "std_false_alarm_rate": 0.001758518262890681,
            "std_false_discoveries": 3.481866160523548,
            "std_false_discovery_proportion": 0.09851449849052032,
            "std_power": 0.0923829559646357,
            "std_true_discoveries": 1.847659119292714
          },
          "0.05": {
            "empirical_fdr": 0.3616613997087362,
            "empirical_fdr_ci95_high": 0.3721073388338603,
            "empirical_fdr_ci95_low": 0.351215460583612,
            "empirical_fdr_se": 0.005329560778124576,
            "fdp_p90": 0.45480519480519477,
            "mean_alert_rate": 0.0179925,
            "mean_alerts": 35.985,
            "mean_false_alarm_rate": 0.0068657894736842105,
            "mean_false_discoveries": 13.045,
            "mean_false_discovery_proportion": 0.3616613997087362,
            "mean_power": 0.22939999999999997,
            "mean_true_discoveries": 22.94,
            "probability_any_alert": 1.0,
            "std_alert_rate": 0.002466599748967805,
            "std_alerts": 4.933199497935611,
            "std_false_alarm_rate": 0.0017605180235812858,
            "std_false_discoveries": 3.344984244804443,
            "std_false_discovery_proportion": 0.07537137133915481,
            "std_power": 0.039920020543594475,
            "std_true_discoveries": 3.9920020543594474
          },
          "0.1": {
            "empirical_fdr": 0.2152865252040613,
            "empirical_fdr_ci95_high": 0.2223762167423944,
            "empirical_fdr_ci95_low": 0.2081968336657282,
            "empirical_fdr_se": 0.0036171895603740374,
            "fdp_p90": 0.2759681697612732,
            "mean_alert_rate": 0.029177500000000002,
            "mean_alerts": 58.355,
            "mean_false_alarm_rate": 0.006991666666666667,
            "mean_false_discoveries": 12.585,
            "mean_false_discovery_proportion": 0.2152865252040613,
            "mean_power": 0.22885000000000003,
            "mean_true_discoveries": 45.77,
            "probability_any_alert": 1.0,
            "std_alert_rate": 0.0035201849754390086,
            "std_alerts": 7.040369950878016,
            "std_false_alarm_rate": 0.00189385616452489,
            "std_false_discoveries": 3.4089410961448023,
            "std_false_discovery_proportion": 0.05115478533955337,
            "std_power": 0.03067379842060221,
            "std_true_discoveries": 6.134759684120442
          },
          "0.25": {
            "empirical_fdr": 0.08553380106088193,
            "empirical_fdr_ci95_high": 0.089026722855878,
            "empirical_fdr_ci95_low": 0.08204087926588587,
            "empirical_fdr_se": 0.001782102956630645,
            "fdp_p90": 0.11811440677966101,
            "mean_alert_rate": 0.0620125,
            "mean_alerts": 124.025,
            "mean_false_alarm_rate": 0.007096666666666667,
            "mean_false_discoveries": 10.645,
            "mean_false_discovery_proportion": 0.08553380106088193,
            "mean_power": 0.22676000000000002,
            "mean_true_discoveries": 113.38,
            "probability_any_alert": 1.0,
            "std_alert_rate": 0.004677390690154257,
            "std_alerts": 9.354781380308513,
            "std_false_alarm_rate": 0.002218542738292498,
            "std_false_discoveries": 3.327814107438747,
            "std_false_discovery_proportion": 0.0252027417081225,
            "std_power": 0.017307807515830106,
            "std_true_discoveries": 8.653903757915053
          },
          "0.5": {
            "empirical_fdr": 0.029093606315432244,
            "empirical_fdr_ci95_high": 0.030416915193566395,
            "empirical_fdr_ci95_low": 0.027770297437298093,
            "empirical_fdr_se": 0.0006751575908847712,
            "fdp_p90": 0.041902186784558294,
            "mean_alert_rate": 0.11686250000000001,
            "mean_alerts": 233.725,
            "mean_false_alarm_rate": 0.006795000000000001,
            "mean_false_discoveries": 6.795,
            "mean_false_discovery_proportion": 0.029093606315432244,
            "mean_power": 0.22693000000000002,
            "mean_true_discoveries": 226.93,
            "probability_any_alert": 1.0,
            "std_alert_rate": 0.00649621797586486,
            "std_alerts": 12.992435951729721,
            "std_false_alarm_rate": 0.0022445858925747813,
            "std_false_discoveries": 2.2445858925747815,
            "std_false_discovery_proportion": 0.00954817021768389,
            "std_power": 0.012887417415378109,
            "std_true_discoveries": 12.887417415378108
          }
        },
        "threshold": 13.707759475707778
      },
      "mondrian_group_diagnostics": {
        "fallback_test_count": 13,
        "fallback_test_fraction": 0.00065,
        "group_count": 11,
        "groups": [
          {
            "calibration_count": 1744,
            "group": "0",
            "test_count": 5412,
            "uses_group_calibration": true
          },
          {
            "calibration_count": 207,
            "group": "1",
            "test_count": 335,
            "uses_group_calibration": true
          },
          {
            "calibration_count": 1899,
            "group": "2",
            "test_count": 6168,
            "uses_group_calibration": true
          },
          {
            "calibration_count": 797,
            "group": "3",
            "test_count": 1879,
            "uses_group_calibration": true
          },
          {
            "calibration_count": 415,
            "group": "4",
            "test_count": 878,
            "uses_group_calibration": true
          },
          {
            "calibration_count": 389,
            "group": "5",
            "test_count": 929,
            "uses_group_calibration": true
          },
          {
            "calibration_count": 461,
            "group": "6",
            "test_count": 1101,
            "uses_group_calibration": true
          },
          {
            "calibration_count": 1867,
            "group": "7",
            "test_count": 2229,
            "uses_group_calibration": true
          },
          {
            "calibration_count": 446,
            "group": "8",
            "test_count": 741,
            "uses_group_calibration": true
          },
          {
            "calibration_count": 155,
            "group": "9",
            "test_count": 315,
            "uses_group_calibration": true
          },
          {
            "calibration_count": 8,
            "group": "10",
            "test_count": 13,
            "uses_group_calibration": false
          }
        ],
        "minimum_group_size": 30
      },
      "null_pvalue_diagnostics": {
        "marginal": {
          "known_p_le_0.001": 0.0003231539828728389,
          "known_p_le_0.01": 0.006463079657456778,
          "known_p_le_0.05": 0.04459524963645177,
          "known_p_le_0.1": 0.09686540636613346,
          "known_test_size": 12378.0,
          "median_known_p": 0.5134104184050542,
          "superuniform_audit_alpha": 0.05,
          "superuniform_audit_rejected": true,
          "superuniform_audit_status": "rejected",
          "superuniform_dkw_bound": 0.01100047053436623,
          "superuniform_violation": 0.023746395888359584
        },
        "mondrian": {
          "known_p_le_0.001": 0.0004847309743092584,
          "known_p_le_0.01": 0.007270964614638876,
          "known_p_le_0.05": 0.05025044433672645,
          "known_p_le_0.1": 0.10583292939085474,
          "known_test_size": 12378.0,
          "median_known_p": 0.49119731146046935,
          "superuniform_audit_alpha": 0.05,
          "superuniform_audit_rejected": true,
          "superuniform_audit_status": "rejected",
          "superuniform_dkw_bound": 0.01100047053436623,
          "superuniform_violation": 0.015169294282215806
        }
      }
    }
  },
  "methods_requested": [
    "hedl"
  ],
  "minimum_group_size": 30,
  "prevalences": [
    0.5,
    0.25,
    0.1,
    0.05,
    0.01,
    0.001
  ],
  "procedures": [
    "bh",
    "by"
  ],
  "protocol": "nested_split_conformal_fdr",
  "q_levels": [
    0.05,
    0.1,
    0.2
  ],
  "repeats": 200,
  "scenario": "Z1",
  "seed": 13,
  "test_known": 12378,
  "test_unknown": 7622,
  "tuning_calibration_size": 8384,
  "unique_calibration_source_ids": 15740,
  "validity_audit_alpha": 0.05
}
