{
  "dataset": "cicids2017",
  "elapsed_seconds": 440.5708525000009,
  "methods": {
    "hedl": {
      "aupr_out": 0.9945622821723864,
      "closed_reference_macro_f1": 0.8683569746523907,
      "delta_f1": 0.02725720462086212,
      "far": 0.008578143360752057,
      "fpr95": 0.011927144535840189,
      "frr": 0.0712,
      "known_accuracy": 0.9916568742655699,
      "known_macro_f1": 0.8956141792732528,
      "known_weighted_f1": 0.9899229502313486,
      "open_world_macro_f1": 0.8783936561209278,
      "oscr": 0.9857107920094007,
      "scorer_density_reference_size": 65536.0,
      "scorer_fusion_weight_knn": 1.000376349818913,
      "scorer_fusion_weight_md": 1.0089519103630376,
      "scorer_fusion_weight_rmd": 0.9906717398180493,
      "scorer_neighbors": 1.0,
      "scorer_proxy_auroc_knn": 0.8983273386955261,
      "scorer_proxy_auroc_md": 0.9017419338226318,
      "scorer_proxy_auroc_rmd": 0.8944631814956665,
      "scorer_proxy_density_auroc": 0.8983273386955261,
      "scorer_proxy_evidential_auroc": 0.9017419338226318,
      "scorer_score_mode": "conformal_fisher_md_rmd_knn",
      "tpr_at_0_1_fpr": 0.43852,
      "tpr_at_1_fpr": 0.936,
      "tpr_at_5_fpr": 0.97356,
      "unknown_auroc": 0.9935858061104583,
      "unknown_f1": 0.9601786378861183,
      "unknown_precision": 0.9937516048960028,
      "unknown_recall": 0.9288
    }
  },
  "profile": "balanced",
  "protocol": "loao",
  "rq": "rq1",
  "scenario": "Z1",
  "scorer_components": [
    "md",
    "rmd",
    "knn"
  ],
  "seed": 13
}
{
  "dataset": "cicids2017",
  "elapsed_seconds": 452.6732327999998,
  "methods": {
    "hedl": {
      "aupr_out": 0.9894710537543006,
      "closed_reference_macro_f1": 0.8683569746523907,
      "delta_f1": 0.02725720462086212,
      "far": 0.008695652173913044,
      "fpr95": 0.03707403055229142,
      "frr": 0.38192,
      "known_accuracy": 0.9916568742655699,
      "known_macro_f1": 0.8956141792732528,
      "known_weighted_f1": 0.9899229502313486,
      "open_world_macro_f1": 0.79966292958623,
      "oscr": 0.9818982996474735,
      "scorer_density_reference_size": 0.0,
      "scorer_fusion_weight_md": 1.009141805530922,
      "scorer_fusion_weight_rmd": 0.9908581944690779,
      "scorer_neighbors": 1.0,
      "scorer_proxy_auroc_md": 0.9017419338226318,
      "scorer_proxy_auroc_rmd": 0.8944631814956665,
      "scorer_proxy_density_auroc": 0.5,
      "scorer_proxy_evidential_auroc": 0.9017419338226318,
      "scorer_score_mode": "conformal_fisher_md_rmd",
      "tpr_at_0_1_fpr": 0.12576,
      "tpr_at_1_fpr": 0.65664,
      "tpr_at_5_fpr": 0.96516,
      "unknown_auroc": 0.9893320070505288,
      "unknown_f1": 0.7611822660098522,
      "unknown_precision": 0.9905128205128205,
      "unknown_recall": 0.61808
    }
  },
  "profile": "balanced",
  "protocol": "loao",
  "rq": "rq1",
  "scenario": "Z1",
  "scorer_components": [
    "md",
    "rmd"
  ],
  "seed": 13
}
{
  "dataset": "cicids2017",
  "elapsed_seconds": 460.5400729999965,
  "methods": {
    "hedl": {
      "aupr_out": 0.996436599442413,
      "closed_reference_macro_f1": 0.8657464347861269,
      "delta_f1": 0.03015066201089689,
      "far": 0.00945945945945946,
      "fpr95": 0.008108108108108109,
      "frr": 0.04832,
      "known_accuracy": 0.9916568742655699,
      "known_macro_f1": 0.8958970967970238,
      "known_weighted_f1": 0.9899038965061617,
      "open_world_macro_f1": 0.8865857004500697,
      "oscr": 0.9879292749706228,
      "scorer_density_reference_size": 65536.0,
      "scorer_fusion_weight_knn": 0.9999315409360493,
      "scorer_fusion_weight_md": 1.010417174200082,
      "scorer_fusion_weight_rmd": 0.9896512848638687,
      "scorer_neighbors": 1.0,
      "scorer_proxy_auroc_knn": 0.8964138865470885,
      "scorer_proxy_auroc_md": 0.9005708217620849,
      "scorer_proxy_auroc_rmd": 0.8923383712768556,
      "scorer_proxy_density_auroc": 0.8964138865470885,
      "scorer_proxy_evidential_auroc": 0.9005708217620849,
      "scorer_score_mode": "conformal_fisher_md_rmd_knn",
      "tpr_at_0_1_fpr": 0.6376,
      "tpr_at_1_fpr": 0.95236,
      "tpr_at_5_fpr": 0.9756,
      "unknown_auroc": 0.9959184054054054,
      "unknown_f1": 0.9720344003431863,
      "unknown_precision": 0.993278503736484,
      "unknown_recall": 0.95168
    }
  },
  "profile": "balanced",
  "protocol": "loao",
  "rq": "rq1",
  "scenario": "Z1",
  "scorer_components": [
    "md",
    "rmd",
    "knn"
  ],
  "seed": 37
}
{
  "dataset": "cicids2017",
  "elapsed_seconds": 452.34638899999845,
  "methods": {
    "hedl": {
      "aupr_out": 0.9947261019533028,
      "closed_reference_macro_f1": 0.8657464347861269,
      "delta_f1": 0.03015066201089689,
      "far": 0.00945945945945946,
      "fpr95": 0.013043478260869565,
      "frr": 0.10384,
      "known_accuracy": 0.9916568742655699,
      "known_macro_f1": 0.8958970967970238,
      "known_weighted_f1": 0.9899038965061617,
      "open_world_macro_f1": 0.864917486436169,
      "oscr": 0.9872790434782609,
      "scorer_density_reference_size": 0.0,
      "scorer_fusion_weight_md": 1.0103825892769351,
      "scorer_fusion_weight_rmd": 0.9896174107230649,
      "scorer_neighbors": 1.0,
      "scorer_proxy_auroc_md": 0.9005708217620849,
      "scorer_proxy_auroc_rmd": 0.8923383712768556,
      "scorer_proxy_density_auroc": 0.5,
      "scorer_proxy_evidential_auroc": 0.9005708217620849,
      "scorer_score_mode": "conformal_fisher_md_rmd",
      "tpr_at_0_1_fpr": 0.17032,
      "tpr_at_1_fpr": 0.89876,
      "tpr_at_5_fpr": 0.9764,
      "unknown_auroc": 0.9950037990599295,
      "unknown_f1": 0.9420372122358878,
      "unknown_precision": 0.9928650565034345,
      "unknown_recall": 0.89616
    }
  },
  "profile": "balanced",
  "protocol": "loao",
  "rq": "rq1",
  "scenario": "Z1",
  "scorer_components": [
    "md",
    "rmd"
  ],
  "seed": 37
}
{
  "dataset": "cicids2017",
  "elapsed_seconds": 497.7595272000035,
  "methods": {
    "hedl": {
      "aupr_out": 0.9963727844966561,
      "closed_reference_macro_f1": 0.8703444015599614,
      "delta_f1": 0.026173473260122426,
      "far": 0.009753231492361927,
      "fpr95": 0.009753231492361927,
      "frr": 0.05,
      "known_accuracy": 0.9919506462984724,
      "known_macro_f1": 0.8965178748200838,
      "known_weighted_f1": 0.9902277097395622,
      "open_world_macro_f1": 0.8858710628056171,
      "oscr": 0.9882209118683902,
      "scorer_density_reference_size": 65536.0,
      "scorer_fusion_weight_knn": 1.00386658549697,
      "scorer_fusion_weight_md": 1.001388626659499,
      "scorer_fusion_weight_rmd": 0.9947447878435312,
      "scorer_neighbors": 1.0,
      "scorer_proxy_auroc_knn": 0.8983616471290587,
      "scorer_proxy_auroc_md": 0.8973783254623412,
      "scorer_proxy_auroc_rmd": 0.8947418689727783,
      "scorer_proxy_density_auroc": 0.8983616471290587,
      "scorer_proxy_evidential_auroc": 0.8973783254623412,
      "scorer_score_mode": "conformal_fisher_md_rmd_knn",
      "tpr_at_0_1_fpr": 0.571,
      "tpr_at_1_fpr": 0.95148,
      "tpr_at_5_fpr": 0.97528,
      "unknown_auroc": 0.9959490834312573,
      "unknown_f1": 0.9710524163872761,
      "unknown_precision": 0.9930590399732396,
      "unknown_recall": 0.95
    }
  },
  "profile": "balanced",
  "protocol": "loao",
  "rq": "rq1",
  "scenario": "Z1",
  "scorer_components": [
    "md",
    "rmd",
    "knn"
  ],
  "seed": 73
}
{
  "dataset": "cicids2017",
  "elapsed_seconds": 164.6947113999995,
  "methods": {
    "hedl": {
      "aupr_out": 0.9941807156504039,
      "closed_reference_macro_f1": 0.8703444015599614,
      "delta_f1": 0.026173473260122426,
      "far": 0.009283196239717979,
      "fpr95": 0.0154524089306698,
      "frr": 0.15896,
      "known_accuracy": 0.9919506462984724,
      "known_macro_f1": 0.8965178748200838,
      "known_weighted_f1": 0.9902277097395622,
      "open_world_macro_f1": 0.857812242561374,
      "oscr": 0.9872752784958873,
      "scorer_density_reference_size": 0.0,
      "scorer_fusion_weight_md": 1.003328354090812,
      "scorer_fusion_weight_rmd": 0.996671645909188,
      "scorer_neighbors": 1.0,
      "scorer_proxy_auroc_md": 0.8973783254623412,
      "scorer_proxy_auroc_rmd": 0.8947418689727783,
      "scorer_proxy_density_auroc": 0.5,
      "scorer_proxy_evidential_auroc": 0.8973783254623412,
      "scorer_score_mode": "conformal_fisher_md_rmd",
      "tpr_at_0_1_fpr": 0.19152,
      "tpr_at_1_fpr": 0.87384,
      "tpr_at_5_fpr": 0.99824,
      "unknown_auroc": 0.9947844230317274,
      "unknown_f1": 0.9105317858998787,
      "unknown_precision": 0.9925415407854985,
      "unknown_recall": 0.84104
    }
  },
  "profile": "balanced",
  "protocol": "loao",
  "rq": "rq1",
  "scenario": "Z1",
  "scorer_components": [
    "md",
    "rmd"
  ],
  "seed": 73
}
