[shift_gate] cicids2017_panelA_s13 hedl: 180 rows
{
  "q": 0.1,
  "conditions": 180,
  "guarantee_broken_conditions": 40,
  "detection_rate_where_broken": 1.0,
  "fire_rate_where_intact": 0.4,
  "false_refusal_on_exchangeable": 0.0,
  "gate_passes": true,
  "by_magnitude": {
    "0.0": {
      "conditions": 30,
      "gate_fire_rate": 0.0,
      "guarantee_broken_rate": 0.0,
      "ungated_fdp": 0.08336519802844092,
      "ungated_false_alarms_per_1000": 0.5066666666666667,
      "gated_false_alarms_per_1000": 0.009166666666666668
    },
    "0.1": {
      "conditions": 30,
      "gate_fire_rate": 0.3,
      "guarantee_broken_rate": 0.0,
      "ungated_fdp": 0.08179428343816898,
      "ungated_false_alarms_per_1000": 0.5208333333333334,
      "gated_false_alarms_per_1000": 0.12083333333333333
    },
    "0.25": {
      "conditions": 30,
      "gate_fire_rate": 0.3333333333333333,
      "guarantee_broken_rate": 0.3333333333333333,
      "ungated_fdp": 0.08291962594170431,
      "ungated_false_alarms_per_1000": 0.5316666666666667,
      "gated_false_alarms_per_1000": 0.13333333333333333
    },
    "0.5": {
      "conditions": 30,
      "gate_fire_rate": 0.6666666666666666,
      "guarantee_broken_rate": 0.3333333333333333,
      "ungated_fdp": 0.08845314245331883,
      "ungated_false_alarms_per_1000": 0.5874999999999999,
      "gated_false_alarms_per_1000": 0.26
    },
    "0.75": {
      "conditions": 30,
      "gate_fire_rate": 0.6666666666666666,
      "guarantee_broken_rate": 0.3333333333333333,
      "ungated_fdp": 0.08629520391389099,
      "ungated_false_alarms_per_1000": 0.5791666666666665,
      "gated_false_alarms_per_1000": 0.2558333333333333
    },
    "1.0": {
      "conditions": 30,
      "gate_fire_rate": 0.8333333333333334,
      "guarantee_broken_rate": 0.3333333333333333,
      "ungated_fdp": 0.08556976657825092,
      "ungated_false_alarms_per_1000": 0.6241666666666666,
      "gated_false_alarms_per_1000": 0.29083333333333333
    }
  }
}
