[shift_gate] ciciomt2024_panelA_s101 closr: 180 rows
{
  "q": 0.1,
  "conditions": 180,
  "guarantee_broken_conditions": 120,
  "detection_rate_where_broken": 0.9666666666666667,
  "fire_rate_where_intact": 1.0,
  "false_refusal_on_exchangeable": NaN,
  "gate_passes": false,
  "by_magnitude": {
    "0.0": {
      "conditions": 30,
      "gate_fire_rate": 0.8666666666666667,
      "guarantee_broken_rate": 1.0,
      "ungated_fdp": 0.5666666666666667,
      "ungated_false_alarms_per_1000": 0.05083333333333335,
      "gated_false_alarms_per_1000": 1.5833333333333333
    },
    "0.1": {
      "conditions": 30,
      "gate_fire_rate": 1.0,
      "guarantee_broken_rate": 1.0,
      "ungated_fdp": 0.5333333333333333,
      "ungated_false_alarms_per_1000": 0.047499999999999994,
      "gated_false_alarms_per_1000": 2.5
    },
    "0.25": {
      "conditions": 30,
      "gate_fire_rate": 1.0,
      "guarantee_broken_rate": 1.0,
      "ungated_fdp": 0.26666666666666666,
      "ungated_false_alarms_per_1000": 0.024166666666666666,
      "gated_false_alarms_per_1000": 2.5
    },
    "0.5": {
      "conditions": 30,
      "gate_fire_rate": 1.0,
      "guarantee_broken_rate": 0.3333333333333333,
      "ungated_fdp": 0.1,
      "ungated_false_alarms_per_1000": 0.006666666666666667,
      "gated_false_alarms_per_1000": 2.5
    },
    "0.75": {
      "conditions": 30,
      "gate_fire_rate": 1.0,
      "guarantee_broken_rate": 0.3333333333333333,
      "ungated_fdp": 0.16666666666666666,
      "ungated_false_alarms_per_1000": 0.009166666666666665,
      "gated_false_alarms_per_1000": 2.5
    },
    "1.0": {
      "conditions": 30,
      "gate_fire_rate": 1.0,
      "guarantee_broken_rate": 0.3333333333333333,
      "ungated_fdp": 0.3333333333333333,
      "ungated_false_alarms_per_1000": 122.59500000000001,
      "gated_false_alarms_per_1000": 2.5
    }
  }
}
