[shift_gate] ciciomt2024_panelA_s13 closr: 180 rows
{
  "q": 0.1,
  "conditions": 180,
  "guarantee_broken_conditions": 110,
  "detection_rate_where_broken": 1.0,
  "fire_rate_where_intact": 1.0,
  "false_refusal_on_exchangeable": 1.0,
  "gate_passes": false,
  "by_magnitude": {
    "0.0": {
      "conditions": 30,
      "gate_fire_rate": 1.0,
      "guarantee_broken_rate": 0.6666666666666666,
      "ungated_fdp": 0.26666666666666666,
      "ungated_false_alarms_per_1000": 0.014166666666666666,
      "gated_false_alarms_per_1000": 2.5
    },
    "0.1": {
      "conditions": 30,
      "gate_fire_rate": 1.0,
      "guarantee_broken_rate": 0.3333333333333333,
      "ungated_fdp": 0.23333333333333334,
      "ungated_false_alarms_per_1000": 0.013333333333333332,
      "gated_false_alarms_per_1000": 2.5
    },
    "0.25": {
      "conditions": 30,
      "gate_fire_rate": 1.0,
      "guarantee_broken_rate": 0.6666666666666666,
      "ungated_fdp": 0.4,
      "ungated_false_alarms_per_1000": 0.03833333333333333,
      "gated_false_alarms_per_1000": 2.5
    },
    "0.5": {
      "conditions": 30,
      "gate_fire_rate": 1.0,
      "guarantee_broken_rate": 0.6666666666666666,
      "ungated_fdp": 0.43333333333333335,
      "ungated_false_alarms_per_1000": 0.05333333333333334,
      "gated_false_alarms_per_1000": 2.5
    },
    "0.75": {
      "conditions": 30,
      "gate_fire_rate": 1.0,
      "guarantee_broken_rate": 0.6666666666666666,
      "ungated_fdp": 0.5333333333333333,
      "ungated_false_alarms_per_1000": 0.7841666666666666,
      "gated_false_alarms_per_1000": 2.5
    },
    "1.0": {
      "conditions": 30,
      "gate_fire_rate": 1.0,
      "guarantee_broken_rate": 0.6666666666666666,
      "ungated_fdp": 0.6666638413478947,
      "ungated_false_alarms_per_1000": 195.58,
      "gated_false_alarms_per_1000": 2.5
    }
  }
}
