[shift_gate] cicids2017_panelA_s137 hedl: 180 rows
{
  "q": 0.1,
  "conditions": 180,
  "guarantee_broken_conditions": 0,
  "detection_rate_where_broken": NaN,
  "fire_rate_where_intact": 0.49333333333333335,
  "false_refusal_on_exchangeable": 0.03333333333333333,
  "gate_passes": false,
  "by_magnitude": {
    "0.0": {
      "conditions": 30,
      "gate_fire_rate": 0.03333333333333333,
      "guarantee_broken_rate": 0.0,
      "ungated_fdp": 0.0,
      "ungated_false_alarms_per_1000": 0.0,
      "gated_false_alarms_per_1000": 0.014166666666666666
    },
    "0.1": {
      "conditions": 30,
      "gate_fire_rate": 0.3333333333333333,
      "guarantee_broken_rate": 0.0,
      "ungated_fdp": 0.0,
      "ungated_false_alarms_per_1000": 0.0,
      "gated_false_alarms_per_1000": 0.13500000000000004
    },
    "0.25": {
      "conditions": 30,
      "gate_fire_rate": 0.3333333333333333,
      "guarantee_broken_rate": 0.0,
      "ungated_fdp": 0.0,
      "ungated_false_alarms_per_1000": 0.0,
      "gated_false_alarms_per_1000": 0.14916666666666664
    },
    "0.5": {
      "conditions": 30,
      "gate_fire_rate": 0.5,
      "guarantee_broken_rate": 0.0,
      "ungated_fdp": 0.0,
      "ungated_false_alarms_per_1000": 0.0,
      "gated_false_alarms_per_1000": 0.23666666666666666
    },
    "0.75": {
      "conditions": 30,
      "gate_fire_rate": 0.6333333333333333,
      "guarantee_broken_rate": 0.0,
      "ungated_fdp": 0.0,
      "ungated_false_alarms_per_1000": 0.0,
      "gated_false_alarms_per_1000": 0.24583333333333332
    },
    "1.0": {
      "conditions": 30,
      "gate_fire_rate": 0.6666666666666666,
      "guarantee_broken_rate": 0.0,
      "ungated_fdp": 0.0,
      "ungated_false_alarms_per_1000": 0.0,
      "gated_false_alarms_per_1000": 0.245
    }
  }
}
