[shift_gate] ciciomt2024_panelA_s137 closr: 180 rows
{
  "q": 0.1,
  "conditions": 180,
  "guarantee_broken_conditions": 130,
  "detection_rate_where_broken": 1.0,
  "fire_rate_where_intact": 1.0,
  "false_refusal_on_exchangeable": NaN,
  "gate_passes": false,
  "by_magnitude": {
    "0.0": {
      "conditions": 30,
      "gate_fire_rate": 1.0,
      "guarantee_broken_rate": 1.0,
      "ungated_fdp": 0.8666666666666667,
      "ungated_false_alarms_per_1000": 0.08499999999999999,
      "gated_false_alarms_per_1000": 2.4983333333333335
    },
    "0.1": {
      "conditions": 30,
      "gate_fire_rate": 1.0,
      "guarantee_broken_rate": 1.0,
      "ungated_fdp": 0.6666666666666666,
      "ungated_false_alarms_per_1000": 0.054166666666666675,
      "gated_false_alarms_per_1000": 2.4983333333333335
    },
    "0.25": {
      "conditions": 30,
      "gate_fire_rate": 1.0,
      "guarantee_broken_rate": 1.0,
      "ungated_fdp": 0.3333333333333333,
      "ungated_false_alarms_per_1000": 0.030833333333333334,
      "gated_false_alarms_per_1000": 2.5
    },
    "0.5": {
      "conditions": 30,
      "gate_fire_rate": 1.0,
      "guarantee_broken_rate": 0.6666666666666666,
      "ungated_fdp": 0.3,
      "ungated_false_alarms_per_1000": 0.0175,
      "gated_false_alarms_per_1000": 2.4983333333333335
    },
    "0.75": {
      "conditions": 30,
      "gate_fire_rate": 1.0,
      "guarantee_broken_rate": 0.3333333333333333,
      "ungated_fdp": 0.2,
      "ungated_false_alarms_per_1000": 0.07916666666666665,
      "gated_false_alarms_per_1000": 2.4983333333333335
    },
    "1.0": {
      "conditions": 30,
      "gate_fire_rate": 1.0,
      "guarantee_broken_rate": 0.3333333333333333,
      "ungated_fdp": 0.3333301499205398,
      "ungated_false_alarms_per_1000": 170.3125,
      "gated_false_alarms_per_1000": 2.5
    }
  }
}
