[shift_gate] cicids2017_panelA_s73 hedl: 180 rows
{
  "q": 0.1,
  "conditions": 180,
  "guarantee_broken_conditions": 140,
  "detection_rate_where_broken": 0.35714285714285715,
  "fire_rate_where_intact": 0.175,
  "false_refusal_on_exchangeable": NaN,
  "gate_passes": false,
  "by_magnitude": {
    "0.0": {
      "conditions": 30,
      "gate_fire_rate": 0.0,
      "guarantee_broken_rate": 1.0,
      "ungated_fdp": 0.11693670803563339,
      "ungated_false_alarms_per_1000": 0.09333333333333332,
      "gated_false_alarms_per_1000": 0.0
    },
    "0.1": {
      "conditions": 30,
      "gate_fire_rate": 0.3333333333333333,
      "guarantee_broken_rate": 1.0,
      "ungated_fdp": 0.11793561619448528,
      "ungated_false_alarms_per_1000": 0.08666666666666666,
      "gated_false_alarms_per_1000": 0.1375
    },
    "0.25": {
      "conditions": 30,
      "gate_fire_rate": 0.3333333333333333,
      "guarantee_broken_rate": 0.6666666666666666,
      "ungated_fdp": 0.11680118969087404,
      "ungated_false_alarms_per_1000": 0.07833333333333334,
      "gated_false_alarms_per_1000": 0.14916666666666664
    },
    "0.5": {
      "conditions": 30,
      "gate_fire_rate": 0.3333333333333333,
      "guarantee_broken_rate": 0.6666666666666666,
      "ungated_fdp": 0.12540922660076875,
      "ungated_false_alarms_per_1000": 0.09166666666666665,
      "gated_false_alarms_per_1000": 0.21083333333333334
    },
    "0.75": {
      "conditions": 30,
      "gate_fire_rate": 0.4,
      "guarantee_broken_rate": 0.6666666666666666,
      "ungated_fdp": 0.1251451819736609,
      "ungated_false_alarms_per_1000": 0.11249999999999999,
      "gated_false_alarms_per_1000": 0.23583333333333334
    },
    "1.0": {
      "conditions": 30,
      "gate_fire_rate": 0.5,
      "guarantee_broken_rate": 0.6666666666666666,
      "ungated_fdp": 0.12067480249049407,
      "ungated_false_alarms_per_1000": 0.1225,
      "gated_false_alarms_per_1000": 0.24250000000000002
    }
  }
}
