[shift_gate] cicids2017_panelA_s37 hedl: 180 rows
{
  "q": 0.1,
  "conditions": 180,
  "guarantee_broken_conditions": 10,
  "detection_rate_where_broken": 1.0,
  "fire_rate_where_intact": 0.65,
  "false_refusal_on_exchangeable": 0.03333333333333333,
  "gate_passes": true,
  "by_magnitude": {
    "0.0": {
      "conditions": 30,
      "gate_fire_rate": 0.03333333333333333,
      "guarantee_broken_rate": 0.0,
      "ungated_fdp": 0.04687423687423688,
      "ungated_false_alarms_per_1000": 0.013333333333333336,
      "gated_false_alarms_per_1000": 0.015000000000000001
    },
    "0.1": {
      "conditions": 30,
      "gate_fire_rate": 0.3,
      "guarantee_broken_rate": 0.0,
      "ungated_fdp": 0.06515512265512266,
      "ungated_false_alarms_per_1000": 0.020833333333333332,
      "gated_false_alarms_per_1000": 0.11916666666666667
    },
    "0.25": {
      "conditions": 30,
      "gate_fire_rate": 0.5333333333333333,
      "guarantee_broken_rate": 0.0,
      "ungated_fdp": 0.03228982128982129,
      "ungated_false_alarms_per_1000": 0.010000000000000002,
      "gated_false_alarms_per_1000": 0.185
    },
    "0.5": {
      "conditions": 30,
      "gate_fire_rate": 0.6666666666666666,
      "guarantee_broken_rate": 0.0,
      "ungated_fdp": 0.0345959595959596,
      "ungated_false_alarms_per_1000": 0.014166666666666668,
      "gated_false_alarms_per_1000": 0.2608333333333333
    },
    "0.75": {
      "conditions": 30,
      "gate_fire_rate": 0.8666666666666667,
      "guarantee_broken_rate": 0.0,
      "ungated_fdp": 0.0417027417027417,
      "ungated_false_alarms_per_1000": 0.0175,
      "gated_false_alarms_per_1000": 0.26166666666666666
    },
    "1.0": {
      "conditions": 30,
      "gate_fire_rate": 1.0,
      "guarantee_broken_rate": 0.3333333333333333,
      "ungated_fdp": 0.040656565656565655,
      "ungated_false_alarms_per_1000": 0.02416666666666667,
      "gated_false_alarms_per_1000": 0.21833333333333332
    }
  }
}
