[shift_gate] cse2018_panelA_s137 closr: 180 rows
{
  "q": 0.1,
  "conditions": 180,
  "guarantee_broken_conditions": 50,
  "detection_rate_where_broken": 1.0,
  "fire_rate_where_intact": 0.96,
  "false_refusal_on_exchangeable": 0.0,
  "gate_passes": true,
  "by_magnitude": {
    "0.0": {
      "conditions": 30,
      "gate_fire_rate": 0.0,
      "guarantee_broken_rate": 0.0,
      "ungated_fdp": 0.012169312169312168,
      "ungated_false_alarms_per_1000": 0.0025000000000000005,
      "gated_false_alarms_per_1000": 0.0
    },
    "0.1": {
      "conditions": 30,
      "gate_fire_rate": 0.8666666666666667,
      "guarantee_broken_rate": 0.0,
      "ungated_fdp": 0.038927738927738924,
      "ungated_false_alarms_per_1000": 0.007500000000000001,
      "gated_false_alarms_per_1000": 0.5491666666666667
    },
    "0.25": {
      "conditions": 30,
      "gate_fire_rate": 1.0,
      "guarantee_broken_rate": 0.0,
      "ungated_fdp": 0.038624338624338624,
      "ungated_false_alarms_per_1000": 0.007500000000000001,
      "gated_false_alarms_per_1000": 0.7358333333333333
    },
    "0.5": {
      "conditions": 30,
      "gate_fire_rate": 1.0,
      "guarantee_broken_rate": 0.3333333333333333,
      "ungated_fdp": 0.09412213517476675,
      "ungated_false_alarms_per_1000": 0.03083333333333333,
      "gated_false_alarms_per_1000": 0.7358333333333333
    },
    "0.75": {
      "conditions": 30,
      "gate_fire_rate": 1.0,
      "guarantee_broken_rate": 0.3333333333333333,
      "ungated_fdp": 0.11858465608465608,
      "ungated_false_alarms_per_1000": 0.037500000000000006,
      "gated_false_alarms_per_1000": 0.8400000000000001
    },
    "1.0": {
      "conditions": 30,
      "gate_fire_rate": 1.0,
      "guarantee_broken_rate": 1.0,
      "ungated_fdp": 0.336342745312997,
      "ungated_false_alarms_per_1000": 0.17,
      "gated_false_alarms_per_1000": 0.8450000000000001
    }
  }
}
