[shift_gate] cse2018_panelA_s101 closr: 180 rows
{
  "q": 0.1,
  "conditions": 180,
  "guarantee_broken_conditions": 10,
  "detection_rate_where_broken": 1.0,
  "fire_rate_where_intact": 1.0,
  "false_refusal_on_exchangeable": 0.06666666666666667,
  "gate_passes": true,
  "by_magnitude": {
    "0.0": {
      "conditions": 30,
      "gate_fire_rate": 0.06666666666666667,
      "guarantee_broken_rate": 0.0,
      "ungated_fdp": 0.0,
      "ungated_false_alarms_per_1000": 0.0,
      "gated_false_alarms_per_1000": 0.1575
    },
    "0.1": {
      "conditions": 30,
      "gate_fire_rate": 1.0,
      "guarantee_broken_rate": 0.0,
      "ungated_fdp": 0.0,
      "ungated_false_alarms_per_1000": 0.0,
      "gated_false_alarms_per_1000": 2.426666666666667
    },
    "0.25": {
      "conditions": 30,
      "gate_fire_rate": 1.0,
      "guarantee_broken_rate": 0.0,
      "ungated_fdp": 0.0,
      "ungated_false_alarms_per_1000": 0.0,
      "gated_false_alarms_per_1000": 2.4024999999999994
    },
    "0.5": {
      "conditions": 30,
      "gate_fire_rate": 1.0,
      "guarantee_broken_rate": 0.0,
      "ungated_fdp": 0.0,
      "ungated_false_alarms_per_1000": 0.0,
      "gated_false_alarms_per_1000": 2.261666666666667
    },
    "0.75": {
      "conditions": 30,
      "gate_fire_rate": 1.0,
      "guarantee_broken_rate": 0.0,
      "ungated_fdp": 0.0,
      "ungated_false_alarms_per_1000": 0.0,
      "gated_false_alarms_per_1000": 2.020833333333333
    },
    "1.0": {
      "conditions": 30,
      "gate_fire_rate": 1.0,
      "guarantee_broken_rate": 0.3333333333333333,
      "ungated_fdp": 0.1636991142106247,
      "ungated_false_alarms_per_1000": 3.6958333333333333,
      "gated_false_alarms_per_1000": 1.6550000000000002
    }
  }
}
