[shift_gate] cse2018_panelA_s73 hedl: 180 rows
{
  "q": 0.1,
  "conditions": 180,
  "guarantee_broken_conditions": 60,
  "detection_rate_where_broken": 1.0,
  "fire_rate_where_intact": 0.9444444444444444,
  "false_refusal_on_exchangeable": 0.06666666666666667,
  "gate_passes": true,
  "by_magnitude": {
    "0.0": {
      "conditions": 30,
      "gate_fire_rate": 0.06666666666666667,
      "guarantee_broken_rate": 0.0,
      "ungated_fdp": 0.05813003380707287,
      "ungated_false_alarms_per_1000": 0.6091666666666666,
      "gated_false_alarms_per_1000": 0.37833333333333335
    },
    "0.1": {
      "conditions": 30,
      "gate_fire_rate": 0.8333333333333334,
      "guarantee_broken_rate": 0.0,
      "ungated_fdp": 0.06276237979002594,
      "ungated_false_alarms_per_1000": 0.6683333333333333,
      "gated_false_alarms_per_1000": 0.26083333333333336
    },
    "0.25": {
      "conditions": 30,
      "gate_fire_rate": 1.0,
      "guarantee_broken_rate": 0.0,
      "ungated_fdp": 0.07488494313616585,
      "ungated_false_alarms_per_1000": 0.8166666666666667,
      "gated_false_alarms_per_1000": 0.2925000000000001
    },
    "0.5": {
      "conditions": 30,
      "gate_fire_rate": 1.0,
      "guarantee_broken_rate": 0.6666666666666666,
      "ungated_fdp": 0.09324850441258654,
      "ungated_false_alarms_per_1000": 1.0633333333333335,
      "gated_false_alarms_per_1000": 0.3116666666666667
    },
    "0.75": {
      "conditions": 30,
      "gate_fire_rate": 1.0,
      "guarantee_broken_rate": 0.6666666666666666,
      "ungated_fdp": 0.11242577604241252,
      "ungated_false_alarms_per_1000": 1.2950000000000002,
      "gated_false_alarms_per_1000": 0.37499999999999994
    },
    "1.0": {
      "conditions": 30,
      "gate_fire_rate": 1.0,
      "guarantee_broken_rate": 0.6666666666666666,
      "ungated_fdp": 0.14089487877069284,
      "ungated_false_alarms_per_1000": 1.8058333333333334,
      "gated_false_alarms_per_1000": 0.4475
    }
  }
}
