[shift_gate] toniot_panelA_s13 closr: 180 rows
{
  "q": 0.1,
  "conditions": 180,
  "guarantee_broken_conditions": 0,
  "detection_rate_where_broken": NaN,
  "fire_rate_where_intact": 0.9333333333333333,
  "false_refusal_on_exchangeable": 0.0,
  "gate_passes": false,
  "by_magnitude": {
    "0.0": {
      "conditions": 30,
      "gate_fire_rate": 0.0,
      "guarantee_broken_rate": 0.0,
      "ungated_fdp": 0.0,
      "ungated_false_alarms_per_1000": 0.0,
      "gated_false_alarms_per_1000": 0.1575
    },
    "0.1": {
      "conditions": 30,
      "gate_fire_rate": 0.6666666666666666,
      "guarantee_broken_rate": 0.0,
      "ungated_fdp": 0.0,
      "ungated_false_alarms_per_1000": 0.0,
      "gated_false_alarms_per_1000": 1.5324999999999998
    },
    "0.25": {
      "conditions": 30,
      "gate_fire_rate": 1.0,
      "guarantee_broken_rate": 0.0,
      "ungated_fdp": 0.0,
      "ungated_false_alarms_per_1000": 0.0,
      "gated_false_alarms_per_1000": 2.4216666666666664
    },
    "0.5": {
      "conditions": 30,
      "gate_fire_rate": 1.0,
      "guarantee_broken_rate": 0.0,
      "ungated_fdp": 0.0,
      "ungated_false_alarms_per_1000": 0.0,
      "gated_false_alarms_per_1000": 2.4450000000000003
    },
    "0.75": {
      "conditions": 30,
      "gate_fire_rate": 1.0,
      "guarantee_broken_rate": 0.0,
      "ungated_fdp": 0.03333333333333333,
      "ungated_false_alarms_per_1000": 0.006666666666666667,
      "gated_false_alarms_per_1000": 2.444166666666667
    },
    "1.0": {
      "conditions": 30,
      "gate_fire_rate": 1.0,
      "guarantee_broken_rate": 0.0,
      "ungated_fdp": 0.029166666666666667,
      "ungated_false_alarms_per_1000": 0.005833333333333333,
      "gated_false_alarms_per_1000": 2.457500000000001
    }
  }
}
