[shift_gate] toniot_panelA_s37 closr: 180 rows
{
  "q": 0.1,
  "conditions": 180,
  "guarantee_broken_conditions": 30,
  "detection_rate_where_broken": 1.0,
  "fire_rate_where_intact": 0.5,
  "false_refusal_on_exchangeable": 0.03333333333333333,
  "gate_passes": true,
  "by_magnitude": {
    "0.0": {
      "conditions": 30,
      "gate_fire_rate": 0.03333333333333333,
      "guarantee_broken_rate": 0.0,
      "ungated_fdp": 0.0625,
      "ungated_false_alarms_per_1000": 0.008333333333333333,
      "gated_false_alarms_per_1000": 0.13666666666666666
    },
    "0.1": {
      "conditions": 30,
      "gate_fire_rate": 0.3,
      "guarantee_broken_rate": 0.0,
      "ungated_fdp": 0.0,
      "ungated_false_alarms_per_1000": 0.0,
      "gated_false_alarms_per_1000": 0.6908333333333334
    },
    "0.25": {
      "conditions": 30,
      "gate_fire_rate": 0.6666666666666666,
      "guarantee_broken_rate": 0.0,
      "ungated_fdp": 0.0,
      "ungated_false_alarms_per_1000": 0.0,
      "gated_false_alarms_per_1000": 1.3933333333333333
    },
    "0.5": {
      "conditions": 30,
      "gate_fire_rate": 0.6666666666666666,
      "guarantee_broken_rate": 0.3333333333333333,
      "ungated_fdp": 0.06666666666666667,
      "ungated_false_alarms_per_1000": 0.0125,
      "gated_false_alarms_per_1000": 1.4091666666666667
    },
    "0.75": {
      "conditions": 30,
      "gate_fire_rate": 0.6666666666666666,
      "guarantee_broken_rate": 0.3333333333333333,
      "ungated_fdp": 0.19182539682539682,
      "ungated_false_alarms_per_1000": 0.058333333333333334,
      "gated_false_alarms_per_1000": 1.4325
    },
    "1.0": {
      "conditions": 30,
      "gate_fire_rate": 0.7,
      "guarantee_broken_rate": 0.3333333333333333,
      "ungated_fdp": 0.21478881987577642,
      "ungated_false_alarms_per_1000": 0.08833333333333335,
      "gated_false_alarms_per_1000": 1.5116666666666667
    }
  }
}
