[shift_gate] toniot_panelA_s13 hedl: 180 rows
{
  "q": 0.1,
  "conditions": 180,
  "guarantee_broken_conditions": 0,
  "detection_rate_where_broken": NaN,
  "fire_rate_where_intact": 0.7533333333333333,
  "false_refusal_on_exchangeable": 0.03333333333333333,
  "gate_passes": false,
  "by_magnitude": {
    "0.0": {
      "conditions": 30,
      "gate_fire_rate": 0.03333333333333333,
      "guarantee_broken_rate": 0.0,
      "ungated_fdp": 0.0,
      "ungated_false_alarms_per_1000": 0.0,
      "gated_false_alarms_per_1000": 0.06916666666666667
    },
    "0.1": {
      "conditions": 30,
      "gate_fire_rate": 0.3,
      "guarantee_broken_rate": 0.0,
      "ungated_fdp": 0.0,
      "ungated_false_alarms_per_1000": 0.0,
      "gated_false_alarms_per_1000": 0.4725
    },
    "0.25": {
      "conditions": 30,
      "gate_fire_rate": 0.6333333333333333,
      "guarantee_broken_rate": 0.0,
      "ungated_fdp": 0.0,
      "ungated_false_alarms_per_1000": 0.0,
      "gated_false_alarms_per_1000": 1.1724999999999997
    },
    "0.5": {
      "conditions": 30,
      "gate_fire_rate": 0.8333333333333334,
      "guarantee_broken_rate": 0.0,
      "ungated_fdp": 0.0,
      "ungated_false_alarms_per_1000": 0.0,
      "gated_false_alarms_per_1000": 1.769166666666667
    },
    "0.75": {
      "conditions": 30,
      "gate_fire_rate": 1.0,
      "guarantee_broken_rate": 0.0,
      "ungated_fdp": 0.0,
      "ungated_false_alarms_per_1000": 0.0,
      "gated_false_alarms_per_1000": 2.14
    },
    "1.0": {
      "conditions": 30,
      "gate_fire_rate": 1.0,
      "guarantee_broken_rate": 0.0,
      "ungated_fdp": 0.0,
      "ungated_false_alarms_per_1000": 0.0,
      "gated_false_alarms_per_1000": 2.228333333333334
    }
  }
}
