[shift_gate] toniot_panelA_s101 closr: 180 rows
{
  "q": 0.1,
  "conditions": 180,
  "guarantee_broken_conditions": 20,
  "detection_rate_where_broken": 0.5,
  "fire_rate_where_intact": 0.9357142857142857,
  "false_refusal_on_exchangeable": 0.1,
  "gate_passes": false,
  "by_magnitude": {
    "0.0": {
      "conditions": 30,
      "gate_fire_rate": 0.06666666666666667,
      "guarantee_broken_rate": 0.3333333333333333,
      "ungated_fdp": 0.08333333333333333,
      "ungated_false_alarms_per_1000": 0.008333333333333333,
      "gated_false_alarms_per_1000": 0.14750000000000002
    },
    "0.1": {
      "conditions": 30,
      "gate_fire_rate": 0.7,
      "guarantee_broken_rate": 0.0,
      "ungated_fdp": 0.058333333333333334,
      "ungated_false_alarms_per_1000": 0.005833333333333333,
      "gated_false_alarms_per_1000": 1.3658333333333332
    },
    "0.25": {
      "conditions": 30,
      "gate_fire_rate": 1.0,
      "guarantee_broken_rate": 0.0,
      "ungated_fdp": 0.016666666666666666,
      "ungated_false_alarms_per_1000": 0.0016666666666666668,
      "gated_false_alarms_per_1000": 2.2758333333333334
    },
    "0.5": {
      "conditions": 30,
      "gate_fire_rate": 1.0,
      "guarantee_broken_rate": 0.0,
      "ungated_fdp": 0.016666666666666666,
      "ungated_false_alarms_per_1000": 0.0016666666666666668,
      "gated_false_alarms_per_1000": 2.2941666666666674
    },
    "0.75": {
      "conditions": 30,
      "gate_fire_rate": 1.0,
      "guarantee_broken_rate": 0.0,
      "ungated_fdp": 0.03333333333333333,
      "ungated_false_alarms_per_1000": 0.0033333333333333335,
      "gated_false_alarms_per_1000": 2.2691666666666666
    },
    "1.0": {
      "conditions": 30,
      "gate_fire_rate": 1.0,
      "guarantee_broken_rate": 0.3333333333333333,
      "ungated_fdp": 0.06666666666666667,
      "ungated_false_alarms_per_1000": 0.006666666666666667,
      "gated_false_alarms_per_1000": 2.2908333333333335
    }
  }
}
