{
  "dataset": "cicids2017",
  "elapsed_seconds": 1153.040308399999,
  "methods": {
    "closr": {
      "aupr_out": 0.7524049413980207,
      "closed_reference_macro_f1": 0.8683569746523907,
      "delta_f1": -0.04619188040266653,
      "far": 0.00763807285546416,
      "fpr95": 0.35229142185663925,
      "frr": 0.91736,
      "known_accuracy": 0.9558166862514689,
      "known_macro_f1": 0.8221650942497242,
      "known_weighted_f1": 0.9548783474558504,
      "open_world_macro_f1": 0.6425668991118555,
      "oscr": 0.7431001092831964,
      "tpr_at_0_1_fpr": 0.00104,
      "tpr_at_1_fpr": 0.08688,
      "tpr_at_5_fpr": 0.13272,
      "unknown_auroc": 0.7522974371327851,
      "unknown_f1": 0.1519341079570525,
      "unknown_precision": 0.9408014571948998,
      "unknown_recall": 0.08264
    },
    "docpp": {
      "adapter_provenance": "source_derived_v7_adapter",
      "adapter_source_algorithm": "DOC++ one-vs-rest sigmoid with known-only synthetic exposure",
      "aupr_out": 0.9798026181010094,
      "closed_reference_macro_f1": 0.8683569746523907,
      "delta_f1": 0.006140889899932556,
      "far": 0.009048178613396005,
      "fpr95": 0.11321974148061105,
      "frr": 0.43592,
      "known_accuracy": 0.9797884841363103,
      "known_macro_f1": 0.8744978645523233,
      "known_weighted_f1": 0.9781859272054,
      "open_world_macro_f1": 0.7895903324610858,
      "oscr": 0.9561711997649822,
      "tpr_at_0_1_fpr": 0.3248,
      "tpr_at_1_fpr": 0.57168,
      "tpr_at_5_fpr": 0.83056,
      "unknown_auroc": 0.9726112467685075,
      "unknown_f1": 0.7184634196046464,
      "unknown_precision": 0.9891975308641975,
      "unknown_recall": 0.56408
    },
    "efc": {
      "aupr_out": 0.7707265990610067,
      "closed_reference_macro_f1": 0.8683569746523907,
      "delta_f1": -0.23280120577929375,
      "far": 0.008930669800235018,
      "fpr95": 0.6106933019976498,
      "frr": 1.0,
      "known_accuracy": 0.7579905992949472,
      "known_macro_f1": 0.635555768873097,
      "known_weighted_f1": 0.740196045539679,
      "open_world_macro_f1": 0.4540645903097555,
      "oscr": 0.6810367638072856,
      "tpr_at_0_1_fpr": 0.0,
      "tpr_at_1_fpr": 0.0,
      "tpr_at_5_fpr": 0.0002,
      "unknown_auroc": 0.7958992432432432,
      "unknown_f1": 0.0,
      "unknown_precision": 0.0,
      "unknown_recall": 0.0
    },
    "hedl": {
      "aupr_out": 0.9893086872494,
      "closed_reference_macro_f1": 0.8683569746523907,
      "delta_f1": 0.005894896798858906,
      "far": 0.009048178613396005,
      "fpr95": 0.04312573443008225,
      "frr": 0.36748,
      "known_accuracy": 0.9782021151586369,
      "known_macro_f1": 0.8742518714512496,
      "known_weighted_f1": 0.9765232628358147,
      "open_world_macro_f1": 0.7925643235002092,
      "oscr": 0.9674192914218567,
      "scorer_density_reference_size": 32768.0,
      "scorer_fusion_weight_knn": 1.003735489956815,
      "scorer_fusion_weight_md": 1.048785186090586,
      "scorer_fusion_weight_rmd": 0.9474793239525989,
      "scorer_neighbors": 1.0,
      "scorer_proxy_auroc_knn": 0.8642297148704529,
      "scorer_proxy_auroc_md": 0.8805770874023436,
      "scorer_proxy_auroc_rmd": 0.843815803527832,
      "scorer_proxy_density_auroc": 0.8642297148704529,
      "scorer_proxy_evidential_auroc": 0.8805770874023436,
      "scorer_score_mode": "conformal_fisher_md_rmd_knn",
      "tpr_at_0_1_fpr": 0.31028,
      "tpr_at_1_fpr": 0.6524,
      "tpr_at_5_fpr": 0.957,
      "unknown_auroc": 0.9883263231492361,
      "unknown_f1": 0.7719872092171748,
      "unknown_precision": 0.9903551074090311,
      "unknown_recall": 0.63252
    },
    "ori": {
      "adapter_provenance": "paper_reimplementation",
      "adapter_source_algorithm": "open recognition plus local-density inspection",
      "aupr_out": 0.9854480714803451,
      "closed_reference_macro_f1": 0.8683569746523907,
      "delta_f1": 0.02459422554433688,
      "far": 0.009811985898942421,
      "fpr95": 0.1589894242068155,
      "frr": 0.2464,
      "known_accuracy": 0.9810223266745006,
      "known_macro_f1": 0.8929512001967276,
      "known_weighted_f1": 0.9812684721439026,
      "open_world_macro_f1": 0.8233362305541124,
      "oscr": 0.9623786263219741,
      "tpr_at_0_1_fpr": 0.25772,
      "tpr_at_1_fpr": 0.75364,
      "tpr_at_5_fpr": 0.8792,
      "unknown_auroc": 0.9801560740305523,
      "unknown_f1": 0.8562274183652601,
      "unknown_precision": 0.9912137633503446,
      "unknown_recall": 0.7536
    },
    "renoir_dml": {
      "aupr_out": 0.9510521270434793,
      "closed_reference_macro_f1": 0.8683569746523907,
      "delta_f1": -0.10664359505063348,
      "far": 0.0099882491186839,
      "fpr95": 0.20023501762632198,
      "frr": 0.77408,
      "known_accuracy": 0.9166274970622796,
      "known_macro_f1": 0.7617133796017572,
      "known_weighted_f1": 0.9196155224666537,
      "open_world_macro_f1": 0.6260648901331503,
      "oscr": 0.8773674923619271,
      "tpr_at_0_1_fpr": 0.00864,
      "tpr_at_1_fpr": 0.22652,
      "tpr_at_5_fpr": 0.69888,
      "unknown_auroc": 0.9503768378378378,
      "unknown_f1": 0.3665390356285288,
      "unknown_precision": 0.9707803368855277,
      "unknown_recall": 0.22592
    }
  },
  "protocol": "loao",
  "rq": "rq1",
  "scenario": "Z1",
  "seed": 13
}
{
  "dataset": "cicids2017",
  "elapsed_seconds": 223.74382310000146,
  "methods": {
    "hedl": {
      "aupr_out": 0.9890740276029083,
      "closed_reference_macro_f1": 0.8683569746523907,
      "delta_f1": 0.005642735389687292,
      "far": 0.009518213866039953,
      "fpr95": 0.047708578143360755,
      "frr": 0.35852,
      "known_accuracy": 0.9777908343125734,
      "known_macro_f1": 0.873999710042078,
      "known_weighted_f1": 0.9761080355808772,
      "open_world_macro_f1": 0.8068222751632742,
      "oscr": 0.9678889518213867,
      "scorer_density_reference_size": 65536.0,
      "scorer_fusion_weight_knn": 1.001215619969325,
      "scorer_fusion_weight_md": 1.0389924801681982,
      "scorer_fusion_weight_rmd": 0.9597918998624766,
      "scorer_neighbors": 1.0,
      "scorer_proxy_auroc_knn": 0.8673514604568481,
      "scorer_proxy_auroc_md": 0.8812119960784912,
      "scorer_proxy_auroc_rmd": 0.8521528720855713,
      "scorer_proxy_density_auroc": 0.8673514604568481,
      "scorer_proxy_evidential_auroc": 0.8812119960784912,
      "scorer_score_mode": "conformal_fisher_md_rmd_knn",
      "tpr_at_0_1_fpr": 0.15308,
      "tpr_at_1_fpr": 0.64344,
      "tpr_at_5_fpr": 0.9634,
      "unknown_auroc": 0.9888322655699178,
      "unknown_f1": 0.7785140416029516,
      "unknown_precision": 0.9899993826779431,
      "unknown_recall": 0.64148
    }
  },
  "protocol": "loao",
  "rq": "rq1",
  "scenario": "Z1",
  "seed": 13
}
{
  "dataset": "cicids2017",
  "elapsed_seconds": 384.05742109999846,
  "methods": {
    "hedl": {
      "aupr_out": 0.990222394605468,
      "closed_reference_macro_f1": 0.8683569746523907,
      "delta_f1": 0.005642735389687292,
      "far": 0.00945945945945946,
      "fpr95": 0.04524089306698002,
      "frr": 0.28596,
      "known_accuracy": 0.9777908343125734,
      "known_macro_f1": 0.873999710042078,
      "known_weighted_f1": 0.9761080355808772,
      "open_world_macro_f1": 0.8175447345131291,
      "oscr": 0.9690846862514687,
      "scorer_density_reference_size": 65536.0,
      "scorer_fusion_weight_knn": 1.001215619969325,
      "scorer_fusion_weight_md": 1.0389924801681982,
      "scorer_fusion_weight_rmd": 0.9597918998624766,
      "scorer_neighbors": 1.0,
      "scorer_proxy_auroc_knn": 0.8673514604568481,
      "scorer_proxy_auroc_md": 0.8812119960784912,
      "scorer_proxy_auroc_rmd": 0.8521528720855713,
      "scorer_proxy_density_auroc": 0.8673514604568481,
      "scorer_proxy_evidential_auroc": 0.8812119960784912,
      "scorer_score_mode": "conformal_fisher_md_rmd_knn",
      "tpr_at_0_1_fpr": 0.13304,
      "tpr_at_1_fpr": 0.71572,
      "tpr_at_5_fpr": 0.95572,
      "unknown_auroc": 0.9901426239717979,
      "unknown_f1": 0.8300474286245699,
      "unknown_precision": 0.9910615145458583,
      "unknown_recall": 0.71404
    }
  },
  "protocol": "loao",
  "rq": "rq1",
  "scenario": "Z1",
  "seed": 13
}
