{
  "curvature": 0.5,
  "dataset": "cicids2017",
  "elapsed_seconds": 228.64257660000294,
  "methods": {
    "hedl": {
      "aupr_out": 0.9945570526786216,
      "closed_reference_macro_f1": 0.8683569746523907,
      "delta_f1": 0.02725720462086212,
      "far": 0.008578143360752057,
      "fpr95": 0.011927144535840189,
      "frr": 0.0712,
      "known_accuracy": 0.9916568742655699,
      "known_macro_f1": 0.8956141792732528,
      "known_weighted_f1": 0.9899229502313486,
      "open_world_macro_f1": 0.8783936561209278,
      "oscr": 0.9857013243243244,
      "scorer_density_reference_size": 65536.0,
      "scorer_fusion_weight_knn": 1.000376349818913,
      "scorer_fusion_weight_md": 1.0089519103630376,
      "scorer_fusion_weight_rmd": 0.9906717398180493,
      "scorer_neighbors": 1.0,
      "scorer_proxy_auroc_knn": 0.8983273386955261,
      "scorer_proxy_auroc_md": 0.9017419338226318,
      "scorer_proxy_auroc_rmd": 0.8944631814956665,
      "scorer_proxy_density_auroc": 0.8983273386955261,
      "scorer_proxy_evidential_auroc": 0.9017419338226318,
      "scorer_score_mode": "conformal_fisher_md_rmd_knn",
      "threshold_accepted_fraction": 0.4439314612089481,
      "threshold_mode": "calibrated",
      "threshold_value": 12.20852391242986,
      "tpr_at_0_1_fpr": 0.43852,
      "tpr_at_1_fpr": 0.936,
      "tpr_at_5_fpr": 0.97356,
      "unknown_auroc": 0.9935763760282021,
      "unknown_f1": 0.9601786378861183,
      "unknown_precision": 0.9937516048960028,
      "unknown_recall": 0.9288
    }
  },
  "profile": "balanced",
  "protocol": "loao",
  "rq": "rq1",
  "scenario": "Z1",
  "scorer_components": [
    "md",
    "rmd",
    "knn"
  ],
  "seed": 13
}
{
  "curvature": 0.0,
  "dataset": "cicids2017",
  "elapsed_seconds": 164.68197649999638,
  "methods": {
    "hedl": {
      "aupr_out": 0.9962023107310769,
      "closed_reference_macro_f1": 0.8683569746523907,
      "delta_f1": 0.028412765940649454,
      "far": 0.008930669800235018,
      "fpr95": 0.01163337250293772,
      "frr": 0.05572,
      "known_accuracy": 0.9921269095182139,
      "known_macro_f1": 0.8967697405930402,
      "known_weighted_f1": 0.9903858101347968,
      "open_world_macro_f1": 0.8871406279710504,
      "oscr": 0.9879033960047003,
      "scorer_density_reference_size": 65536.0,
      "scorer_fusion_weight_knn": 0.9966334131592319,
      "scorer_fusion_weight_md": 1.0040082532252435,
      "scorer_fusion_weight_rmd": 0.9993583336155246,
      "scorer_neighbors": 1.0,
      "scorer_proxy_auroc_knn": 0.8938871383666991,
      "scorer_proxy_auroc_md": 0.8968018054962159,
      "scorer_proxy_auroc_rmd": 0.8949640750885011,
      "scorer_proxy_density_auroc": 0.8938871383666991,
      "scorer_proxy_evidential_auroc": 0.8968018054962159,
      "scorer_score_mode": "conformal_fisher_md_rmd_knn",
      "threshold_accepted_fraction": 0.434578772013327,
      "threshold_mode": "calibrated",
      "threshold_value": 12.096679515838641,
      "tpr_at_0_1_fpr": 0.5124,
      "tpr_at_1_fpr": 0.94676,
      "tpr_at_5_fpr": 0.97524,
      "unknown_auroc": 0.9954805851938896,
      "unknown_f1": 0.9683135421153017,
      "unknown_precision": 0.9936024243444589,
      "unknown_recall": 0.94428
    }
  },
  "profile": "balanced",
  "protocol": "loao",
  "rq": "rq1",
  "scenario": "Z1",
  "scorer_components": [
    "md",
    "rmd",
    "knn"
  ],
  "seed": 13
}
{
  "curvature": 0.5,
  "dataset": "cicids2017",
  "elapsed_seconds": 212.96136139999726,
  "methods": {
    "hedl": {
      "aupr_out": 0.9964360467871631,
      "closed_reference_macro_f1": 0.8657464347861269,
      "delta_f1": 0.03015066201089689,
      "far": 0.00945945945945946,
      "fpr95": 0.008108108108108109,
      "frr": 0.04836,
      "known_accuracy": 0.9916568742655699,
      "known_macro_f1": 0.8958970967970238,
      "known_weighted_f1": 0.9899038965061617,
      "open_world_macro_f1": 0.8865757595745133,
      "oscr": 0.9879283349001176,
      "scorer_density_reference_size": 65536.0,
      "scorer_fusion_weight_knn": 0.9999315409360493,
      "scorer_fusion_weight_md": 1.010417174200082,
      "scorer_fusion_weight_rmd": 0.9896512848638687,
      "scorer_neighbors": 1.0,
      "scorer_proxy_auroc_knn": 0.8964138865470885,
      "scorer_proxy_auroc_md": 0.9005708217620849,
      "scorer_proxy_auroc_rmd": 0.8923383712768556,
      "scorer_proxy_density_auroc": 0.8964138865470885,
      "scorer_proxy_evidential_auroc": 0.9005708217620849,
      "scorer_score_mode": "conformal_fisher_md_rmd_knn",
      "threshold_accepted_fraction": 0.4299857210851975,
      "threshold_mode": "calibrated",
      "threshold_value": 11.976903057098399,
      "tpr_at_0_1_fpr": 0.6376,
      "tpr_at_1_fpr": 0.95236,
      "tpr_at_5_fpr": 0.9756,
      "unknown_auroc": 0.9959174629847238,
      "unknown_f1": 0.9720134008824971,
      "unknown_precision": 0.9932782231128925,
      "unknown_recall": 0.95164
    }
  },
  "profile": "balanced",
  "protocol": "loao",
  "rq": "rq1",
  "scenario": "Z1",
  "scorer_components": [
    "md",
    "rmd",
    "knn"
  ],
  "seed": 37
}
{
  "curvature": 0.0,
  "dataset": "cicids2017",
  "elapsed_seconds": 166.30274140000984,
  "methods": {
    "hedl": {
      "aupr_out": 0.995966372461415,
      "closed_reference_macro_f1": 0.8657464347861269,
      "delta_f1": 0.0304438004167511,
      "far": 0.009165687426556992,
      "fpr95": 0.010693301997649824,
      "frr": 0.05516,
      "known_accuracy": 0.9919506462984724,
      "known_macro_f1": 0.896190235202878,
      "known_weighted_f1": 0.9902349728883423,
      "open_world_macro_f1": 0.8839915481556674,
      "oscr": 0.9879042585193889,
      "scorer_density_reference_size": 65536.0,
      "scorer_fusion_weight_knn": 1.0052353953232849,
      "scorer_fusion_weight_md": 1.0077123071323577,
      "scorer_fusion_weight_rmd": 0.9870522975443573,
      "scorer_neighbors": 1.0,
      "scorer_proxy_auroc_knn": 0.8971866250038146,
      "scorer_proxy_auroc_md": 0.8981652975082397,
      "scorer_proxy_auroc_rmd": 0.890002155303955,
      "scorer_proxy_density_auroc": 0.8971866250038146,
      "scorer_proxy_evidential_auroc": 0.8981652975082397,
      "scorer_score_mode": "conformal_fisher_md_rmd_knn",
      "threshold_accepted_fraction": 0.43415040456925275,
      "threshold_mode": "calibrated",
      "threshold_value": 12.030698394775408,
      "tpr_at_0_1_fpr": 0.55168,
      "tpr_at_1_fpr": 0.94848,
      "tpr_at_5_fpr": 0.97488,
      "unknown_auroc": 0.9955584300822562,
      "unknown_f1": 0.9685302499128687,
      "unknown_precision": 0.9934390377255331,
      "unknown_recall": 0.94484
    }
  },
  "profile": "balanced",
  "protocol": "loao",
  "rq": "rq1",
  "scenario": "Z1",
  "scorer_components": [
    "md",
    "rmd",
    "knn"
  ],
  "seed": 37
}
{
  "curvature": 0.5,
  "dataset": "cicids2017",
  "elapsed_seconds": 220.35614489999716,
  "methods": {
    "hedl": {
      "aupr_out": 0.9963722639776813,
      "closed_reference_macro_f1": 0.8703444015599614,
      "delta_f1": 0.026173473260122426,
      "far": 0.009753231492361927,
      "fpr95": 0.009753231492361927,
      "frr": 0.05016,
      "known_accuracy": 0.9919506462984724,
      "known_macro_f1": 0.8965178748200838,
      "known_weighted_f1": 0.9902277097395622,
      "open_world_macro_f1": 0.8858313343980071,
      "oscr": 0.9882201903642773,
      "scorer_density_reference_size": 65536.0,
      "scorer_fusion_weight_knn": 1.00386658549697,
      "scorer_fusion_weight_md": 1.001388626659499,
      "scorer_fusion_weight_rmd": 0.9947447878435312,
      "scorer_neighbors": 1.0,
      "scorer_proxy_auroc_knn": 0.8983616471290587,
      "scorer_proxy_auroc_md": 0.8973783254623412,
      "scorer_proxy_auroc_rmd": 0.8947418689727783,
      "scorer_proxy_density_auroc": 0.8983616471290587,
      "scorer_proxy_evidential_auroc": 0.8973783254623412,
      "scorer_score_mode": "conformal_fisher_md_rmd_knn",
      "threshold_accepted_fraction": 0.43093764873869583,
      "threshold_mode": "calibrated",
      "threshold_value": 12.01833105087281,
      "tpr_at_0_1_fpr": 0.571,
      "tpr_at_1_fpr": 0.95148,
      "tpr_at_5_fpr": 0.97528,
      "unknown_auroc": 0.9959482138660399,
      "unknown_f1": 0.9709682695453059,
      "unknown_precision": 0.9930578788892607,
      "unknown_recall": 0.94984
    }
  },
  "profile": "balanced",
  "protocol": "loao",
  "rq": "rq1",
  "scenario": "Z1",
  "scorer_components": [
    "md",
    "rmd",
    "knn"
  ],
  "seed": 73
}
{
  "curvature": 0.0,
  "dataset": "cicids2017",
  "elapsed_seconds": 169.03055070000119,
  "methods": {
    "hedl": {
      "aupr_out": 0.9966541734288238,
      "closed_reference_macro_f1": 0.8703444015599614,
      "delta_f1": 0.025658574053380456,
      "far": 0.008225616921269096,
      "fpr95": 0.013219741480611046,
      "frr": 0.05164,
      "known_accuracy": 0.9918331374853114,
      "known_macro_f1": 0.8960029756133419,
      "known_weighted_f1": 0.9901266726881246,
      "open_world_macro_f1": 0.8861025504702719,
      "oscr": 0.9873291962397179,
      "scorer_density_reference_size": 65536.0,
      "scorer_fusion_weight_knn": 1.0018539719080821,
      "scorer_fusion_weight_md": 1.0062215741034437,
      "scorer_fusion_weight_rmd": 0.9919244539884741,
      "scorer_neighbors": 1.0,
      "scorer_proxy_auroc_knn": 0.8964665055274964,
      "scorer_proxy_auroc_md": 0.8981949090957642,
      "scorer_proxy_auroc_rmd": 0.8925370693206788,
      "scorer_proxy_density_auroc": 0.8964665055274964,
      "scorer_proxy_evidential_auroc": 0.8981949090957642,
      "scorer_score_mode": "conformal_fisher_md_rmd_knn",
      "threshold_accepted_fraction": 0.43243693479295575,
      "threshold_mode": "calibrated",
      "threshold_value": 12.159331111907962,
      "tpr_at_0_1_fpr": 0.72992,
      "tpr_at_1_fpr": 0.94908,
      "tpr_at_5_fpr": 0.97088,
      "unknown_auroc": 0.9951954594594594,
      "unknown_f1": 0.97070564392311,
      "unknown_precision": 0.9941297329028471,
      "unknown_recall": 0.94836
    }
  },
  "profile": "balanced",
  "protocol": "loao",
  "rq": "rq1",
  "scenario": "Z1",
  "scorer_components": [
    "md",
    "rmd",
    "knn"
  ],
  "seed": 73
}
